    Checking typenum v1.20.1
    Checking memchr v2.8.3
    Checking cpufeatures v0.2.17
    Checking serde_core v1.0.229
    Checking cfg-if v1.0.5
    Checking zmij v1.0.23
    Checking itoa v1.0.18
    Checking quick-xml v0.38.4
    Checking generic-array v0.14.7
    Checking block-buffer v0.10.4
    Checking crypto-common v0.1.7
    Checking digest v0.10.7
    Checking sha2 v0.10.9
    Checking serde v1.0.229
    Checking serde_json v1.0.151
    Checking wonderland-legacy-formats v0.1.0 (/workspace/scratch/378e4c36af7b/wonderland/crates/legacy-formats)
    Checking wonderland-content-ir v0.1.0 (/workspace/scratch/378e4c36af7b/wonderland/crates/content-ir)
    Checking wonderland-creator v0.1.0 (/workspace/scratch/378e4c36af7b/wonderland/tools/creator)
    Checking wonderland-asset-cooker v0.1.0 (/workspace/scratch/378e4c36af7b/wonderland/tools/asset-cooker)
    Finished `dev` profile [unoptimized] target(s) in 14.81s
