   Compiling wonderland-legacy-formats v0.1.0 (/workspace/scratch/378e4c36af7b/wonderland/crates/legacy-formats)
    Finished `test` profile [unoptimized] target(s) in 0.54s
     Running tests/source_avatar_corpus.rs (/workspace/scratch/378e4c36af7b/formats-remaining-target/debug/deps/source_avatar_corpus-4691a5b30dc8d5b4)

running 1 test
asset	TSOClient/FSO.Content.TSO/Content/Avatar/Animations/a20-trapfall.df92922400000007.anim	8c6befd98ec4d84a20c0d224946cf7c8746cfa487f07220564ff1e1ea64e87bf	189639	exact
asset	TSOClient/FSO.Content.TSO/Content/Avatar/Animations/a2o-broom-fly-leftside.c3bde7b200000007.anim	9e7c90be14863ac8022283ac1fc65daec02161254f4fe01176e048d9b349141c	421957	exact
asset	TSOClient/FSO.Content.TSO/Content/Avatar/Animations/a2o-broom-fly-rightside.8df0548d00000007.anim	0182f46cac39162d8edaf82b28805e2ea62edbf75fd0edb0ef4a1daaac17042e	421958	exact
asset	TSOClient/FSO.Content.TSO/Content/Avatar/Animations/a2o-custom-crypt-thrown-out.bccf384500000007.anim	754a0f4f19db8e8baae43406bcc08f0bacd300bf18e7d8ac578332bb852964cb	113912	exact
asset	TSOClient/FSO.Content.TSO/Content/Avatar/Animations/a2o-diefalldan.cdfc292500000007.anim	116733afdce6a6d8a9bfc1568d15df93235faa485bdfc355116d173c26dbb776	59150	exact
asset	TSOClient/FSO.Content.TSO/Content/Avatar/Animations/a2o-fso-outsideshower-button.e55e79fe00000007.anim	12886b986043d7251eb46333ba962923f2d4fc47555f5d0ae39e69664d1a1b3a	23109	exact
asset	TSOClient/FSO.Content.TSO/Content/Avatar/Animations/a2o-fso-outsideshower-getin.2574dde000000007.anim	1e9490806bdd4c32117d36cc70e0b76794d0ea2689665e3153be21a4a5341a44	66144	exact
asset	TSOClient/FSO.Content.TSO/Content/Avatar/Animations/a2o-fso-outsideshower-getout.32e4ee9f00000007.anim	021a6a2fb4b3fccf31b3f06572617ff3d130e43605e71a1a87d0471c2fd0caad	66957	exact
asset	TSOClient/FSO.Content.TSO/Content/Avatar/Animations/a2o-fso-outsideshower-scrub.60143c1700000007.anim	0f2c6f224efb432798a196ca2d0ce807ced920597aa66392abef6279b59b075b	103630	exact
asset	TSOClient/FSO.Content.TSO/Content/Avatar/Animations/a2o-kart-go-out.b1df3f4100000007.anim	21623d75d8bd3901c78aa31f186f3a343e0d1cd76c8a7e67487a816a40e4c824	298915	exact
asset	TSOClient/FSO.Content.TSO/Content/Avatar/Animations/a2o-kart-ride.985c76ca00000007.anim	8fb99fab010c3833e96806394255de8f6732bad57103c0ada964be195a279432	2098	exact
asset	TSOClient/FSO.Content.TSO/Content/Avatar/Animations/a2o-lever-pull-complete-failure.d488b3e500000007.anim	6b35cf32f74332cd1758079b44742ffbde9f56d9078d908f74e9ce578485a489	297712	exact
asset	TSOClient/FSO.Content.TSO/Content/Avatar/Animations/a2o-lever-pull-complete-success.63dd33a000000007.anim	2db329409876348d59dd2bbc4b80955b607be737bb53c4fc8f8a0e1e8fa671e4	254620	exact
asset	TSOClient/FSO.Content.TSO/Content/Avatar/Animations/a2o-lever-pull-complete.db9ea02800000007.anim	ebde2e06d776ae593117286ee7395554e6d1e6adf126e2f301ff2589ea97deb3	21818	exact
asset	TSOClient/FSO.Content.TSO/Content/Avatar/Animations/a2o-lever-pull-start.7bf8038300000007.anim	fe5d29896180d2b80e4d8032d48613c58f75b834c8116a31b8000e61c0e78219	129707	exact
asset	TSOClient/FSO.Content.TSO/Content/Avatar/Animations/a2o-lever-pull-stuck-loop.1f78a1b000000007.anim	8a1770fd1a2bec6a4316d9182ed4953d1d649d9fd9a932690b604557b56cd3b0	132196	exact
asset	TSOClient/FSO.Content.TSO/Content/Avatar/Animations/a2o-skeledeco-afk.1b35135400000007.anim	646ca4f1e6742f30165eee6534e8b30387d714f03a8b25997165fce1bb2cbe70	2914	exact
asset	TSOClient/FSO.Content.TSO/Content/Avatar/Animations/a2o-skeledeco-chad.e1a1594900000007.anim	e6d53b3de97b0f553ef9d215ee98442804e6e37da2ece8e62cc35bb3075016ea	2915	exact
asset	TSOClient/FSO.Content.TSO/Content/Avatar/Animations/a2o-skeledeco-dab.edd6059200000007.anim	40367d25e2d70d256b6a11bfe373b2ea613727fb5270efefd5c2b3a1dee37aa5	2914	exact
asset	TSOClient/FSO.Content.TSO/Content/Avatar/Animations/a2o-skeledeco-handstand.36f291b200000007.anim	b14244872bd27edb0926e4a37568df45864fb981b07eede65f4334feab14412d	2920	exact
asset	TSOClient/FSO.Content.TSO/Content/Avatar/Animations/a2o-skeledeco-idle-to-afk.5406c7b600000007.anim	9ee59cfb366a831c6d49cbbee27f79d12a22e7c5baed1d5ad2fbab248f52b52d	18350	exact
asset	TSOClient/FSO.Content.TSO/Content/Avatar/Animations/a2o-skeledeco-idle-to-chad.74a2697000000007.anim	c1ab48f62fa1a0c8f30bde46cb05971b36bd6b25be7c4472f9c79003e011ea1b	18351	exact
asset	TSOClient/FSO.Content.TSO/Content/Avatar/Animations/a2o-skeledeco-idle-to-dab.81932a4a00000007.anim	8ef69e12c9f4068918033b46bcff976d8c8727392bb359048662bb0a75228a0e	18350	exact
asset	TSOClient/FSO.Content.TSO/Content/Avatar/Animations/a2o-skeledeco-idle-to-handstand.fb4f01e700000007.anim	18f30c0fb93f5b12a0a4a07bb5a6c3de2cd2626f3ac2e1f01132745b6a1f290e	18356	exact
asset	TSOClient/FSO.Content.TSO/Content/Avatar/Animations/a2o-skeledeco-idle-to-relax.8fb3db9d00000007.anim	f043bb7e8f8d76e328673bdfbee9cb5b9655d5a7c4c7153285e723190fa3da48	18352	exact
asset	TSOClient/FSO.Content.TSO/Content/Avatar/Animations/a2o-skeledeco-idle-to-thinking.34dc97bd00000007.anim	54d819f3685540db762a52b6cfa72f6ed707c6ed15d0fdf55e0b75f6f9061b6e	18355	exact
asset	TSOClient/FSO.Content.TSO/Content/Avatar/Animations/a2o-skeledeco-idle-to-tpose.fd7efa4800000007.anim	b895914188f364abfef2e6500723a8c11471898db9a318bfe77fd1981da1a887	18352	exact
asset	TSOClient/FSO.Content.TSO/Content/Avatar/Animations/a2o-skeledeco-idle.0557534f00000007.anim	5c034db1e957baad8687a2031ee2e934714107b3444d206e72257f3411727c10	2915	exact
asset	TSOClient/FSO.Content.TSO/Content/Avatar/Animations/a2o-skeledeco-relax.f37a878c00000007.anim	b596702ca3b18c19cb8704a98f861dee252a4f521a1cdf59cb8f3e564a286e6a	3612	exact
asset	TSOClient/FSO.Content.TSO/Content/Avatar/Animations/a2o-skeledeco-scare-to-afk.6f52ca8d00000007.anim	9ace01f350f72ffb34eb5adba4e7b7109c1c1f6fa2581becb7af55becf9715f8	10231	exact
asset	TSOClient/FSO.Content.TSO/Content/Avatar/Animations/a2o-skeledeco-scare-to-chad.968c73a900000007.anim	cae444157c67eed315945bbbf0444327f8e64f973d6b10dc826e7980c67236aa	7796	exact
asset	TSOClient/FSO.Content.TSO/Content/Avatar/Animations/a2o-skeledeco-scare-to-dab.ff8fe74300000007.anim	62c14c16f153d06f468616cbf7236035b40ab96bba4878fe067328c5ff3fa409	6171	exact
asset	TSOClient/FSO.Content.TSO/Content/Avatar/Animations/a2o-skeledeco-scare-to-handstand.cd55e91d00000007.anim	da5e67c9712be4275492aef1dbcfb6b04e7aa3d139f96b475da07ac597502407	8613	exact
asset	TSOClient/FSO.Content.TSO/Content/Avatar/Animations/a2o-skeledeco-scare-to-idle.9ff6db5c00000007.anim	76ffefaa4092c50d7bf4f1a9529d86c03605aae5f2bcd720422be69de366fe70	6172	exact
asset	TSOClient/FSO.Content.TSO/Content/Avatar/Animations/a2o-skeledeco-scare-to-relax.f5f80b8c00000007.anim	dc43d2c381c40541350dccd7483ae476d456681381d98a2a18feb7eddd82bb67	8609	exact
asset	TSOClient/FSO.Content.TSO/Content/Avatar/Animations/a2o-skeledeco-scare-to-thinking.e5e862da00000007.anim	0fa5bddc7ec3984320c090d3c47d5f99c02cac55077753cdcd8561e084cdc063	6988	exact
asset	TSOClient/FSO.Content.TSO/Content/Avatar/Animations/a2o-skeledeco-scare-to-tpose.084d4a5200000007.anim	2122e1c816f72b257461272f2265670d6494d81e4050e54e826a9b631309554a	6173	exact
asset	TSOClient/FSO.Content.TSO/Content/Avatar/Animations/a2o-skeledeco-scare.2a5d255e00000007.anim	f90b8f16ac163e64bd69cf3b0637cc56d7c5c8208d01270063ac3a42bda512de	198608	exact
asset	TSOClient/FSO.Content.TSO/Content/Avatar/Animations/a2o-skeledeco-thinking.58d720d400000007.anim	4f22c3f1ce849a23097cbd8a72383c1fae0d30ce456c2aa1529ae597b030e41a	4050	exact
asset	TSOClient/FSO.Content.TSO/Content/Avatar/Animations/a2o-skeledeco-tpose.1ea7604e00000007.anim	8b2ad5af7b8bdbe287606db9d5ed995141c8c7bb4a63726b1eea1e36a794cbac	2916	exact
asset	TSOClient/FSO.Content.TSO/Content/Avatar/Animations/a2o-slide-clumsy.58f59f8d00000007.anim	5e906cd52d16646e611ead2edd787c425d5d66e294ff44443499f2445910cc3c	217484	exact
asset	TSOClient/FSO.Content.TSO/Content/Avatar/Animations/a2o-slide-end.e15f7cd600000007.anim	f10974af348a87b3a322f05d16c8bdfbe485d2f0a87faa7382b359319124604e	49890	exact
asset	TSOClient/FSO.Content.TSO/Content/Avatar/Animations/a2o-slide-normal.98747e5800000007.anim	71bdb3be73c29b5bd7980d7bedbc5f745870f955f9fddc92c83653a701f9255f	176014	exact
asset	TSOClient/FSO.Content.TSO/Content/Avatar/Animations/a2o-sus-dead.7f214ec600000007.anim	98d87558ea17dfa603d593dc8ee51ff6e476847748436fd159d7e784d5d1e99c	1383	exact
asset	TSOClient/FSO.Content.TSO/Content/Avatar/Animations/a2o-trapfall-abrupt.4c4516ad00000007.anim	33c09622a95eba7ef3b412d11861d8d1265ba3a40b470bf12f87c16a177081c7	92878	exact
asset	TSOClient/FSO.Content.TSO/Content/Avatar/Animations/d2o-rc-turn180-cw.8a719ed900000007.anim	b890a9d16c588316fef264026dd961b95506b1a38927e19692db80020c84e7dd	47073	exact
asset	TSOClient/FSO.Content.TSO/Content/Avatar/Animations/d2o-rc-turn45-ccw.13ee221300000007.anim	fb7cb40eaf158751e732896d31d667c512c44f6ebec78abec6397af38a03733f	9777	exact
asset	TSOClient/FSO.Content.TSO/Content/Avatar/Animations/d2o-rc-turn45-cw.7c8b5a1e00000007.anim	358d6693cba6a602cf338ffbcc5506c8844b63f42179e415d35679357bb47f44	9776	exact
asset	TSOClient/FSO.Content.TSO/Content/Avatar/Animations/d2o-rc-turn90-ccw.2fa84fc700000007.anim	1077a8eb67baa36bd1de765bef89048d6a1d63b9555ee106721aaec58bd23715	19101	exact
asset	TSOClient/FSO.Content.TSO/Content/Avatar/Animations/d2o-rc-turn90-cw.92bfa0dd00000007.anim	66f2b691d2d19b5c98d34156afb17f0ccc996085464ffe6d061ca88a9d713e61	19100	exact
asset	TSOClient/FSO.Content.TSO/Content/Avatar/Appearances/FSO-Accessory-CapeBlack.97d3e3ee0000000c.apr	3bc7aa35843b638271b58bb364efca444ddd0abb6abe76cd80b6538d7559889a	24	exact
asset	TSOClient/FSO.Content.TSO/Content/Avatar/Appearances/FSO-Accessory-CapeWhite.f729fb880000000c.apr	45a57de66331660f3545f8b0f0de0f44cc32753fe417e1afd8574735c3709fee	24	exact
asset	TSOClient/FSO.Content.TSO/Content/Avatar/Appearances/FSO-Accessory-CulturalAppropriation.4a83880d0000000c.apr	2fe4e16e5034a7a1450f14a9f7e258739fefae4d66443f62cdc6d634dac81678	24	exact
asset	TSOClient/FSO.Content.TSO/Content/Avatar/Appearances/FSO-Accessory-DominoMask.3e7d62be0000000c.apr	fd1e9b5f4550d910a0f43c861b6b685790b8013ba5c9805864a997767e5f5488	24	exact
asset	TSOClient/FSO.Content.TSO/Content/Avatar/Appearances/FSO-Accessory-FairyWings.443cdf7e0000000c.apr	4ebb5eacb3cf7c90018160c058edf9fb79c996d58349351c565dbc3ce2b5a6fc	24	exact
asset	TSOClient/FSO.Content.TSO/Content/Avatar/Appearances/FSO-Accessory-MagicAmulet.134610db0000000c.apr	23dd5e6dc36918586bac3d15696cb2803758a02edb76af013887a8d29833d5de	24	exact
asset	TSOClient/FSO.Content.TSO/Content/Avatar/Appearances/FSO-Accessory-MagicPurse.481e6e450000000c.apr	6646ed07a5e90f480212a543371014c022074037c3d68d12be58f873e2e658b4	24	exact
asset	TSOClient/FSO.Content.TSO/Content/Avatar/Appearances/FSO-Accessory-PearlNecklace.231f005b0000000c.apr	d229b5bdaac475f00b6565f61b159aa0de271a9598e2f69c2b19ae73ff4d4def	24	exact
asset	TSOClient/FSO.Content.TSO/Content/Avatar/Appearances/FSO-Accessory-PlushRaven.9f503e0b0000000c.apr	842438a9795cde00a00cdfc25610c8e51c410d35be2e650d101c3a5d356eaefd	24	exact
asset	TSOClient/FSO.Content.TSO/Content/Avatar/Appearances/FSO-Accessory-PumpkinHands.2fdecfeb0000000c.apr	b26d57bc0e9c479b6c9c366ebe0a538aa5982b219fbecedbcd007e1844467ba3	24	exact
asset	TSOClient/FSO.Content.TSO/Content/Avatar/Appearances/FSO-Accessory-PumpkinHead.2c263cd30000000c.apr	d104083d4d736b060ae6c402d6934b060c99da6f413454a3e403f7035378cebf	24	exact
asset	TSOClient/FSO.Content.TSO/Content/Avatar/Appearances/FSO-Accessory-StarWand.235cbb320000000c.apr	e792a968feece148be5d86309340db3d673a454d4b11e1f2f6cadc6201eedce2	24	exact
asset	TSOClient/FSO.Content.TSO/Content/Avatar/Appearances/FSO-Accessory-SuperheroRed.35a6ba130000000c.apr	188032bb3f6164dddbe23e9c315930168def95d9c38c245249f68453bbfa638e	24	exact
asset	TSOClient/FSO.Content.TSO/Content/Avatar/Appearances/FSO-Accessory-SuperheroWhite.4a6a9caa0000000c.apr	494a3f2c23ba8238c5c99b86a2c2d5c84561cb1a3c4fb095af8320b83016681d	24	exact
asset	TSOClient/FSO.Content.TSO/Content/Avatar/Appearances/FSO-Accessory-TentacleHands.26bc5b1d0000000c.apr	f559cebfd29f895cc2a32d4119f60cf4638d70f37dda17178a2b8cc15ed2149e	24	exact
asset	TSOClient/FSO.Content.TSO/Content/Avatar/Appearances/FSO-Accessory-WizardHat.426b839d0000000c.apr	718c38dffa719c284cd787d46e44207ddcfb1c4f2cd8ce96d227531afe9b78c9	24	exact
asset	TSOClient/FSO.Content.TSO/Content/Avatar/Appearances/FSO-Broom-HandR.b2c4ac500000000c.apr	22231191ea0fcf9ddd20d7fc80596d5c33400093297c333d8c399c747214ab53	24	exact
asset	TSOClient/FSO.Content.TSO/Content/Avatar/Appearances/FSONPC-Grim-Cape-Alpha.ebe014f30000000c.apr	509283e4b676604846d692b0ecf595c53fa7af953141f14e733843a098b5c84f	24	exact
asset	TSOClient/FSO.Content.TSO/Content/Avatar/Appearances/FSONPC-Grim-Hood.492b131a0000000c.apr	17ee637176927b2b1444485c8c0930709399e77952de8f995d6120f54626cded	24	exact
asset	TSOClient/FSO.Content.TSO/Content/Avatar/Appearances/FSONPC-Grim-Pauldrons-Alpha.e9ef8dd40000000c.apr	573c52ac1653eb439c958cc8abfd5a3e1a200f95934141b128287577d4fe3c7f	24	exact
asset	TSOClient/FSO.Content.TSO/Content/Avatar/Appearances/FSO_Xmas_RC_Blue.fc94c7310000000c.apr	ffa42937fdf3c618f88a9be83d4232d25e263f3dcb319dfb2e06e0e55681f75f	24	exact
asset	TSOClient/FSO.Content.TSO/Content/Avatar/Appearances/FSO_Xmas_RC_Brown.ddea7f040000000c.apr	c21a82a5f10c853e362770c9334502d9e3d41c9b0dd07c95a1b5fd1b263fe742	24	exact
asset	TSOClient/FSO.Content.TSO/Content/Avatar/Appearances/FSO_Xmas_RC_Green.4bc611f50000000c.apr	adae2f7dc6f29a3688afb65b57a9edd071a8ff6ce3c64b79fb273a80e0aabbc8	24	exact
asset	TSOClient/FSO.Content.TSO/Content/Avatar/Appearances/FSO_Xmas_RC_GreenRed.9c81bade0000000c.apr	39393185e74168357f0d8aac1912384ace7a66a7b308649e4be6b543a91767b2	24	exact
asset	TSOClient/FSO.Content.TSO/Content/Avatar/Appearances/FSO_Xmas_RC_Orange.df251a1f0000000c.apr	917cd1960657440673cbfda6b2a26b6ed8e7aecd1a21c54a1c4f58fcb2a785a9	24	exact
asset	TSOClient/FSO.Content.TSO/Content/Avatar/Appearances/FSO_Xmas_RC_Purple.95caa5220000000c.apr	2999251b3c80d398c560930259480253571d0e54a29282ddcc6b9557c3a7b135	24	exact
asset	TSOClient/FSO.Content.TSO/Content/Avatar/Appearances/FSO_Xmas_RC_Red.c433bdd10000000c.apr	bd14f1d4994d346c901227d79c4cc821199fb0285b538a1fa05402eb47e7cf4b	24	exact
asset	TSOClient/FSO.Content.TSO/Content/Avatar/Appearances/FSO_Xmas_RC_RedGreen.372cc7ba0000000c.apr	a189d6479b6390b2ac6fcb4e2b053ec8930c97a92d36da58f889fc850396e363	24	exact
asset	TSOClient/FSO.Content.TSO/Content/Avatar/Appearances/FSO_Xmas_RC_Teal.79acd5200000000c.apr	24a21215bed222eccae655980d1ed33ed717811210eb7b9d880f116a34058e21	24	exact
asset	TSOClient/FSO.Content.TSO/Content/Avatar/Appearances/FSO_Xmas_RC_Yellow.b75ce8fe0000000c.apr	79e808fd6ebb09f50d4917dafcb02ff350fac2cb98e43b154e0a3ee7405a85e4	24	exact
asset	TSOClient/FSO.Content.TSO/Content/Avatar/Appearances/FSO_elf_ears_dark.403a64710000000c.apr	d12828fe612402b6351f291c8f78e5513d142857b39f4d4b90c5086d71aeb3ee	24	exact
asset	TSOClient/FSO.Content.TSO/Content/Avatar/Appearances/FSO_elf_ears_light.cfb695cd0000000c.apr	19ebf159d085640024b45ecb3ae1db401be32c580602d24a1d1de8545dc9e318	24	exact
asset	TSOClient/FSO.Content.TSO/Content/Avatar/Appearances/FSO_elf_ears_middle.343c85ea0000000c.apr	9460167149588244f050a495d1e1fb89d54f1acacce380c603fdba8493822b5a	24	exact
asset	TSOClient/FSO.Content.TSO/Content/Avatar/Appearances/User/pride-bowtie.a6a506880000000c.apr	d0241ab575ffbe0ad40743ffba7b414c953fccc3d9e5706a5b532844dce38ae0	24	exact
asset	TSOClient/FSO.Content.TSO/Content/Avatar/Appearances/User/pride-cape.c4fd138f0000000c.apr	8c861eb38958e8684ffc72e2586984bb86a3fb5fdd83b2c97abac39435d00e5c	24	exact
asset	TSOClient/FSO.Content.TSO/Content/Avatar/Appearances/User/pride-float.08b1d3e70000000c.apr	b402dac79eca476d297d42b5fd9455ff501f711c97eb5e99bfcf6ec65549b3fb	24	exact
asset	TSOClient/FSO.Content.TSO/Content/Avatar/Appearances/User/pride-hand-flag.61119ef60000000c.apr	cce598dcccb47c3629db718ba553677c9dd265a733b21ee3df8f649f0e92961f	24	exact
asset	TSOClient/FSO.Content.TSO/Content/Avatar/Appearances/User/pride-mask.c260d1f40000000c.apr	8d8655854e3f373559099344aaf2277550edccef3175af9f62f8946b86f3de31	24	exact
asset	TSOClient/FSO.Content.TSO/Content/Avatar/Appearances/User/pride-wristband.eea561e60000000c.apr	d2ef03a9aa837ce3aefbeaf79d5cbb3c72c2f2709090d4fca88c9f660fc22a72	24	exact
asset	TSOClient/FSO.Content.TSO/Content/Avatar/Appearances/au-blue-dead.509c49cf0000000c.apr	4c42174a993057b740d4f4703e3c2a071c77d30d21a462a1833fa1be502ade0b	24	exact
asset	TSOClient/FSO.Content.TSO/Content/Avatar/Appearances/au-blue.03905d6b0000000c.apr	39601c8b721e5314dff078c6cff116d8a795bd2811490be54d61536995a8338a	24	exact
asset	TSOClient/FSO.Content.TSO/Content/Avatar/Appearances/au-brown-dead.698616820000000c.apr	33ec3edb7049c6656b63801b9c461c501459a7e820490df483817deb1b8de62b	24	exact
asset	TSOClient/FSO.Content.TSO/Content/Avatar/Appearances/au-brown.01ccb0bf0000000c.apr	05783199e1f7a52c8ddb5714a21322838cb0718ccc0f9bda697000cbc9580410	24	exact
asset	TSOClient/FSO.Content.TSO/Content/Avatar/Appearances/au-cyan-dead.89ddbd2d0000000c.apr	bf6d9509d0dcf0501c2442b8e31c8a7b64f8f26d7467c30e30fe593d597fe49c	24	exact
asset	TSOClient/FSO.Content.TSO/Content/Avatar/Appearances/au-cyan.abd6e1370000000c.apr	78d5e44ea53a67e3b8cdfda4868ce517192a8aa7622127dea9101038e7abc3dd	24	exact
asset	TSOClient/FSO.Content.TSO/Content/Avatar/Appearances/au-gray-dead.2612196b0000000c.apr	05dbc9759405203c999e450f5e8c581a30a773c7e14ac8329fd2e35d1d7a7ccb	24	exact
asset	TSOClient/FSO.Content.TSO/Content/Avatar/Appearances/au-gray.49b2c1530000000c.apr	4343be7fa7818ed165d1136b0d95a5edf3601ad1e3fed6dc28e00f756eef1602	24	exact
asset	TSOClient/FSO.Content.TSO/Content/Avatar/Appearances/au-green-dead.06d2c7730000000c.apr	1b1ec6c14af8792a963b27805d0580e4ef48f0598741ad76fab0820bd5dc355e	24	exact
asset	TSOClient/FSO.Content.TSO/Content/Avatar/Appearances/au-green.d1f9d5bf0000000c.apr	88c3b68bed8d401e58de68ed577a54a5b88d708f0ffd648fecf64422bdc1af98	24	exact
asset	TSOClient/FSO.Content.TSO/Content/Avatar/Appearances/au-lime-dead.bfc62d590000000c.apr	24b6526930aa76cafed4b1fc528705f6278208bd4c361a947310f084e38db053	24	exact
asset	TSOClient/FSO.Content.TSO/Content/Avatar/Appearances/au-lime.d61986090000000c.apr	8bb9c3d61061fae24e12a2ddad9a76c3b37b7dde97445030c884b3d4fdd4fb00	24	exact
asset	TSOClient/FSO.Content.TSO/Content/Avatar/Appearances/au-orange-dead.90e9a22b0000000c.apr	e28fbc1d396f985f557ee24bfbb7b452a0d68cf26d394bdc1a463e271bae1993	24	exact
asset	TSOClient/FSO.Content.TSO/Content/Avatar/Appearances/au-orange.d19f03ea0000000c.apr	692c7949b29b146a9c97b6dd25a285bbfbc51f34be62e7a5b348d231b3b4ea8e	24	exact
asset	TSOClient/FSO.Content.TSO/Content/Avatar/Appearances/au-pink-dead.27a13d1b0000000c.apr	d62bed8fc8d8c50125a692a55ce3b5f38f006bba979451bf7152f2b90ed734a1	24	exact
asset	TSOClient/FSO.Content.TSO/Content/Avatar/Appearances/au-pink.994354ca0000000c.apr	0ffe94d38ed4a61c17c72e34e77c83358ab4d31379dfc751b904b0cfe14c964c	24	exact
asset	TSOClient/FSO.Content.TSO/Content/Avatar/Appearances/au-purple-dead.fb74d83b0000000c.apr	7afce2ec91d1ea2cfb3d7335a9bf2cdeb22212fa693199b4fd02b3f6b0d916f5	24	exact
asset	TSOClient/FSO.Content.TSO/Content/Avatar/Appearances/au-purple.2dd781e50000000c.apr	5630fb34812b48dabb6d5f4ec87a2a5fe08400b1db25eb0a014eeb2abc3b326f	24	exact
asset	TSOClient/FSO.Content.TSO/Content/Avatar/Appearances/au-red-dead.f3a10ddb0000000c.apr	7ad24097617cd243ac0137e89d255b5843a1d228d305fd441c4bf464d00def47	24	exact
asset	TSOClient/FSO.Content.TSO/Content/Avatar/Appearances/au-red.c41e02070000000c.apr	efcce947d7fad1459e02501e70c297916933106a992985cbb3fbd8c81bdc718b	24	exact
asset	TSOClient/FSO.Content.TSO/Content/Avatar/Appearances/au-white-dead.63e04fc30000000c.apr	b8f5f1248f18f0c45429cc64e843248bc15e2069ae3ef7ad3e70d8389d254826	24	exact
asset	TSOClient/FSO.Content.TSO/Content/Avatar/Appearances/au-white.23d2448a0000000c.apr	c7d5742b3a7cdb3953c8885f374c924189c8b5f43bacd7cfcda3e291fde25f6e	24	exact
asset	TSOClient/FSO.Content.TSO/Content/Avatar/Appearances/au-yellow-dead.82b6cb3d0000000c.apr	537e2bc8c3c946fe8e866bc849d58e6956f91dd9fd922fa6999782d1a092ddcb	24	exact
asset	TSOClient/FSO.Content.TSO/Content/Avatar/Appearances/au-yellow.88c86a380000000c.apr	4646b8ecf49ffbe6d7b1659b17eba14e75c67c6d25130fb53a843e8b45636dda	24	exact
asset	TSOClient/FSO.Content.TSO/Content/Avatar/Appearances/fso-cuff-flora.25d3a92b0000000c.apr	f76ce5a80e4c85c08ac56110163b63e6e0195cd451f4a78d86215b7a006b9cfb	24	exact
asset	TSOClient/FSO.Content.TSO/Content/Avatar/Appearances/fso-cuff-leaf.bb3b63290000000c.apr	df04b4de6cf6fa529414381a1ef74f89195de68138d7aed476dc332f804bf922	24	exact
asset	TSOClient/FSO.Content.TSO/Content/Avatar/Appearances/fso-hats-blue.b0bd2e760000000c.apr	da514f6aa4c641736273fa3401506d51348a1b3257e0760597841d5b1f984b59	24	exact
asset	TSOClient/FSO.Content.TSO/Content/Avatar/Appearances/fso-hats-green.336316d80000000c.apr	0c5302e5bfbaee167d02d8dca654d78d6b83984d5f2efaf76e9f75a043f66231	24	exact
asset	TSOClient/FSO.Content.TSO/Content/Avatar/Appearances/fso-hats-mushroom.787260880000000c.apr	abed6e630a6a6af8affa4bcfc3c8195217ee07339ce47397d8b40449ad700aa7	24	exact
asset	TSOClient/FSO.Content.TSO/Content/Avatar/Appearances/fso-hats-orange.ff205efa0000000c.apr	0d46875d7be0d5db8c93faf164bd220916408409219ad9d42aab9e5215577dff	24	exact
asset	TSOClient/FSO.Content.TSO/Content/Avatar/Appearances/fso-hats-pink.db000f240000000c.apr	3e83d5f061be84ef2a1901bd380b9951be5708df39f0dd94f6ac1807d751554c	24	exact
asset	TSOClient/FSO.Content.TSO/Content/Avatar/Appearances/fso-hats-purple.2b5961100000000c.apr	daf043feb508b504eccd971ee955141273f850fdd9ba6b041be4cf4ba7acb271	24	exact
asset	TSOClient/FSO.Content.TSO/Content/Avatar/Appearances/fso-hats-red.42843a550000000c.apr	40686ed37d3a06b938aedd8ed4848b60a247104a9cb1e5fff988f91b97846b19	24	exact
asset	TSOClient/FSO.Content.TSO/Content/Avatar/Appearances/fso-hats-white.cc720ec80000000c.apr	3e77ae9a788a06154468c810b9480a2ca7bde65baae4bbc6f8cb3a3d90930212	24	exact
asset	TSOClient/FSO.Content.TSO/Content/Avatar/Appearances/fso-hats-yellow.63da15f20000000c.apr	0efb9b3d16388577bb6bdf336e14d76f5d7b4b659c4fc7df9b158371be425c58	24	exact
asset	TSOClient/FSO.Content.TSO/Content/Avatar/Appearances/fso-heart-mark.a649fb850000000c.apr	a3c798172f675d65c8093b4151c5c13e6ccadd01c4b99f915c9d12b0c89d06f2	24	exact
asset	TSOClient/FSO.Content.TSO/Content/Avatar/Appearances/fso-pool-floaty-duck.cb0b8d070000000c.apr	45ca8abf98dffa2b102a8cd360092d8af31b156776eb20858d545aaeae0167a6	24	exact
asset	TSOClient/FSO.Content.TSO/Content/Avatar/Appearances/fso-slippers-green-xl.78e775430000000c.apr	30f5e1f4671c6f2767909b4adc06323f9b129fd3375b66182860f628a7449367	24	exact
asset	TSOClient/FSO.Content.TSO/Content/Avatar/Appearances/fso-slippers-green.73b6aabe0000000c.apr	5f6f84076cd83afb1187e1c9ae2710f47792a8f412f0d98077b680a9a78f1e70	24	exact
asset	TSOClient/FSO.Content.TSO/Content/Avatar/Appearances/fso-slippers-mushroom-xl.ac3590020000000c.apr	20d49751664f891bc69e22a7cfc4e58fd493bdf0504eeb2dc3cc3e101d495880	24	exact
asset	TSOClient/FSO.Content.TSO/Content/Avatar/Appearances/fso-slippers-mushroom.1befa00f0000000c.apr	e353fdfec263b39e25c92f51fd26b974f76f00a1fcc13ddd87f62564a6f4a87d	24	exact
asset	TSOClient/FSO.Content.TSO/Content/Avatar/Appearances/fso-slippers-purple-xl.6032edb40000000c.apr	67b2f6d7e2c4828796385cebaf366f379c1df836b5604c2b7a0496264a8c3038	24	exact
asset	TSOClient/FSO.Content.TSO/Content/Avatar/Appearances/fso-slippers-purple.d02fbf060000000c.apr	6543aa162eb3eacccb96f6ee73b0ee5105f0de0d969ffc4b91939106ca77937a	24	exact
asset	TSOClient/FSO.Content.TSO/Content/Avatar/Appearances/fso-suit-candy-bag.fb66d6b60000000c.apr	a5aeda6f60f91dd4475238f90063587a8841e68e3a73beaea1dd3553c3a296ea	24	exact
asset	TSOClient/FSO.Content.TSO/Content/Avatar/Appearances/fso-suit-witchhat.72ca347f0000000c.apr	ca5442b097b69bcb983519dd74e933c73bfc84bfa56b6210a824ffee34efc867	24	exact
asset	TSOClient/FSO.Content.TSO/Content/Avatar/Appearances/fso-sunglasses1.c84ffc320000000c.apr	c669b9bcaaa30b0dbb9b1c5f59509cace4e4b5db8c7abf901345b99e6ff0c33e	24	exact
asset	TSOClient/FSO.Content.TSO/Content/Avatar/Appearances/fso-sunglasses2.72bbd5c30000000c.apr	8ec90bc6b213205a422d33dab35d18c1a38c72eb0ae87b3a62f623ce50bf030d	24	exact
asset	TSOClient/FSO.Content.TSO/Content/Avatar/Appearances/fso-sunglasses3.30afe3c60000000c.apr	4988f242ed05adaa0c7f5b85d88c4b5f6a4bd48fb5f4d4f92d1c51c58828b9e6	24	exact
asset	TSOClient/FSO.Content.TSO/Content/Avatar/Appearances/fso-wings-blue.dfc2787e0000000c.apr	fbda89dac360c2257611dc8ee8fd0c19a112d09f7d768559aba30c951aef40e2	24	exact
asset	TSOClient/FSO.Content.TSO/Content/Avatar/Appearances/fso-wings-blush.17ddb0890000000c.apr	5b36ade75e1b9225812ad3f93edacfc09e78827e9291dbead8f418044608cba6	24	exact
asset	TSOClient/FSO.Content.TSO/Content/Avatar/Appearances/fso-wings-carriola.2c5316e10000000c.apr	3b13dc364d2f5c9231beb84993348b2a566abe416236bb0f47374a9e1cb5e1db	24	exact
asset	TSOClient/FSO.Content.TSO/Content/Avatar/Appearances/fso-wings-green.f7a2d0cb0000000c.apr	90dc7a33c4232617733c190cd49c0e35999ad6da3328a6db6974f3f9d3839700	24	exact
asset	TSOClient/FSO.Content.TSO/Content/Avatar/Appearances/fso-wings-io.06e321dd0000000c.apr	549a4cd618b3c9612c2c5f7fa9c79695c42763dc4ef7b6c44adaa2e4ea4b5201	24	exact
asset	TSOClient/FSO.Content.TSO/Content/Avatar/Appearances/fso-wings-milkweed.aed23d6b0000000c.apr	9a98677a23f47c6907ee2636122fe295afb153954388e806e53d566a72f1ddf3	24	exact
asset	TSOClient/FSO.Content.TSO/Content/Avatar/Appearances/fso-wings-monarch.e7c4fa800000000c.apr	41587b1e1575d24fe00e68dc4c6814c0a9e22c999ba07a9abad7e39cd6b29aad	24	exact
asset	TSOClient/FSO.Content.TSO/Content/Avatar/Appearances/fso-wings-purple.46908add0000000c.apr	a147e5fc8003e43c50c9befa345e51cf7472a01e2923effa6743e843ee37b28a	24	exact
asset	TSOClient/FSO.Content.TSO/Content/Avatar/Appearances/fso-winter-christmasGL.349e42920000000c.apr	c7bcf3ce87d6438a49db6a7ca054f8c87cbb971ee5543d28c6340f26064482bb	24	exact
asset	TSOClient/FSO.Content.TSO/Content/Avatar/Appearances/fso-winter-christmasH.0c802c4e0000000c.apr	2f48bb3bd2932e8f7a496d537bb932d60bac4148c56c7cec2e0feed6150f9d82	24	exact
asset	TSOClient/FSO.Content.TSO/Content/Avatar/Appearances/fso-winter-elfH.ced5ca080000000c.apr	5811dabc25f7161219e5eb3e934a2e42f1d360e1e3aafb626251882b0302405a	24	exact
asset	TSOClient/FSO.Content.TSO/Content/Avatar/Appearances/fso-winter-gbreadGL.893a627c0000000c.apr	1001e6216f736d7d8588feb8079cc028ea94c81b0ec7e0e3790d3fff5c3e2f94	24	exact
asset	TSOClient/FSO.Content.TSO/Content/Avatar/Appearances/fso-winter-reindeerH.b438545c0000000c.apr	6a1147c1deef789db665139c73659745ae8c14d690bdce9bda68e81cabc0925a	24	exact
asset	TSOClient/FSO.Content.TSO/Content/Avatar/Appearances/fso-winter-santaH.2dab8c5e0000000c.apr	b13c4799f261be54ac0538672d6e75a652d29f06b7092a049835092ee143bc99	24	exact
asset	TSOClient/FSO.Content.TSO/Content/Avatar/Appearances/fso-winter-snowmanGL.caf982fc0000000c.apr	9d4065d1924a84430a68b7bf9815208ae6565f31370e8181cca9de060c8f857a	24	exact
asset	TSOClient/FSO.Content.TSO/Content/Avatar/Appearances/fso-winter-snowmanH.4e6bdd5c0000000c.apr	e09ef9d4d718a0bad82ce37b2244fa62235196ca0db7710cb533068a441cc159	24	exact
asset	TSOClient/FSO.Content.TSO/Content/Avatar/Appearances/fso-winter-tophatH.33d459b90000000c.apr	11a54cb6948eec0758870caeca66a241f25ba1acc7eb82aee5fd0f8459d08bba	24	exact
asset	TSOClient/FSO.Content.TSO/Content/Avatar/Appearances/fso_face_mask.686a34a30000000c.apr	dfd7948339ecae0b02d32f0bc28244995d760d1cc5de620d70122c2f18460bae	24	exact
asset	TSOClient/FSO.Content.TSO/Content/Avatar/Appearances/fso_flipflops_1.9415f4460000000c.apr	6f49ff1e745d7282882ab58e02c58b508db76b34cda7b030a563cfb740feef01	24	exact
asset	TSOClient/FSO.Content.TSO/Content/Avatar/Appearances/fso_flipflops_1.ffbfd80d0000000c.apr	59e616e3b53d8931e8ca38260f1edb63fdfedce584d6f2d92c23fcba582f36ad	24	exact
asset	TSOClient/FSO.Content.TSO/Content/Avatar/Appearances/fso_flipflops_2.608b2eac0000000c.apr	7a10fe2c382f5a73dfe67eec8aec391188b315f62b7d78a5dee9a34585dee6a9	24	exact
asset	TSOClient/FSO.Content.TSO/Content/Avatar/Appearances/fso_flipflops_2.d3e235550000000c.apr	cde03dce631d85f8b9791adad97d8bd5e7ba555d07ff83aa60b9ed0dd1adb4aa	24	exact
asset	TSOClient/FSO.Content.TSO/Content/Avatar/Appearances/fso_flipflops_3.107649300000000c.apr	67c997e446c3721cc5e4e5591d014df9ba7e0a580f4670fdce6ceaf3d401118b	24	exact
asset	TSOClient/FSO.Content.TSO/Content/Avatar/Appearances/fso_flipflops_3.56b708380000000c.apr	ad6769f18e0da73e0f27519ec915aa11432660be0c93f6042d904c1210cfc5d6	24	exact
asset	TSOClient/FSO.Content.TSO/Content/Avatar/Appearances/fso_flipflops_4.23b1d1b20000000c.apr	8aa01375eed67bf8f1b8750c276d265e18ace8b56b8bb61305a77715e28dd9b8	24	exact
asset	TSOClient/FSO.Content.TSO/Content/Avatar/Appearances/fso_flipflops_4.395793810000000c.apr	d93f0b772256e732753718c572be398c87ce8d2b4af9f4d452473ff0b8489a41	24	exact
asset	TSOClient/FSO.Content.TSO/Content/Avatar/Appearances/fso_flipflops_5.68511d650000000c.apr	020e6efaf2a46f587a2dee9085207fee3402991856e1eec28245d8f6b4fbcc33	24	exact
asset	TSOClient/FSO.Content.TSO/Content/Avatar/Appearances/fso_flipflops_5.ef1853a90000000c.apr	822a73331ca9962494f2c842d600988869747f2654dcf7c3da920bb120ec4726	24	exact
asset	TSOClient/FSO.Content.TSO/Content/Avatar/Appearances/fso_snorkel.238515c00000000c.apr	d296807c23881033bd280562e1356485fb3a01fbf13b4ff16c4bb3ae32245167	24	exact
asset	TSOClient/FSO.Content.TSO/Content/Avatar/Appearances/fso_snorkel_xl.e1c70da50000000c.apr	94c8e7036306cc7615ade540a22e12b7586bc1916891cc7ccca738a11517b7dd	24	exact
asset	TSOClient/FSO.Content.TSO/Content/Avatar/Appearances/fso_umbrella_hat.afdba1110000000c.apr	29abbf9cb67966cccad134afda6bd87f9ad727f87ab00ad76b20848ac1cce245	24	exact
asset	TSOClient/FSO.Content.TSO/Content/Avatar/Appearances/suit-gumball.1163f6dd0000000c.apr	6157b1fd8a2811f9835404da1159c601cf1a9896b4ef1d78cf9cc8322bc7b6d5	24	exact
asset	TSOClient/FSO.Content.TSO/Content/Avatar/Appearances/woodaxe.5d34f33e0000000c.apr	dba7f094c6b5751a27665e063c289f43ac29f352dae062e452a3b8b3218d585a	24	exact
asset	TSOClient/FSO.Content.TSO/Content/Avatar/Bindings/FSO-Accessory-CapeBlack.205743380000000b.bnd	5c6e2dda2a024f159a7b4d7fbd9f4d49a97affb6b1c7f728f0111fc896261e4f	43	exact
asset	TSOClient/FSO.Content.TSO/Content/Avatar/Bindings/FSO-Accessory-CapeWhite.57aa0fd90000000b.bnd	0870804bd3e8d168b0c92031d38e4a0be7906bcc0144c572ac7ed299e6f7c924	43	exact
asset	TSOClient/FSO.Content.TSO/Content/Avatar/Bindings/FSO-Accessory-CulturalAppropriation.d306e7570000000b.bnd	458a1c6dc7e7cbf6e4d85470d438f1d28c5ac704798c1160954bdbdcb84557b0	41	exact
asset	TSOClient/FSO.Content.TSO/Content/Avatar/Bindings/FSO-Accessory-DominoMask.4700c2080000000b.bnd	e51ddcd7372d2c87bd1dbc8e568319ae3a0f8195d45b739c70d3b6c5c7de4fa8	41	exact
asset	TSOClient/FSO.Content.TSO/Content/Avatar/Bindings/FSO-Accessory-FairyWings.4cc03ec80000000b.bnd	88bbe6a60f623b844012b0c8ec1a7a66a78c29027a2841648283039c0fc2b755	43	exact
asset	TSOClient/FSO.Content.TSO/Content/Avatar/Bindings/FSO-Accessory-MagicAmulet.1bc970250000000b.bnd	c498ca08413dce4eae42e53e2009ee2b8ee62d6cd9c8288ffa67fca32e314b1c	43	exact
asset	TSOClient/FSO.Content.TSO/Content/Avatar/Bindings/FSO-Accessory-MagicPurse.50a1cd8f0000000b.bnd	28516f61a7750088eb70596dbbce55c080769d115636d3dbece9aa32a5019bca	42	exact
asset	TSOClient/FSO.Content.TSO/Content/Avatar/Bindings/FSO-Accessory-PearlNecklace.aba25fa50000000b.bnd	0ad4780aa09665f47be3c0ddfb0cd47ee2b192aedaa2a80ee80044a1c2e78d69	41	exact
asset	TSOClient/FSO.Content.TSO/Content/Avatar/Bindings/FSO-Accessory-PlushRaven.a7d39d550000000b.bnd	a5dedae00420887f5914fff8909dc4b1966ef190237a03515165f2f1f03649c6	41	exact
asset	TSOClient/FSO.Content.TSO/Content/Avatar/Bindings/FSO-Accessory-PumpkinHands.b8622f350000000b.bnd	fba287adf417173b046b6d41cdee098c397e8a4582bfd21229d1f686a437aa33	43	exact
asset	TSOClient/FSO.Content.TSO/Content/Avatar/Bindings/FSO-Accessory-PumpkinHead.df3618d40000000b.bnd	d74d8d8d80798128055f4a73570a4691c60353bd125c9b61d6c2e6cd6c49245b	41	exact
asset	TSOClient/FSO.Content.TSO/Content/Avatar/Bindings/FSO-Accessory-StarWand.abe01a7c0000000b.bnd	0336e7e1665006d42fe8b32de1d8a72363642c31dff4da98d0a2d8e15c51b5e6	43	exact
asset	TSOClient/FSO.Content.TSO/Content/Avatar/Bindings/FSO-Accessory-SuperheroRed.1069240d0000000b.bnd	06b7d99354b050413a04fef0a0b127b3f096f05306eae4d9b976c0ef2f5cbe6a	41	exact
asset	TSOClient/FSO.Content.TSO/Content/Avatar/Bindings/FSO-Accessory-SuperheroWhite.2cc95d850000000b.bnd	183a58e797ed0b2f939e24a49b403de37d5cbda54154a14951d9b8e29762a1b0	41	exact
asset	TSOClient/FSO.Content.TSO/Content/Avatar/Bindings/FSO-Accessory-TentacleHands.ca1b44990000000b.bnd	d2c0053948f9096014014a660373b3889136923c265c01d376867aa000fe5b5a	43	exact
asset	TSOClient/FSO.Content.TSO/Content/Avatar/Bindings/FSO-Accessory-WizardHat.b9e824530000000b.bnd	f6b4536a8860cbb92aac181ced2f634791387576c60f9abdac5849564f8a012c	41	exact
asset	TSOClient/FSO.Content.TSO/Content/Avatar/Bindings/FSO-Broom-HandR.aa414d060000000b.bnd	fcb131a8b74ad5aee8e14f5c98ad250ee3701c74120252eaf8c87241b8d7db0c	43	exact
asset	TSOClient/FSO.Content.TSO/Content/Avatar/Bindings/FSONPC-Grim-Cape-Alpha.7463743d0000000b.bnd	fd43d0af8781d54bb5d87033f135102a85d3f1f5ae4b57c4b26794f06b352095	42	exact
asset	TSOClient/FSO.Content.TSO/Content/Avatar/Bindings/FSONPC-Grim-Hood.d1ae72640000000b.bnd	27a49b77acb3d9cb7ab496d0aba086105deea99dd23921acd152f7068aa2e1fa	43	exact
asset	TSOClient/FSO.Content.TSO/Content/Avatar/Bindings/FSONPC-Grim-Pauldrons-Alpha.f272ed1e0000000b.bnd	42505a61823ea4f90de46443422590ee3547ca99dda3750bb095dfb7ad7be072	43	exact
asset	TSOClient/FSO.Content.TSO/Content/Avatar/Bindings/FSO_Xmas_RC_Blue.f41167e70000000b.bnd	2a0ae6d869fedbb3a1f08f6ad2f69e97944bdd0e7f5b18dbf81c022b9d2c5425	41	exact
asset	TSOClient/FSO.Content.TSO/Content/Avatar/Bindings/FSO_Xmas_RC_Brown.85f720ec0000000b.bnd	875badf0ce830deec21860dcce7749de01df99afc7cc97fbd7aaf4fc29a12909	41	exact
asset	TSOClient/FSO.Content.TSO/Content/Avatar/Bindings/FSO_Xmas_RC_Green.c342b2ab0000000b.bnd	b4314a00c1a50ce7f9e6204f4b96bdad77531498256873cc3de15a07344140c7	41	exact
asset	TSOClient/FSO.Content.TSO/Content/Avatar/Bindings/FSO_Xmas_RC_GreenRed.13fe5b940000000b.bnd	ae7a678d9eee6edac9a718ea47b7f056ba326fcb3d56fdf52db0aae34bda06a5	41	exact
asset	TSOClient/FSO.Content.TSO/Content/Avatar/Bindings/FSO_Xmas_RC_Orange.56a1bad50000000b.bnd	7ca4e931f1e578b2fd8fdb701e65fbf8723fa31685ac854bc10e76a83d48d9ac	41	exact
asset	TSOClient/FSO.Content.TSO/Content/Avatar/Bindings/FSO_Xmas_RC_Purple.1e4e046c0000000b.bnd	86112825a5455c1170ca939251547bc2d5eb3a1ad8a18354ceed4d90b4b074ef	41	exact
asset	TSOClient/FSO.Content.TSO/Content/Avatar/Bindings/FSO_Xmas_RC_Red.3bb05e870000000b.bnd	e3d0ecf72af32e70fbe44bb648ae0717d3f6bd99a02a947630ae3cde0f5f7775	41	exact
asset	TSOClient/FSO.Content.TSO/Content/Avatar/Bindings/FSO_Xmas_RC_RedGreen.bfb027040000000b.bnd	800f26805534e5510553ee9059758b19064cf91471b9cd1c754aed7a23da73dc	41	exact
asset	TSOClient/FSO.Content.TSO/Content/Avatar/Bindings/FSO_Xmas_RC_Teal.0230346b0000000b.bnd	dacd380efff7a1523c229d3aa11d5b7a52b5346e612cb5f775a022d507737a7a	41	exact
asset	TSOClient/FSO.Content.TSO/Content/Avatar/Bindings/FSO_Xmas_RC_Yellow.bfe048480000000b.bnd	888c1ca73ab09df102be51e1cc1b5d64ae9d7a96ad861635d571fae520510127	41	exact
asset	TSOClient/FSO.Content.TSO/Content/Avatar/Bindings/FSO_elf_ears_dark.39647ea30000000b.bnd	5f3cc531864942c4b515c92ad20fefcbc8c1b0bc75cc7229c4480523771d3517	41	exact
asset	TSOClient/FSO.Content.TSO/Content/Avatar/Bindings/FSO_elf_ears_light.e5473c090000000b.bnd	d72ea4c386171360e93af27464f5d398dac78ab97ac9b4da9a613852eca91434	41	exact
asset	TSOClient/FSO.Content.TSO/Content/Avatar/Bindings/FSO_elf_ears_middle.b3244a730000000b.bnd	2fa9124f75aa7f09c89fc0933857f0a3b0772bfbfd43b0915d1d919685acf1c5	41	exact
asset	TSOClient/FSO.Content.TSO/Content/Avatar/Bindings/User/pride-bowtie.f11748ef0000000b.bnd	a2d025b241fae2b0447dcc26a199fafaa9848211195c4ff0954cd00bfe57f89d	41	exact
asset	TSOClient/FSO.Content.TSO/Content/Avatar/Bindings/User/pride-cape.3c79b4450000000b.bnd	a36c2d5bdec00f6e4b19d649842785a467fc1b5f665da029b4108a7cfc1260c1	43	exact
asset	TSOClient/FSO.Content.TSO/Content/Avatar/Bindings/User/pride-float.802e749d0000000b.bnd	5abb8e10dd85d90fab186120828d4e92b44995ac9675d8f2762d4280d4b92770	43	exact
asset	TSOClient/FSO.Content.TSO/Content/Avatar/Bindings/User/pride-hand-flag.6994fe400000000b.bnd	8aed367ad256bd5a14035d96ca89e559f6a768d0aad057b8fab894058856b472	43	exact
asset	TSOClient/FSO.Content.TSO/Content/Avatar/Bindings/User/pride-mask.d0768b900000000b.bnd	efe62d4ec6798d53450048fddce5828acffea6fba5f6e89cd26dce3ed56ef325	41	exact
asset	TSOClient/FSO.Content.TSO/Content/Avatar/Bindings/User/pride-wristband.6622029c0000000b.bnd	fd6b13df446471d3212db558fa742fc350672ea6acf97c13e6369455ed640724	43	exact
asset	TSOClient/FSO.Content.TSO/Content/Avatar/Bindings/au-blue-dead.c43409af0000000b.bnd	07eb702db060056f93cf5b8828b3a56ed932e6a99a88b7e71e8c896df343e616	43	exact
asset	TSOClient/FSO.Content.TSO/Content/Avatar/Bindings/au-blue.0c13bcb50000000b.bnd	a361f123ae2489ee37a03376602c9c876f648fc32d2e9063eea67b99c775fa6a	43	exact
asset	TSOClient/FSO.Content.TSO/Content/Avatar/Bindings/au-brown-dead.406982af0000000b.bnd	adbe2ad73236f244e84fb49d7db1b3dae809818377779db51c86e5540efcb92a	43	exact
asset	TSOClient/FSO.Content.TSO/Content/Avatar/Bindings/au-brown.0a5010090000000b.bnd	5e791e01647f54ed4b240db9be8250cf924efefc548f301148ea608d759689e4	43	exact
asset	TSOClient/FSO.Content.TSO/Content/Avatar/Bindings/au-cyan-dead.92611c770000000b.bnd	dee5e4019c0a547f995c9965d84ea4911d6233abef8a645e9ca255b376051641	43	exact
asset	TSOClient/FSO.Content.TSO/Content/Avatar/Bindings/au-cyan.b45a40810000000b.bnd	3c76019e22c618f4818cdf13b34814fcbc6e9575b39f9f99fd5be9564634866e	43	exact
asset	TSOClient/FSO.Content.TSO/Content/Avatar/Bindings/au-gray-dead.ae9578b50000000b.bnd	b4b4c2d0b8e795fab1fdc0606c34d916f56befe51d2a663158ef7e90856c21d1	43	exact
asset	TSOClient/FSO.Content.TSO/Content/Avatar/Bindings/au-gray.c55f1cd70000000b.bnd	651f597b2e14680e6115989202b5922e02919dc5a961fdd238b1fb27421b758d	43	exact
asset	TSOClient/FSO.Content.TSO/Content/Avatar/Bindings/au-green-dead.8f5626bd0000000b.bnd	eb987c6487f73f83ac3dfd1c88f070063185956e03a221b55456b0ca75c0c980	43	exact
asset	TSOClient/FSO.Content.TSO/Content/Avatar/Bindings/au-green.2e9aec430000000b.bnd	dd3d94c1c328b1cd68e6544fdff49dcaae846e9d29e8db4f7601b748925b933d	43	exact
asset	TSOClient/FSO.Content.TSO/Content/Avatar/Bindings/au-lime-dead.c291c5550000000b.bnd	4fd7b2dcf2d8c033495a262f4edc59560e6664e20e6916dd013da88f277e38ae	43	exact
asset	TSOClient/FSO.Content.TSO/Content/Avatar/Bindings/au-lime.f59971b80000000b.bnd	ce6eb8f404ca1466f55334cd31eb1cb472e441f40bafd71075f046de9a2bf45e	43	exact
asset	TSOClient/FSO.Content.TSO/Content/Avatar/Bindings/au-orange-dead.79060d5c0000000b.bnd	52a51723544e03b243b6b3588ec0c9006ab311777a954d674966a08f9efe2b26	43	exact
asset	TSOClient/FSO.Content.TSO/Content/Avatar/Bindings/au-orange.5a2263340000000b.bnd	95ad1bbf920172a44aed957ada1fad76e218312c5aaa9e1ff5930b85adf30871	43	exact
asset	TSOClient/FSO.Content.TSO/Content/Avatar/Bindings/au-pink-dead.b0249c650000000b.bnd	f0d8a97217516671fac079d4256a0d09fcb2cee5887ce6b01d7f902ddff2f4cc	43	exact
asset	TSOClient/FSO.Content.TSO/Content/Avatar/Bindings/au-pink.a78a41740000000b.bnd	651830f9b2a247c889767283db5c4fba100e5e250d8e8af287f62c916daee7d0	43	exact
asset	TSOClient/FSO.Content.TSO/Content/Avatar/Bindings/au-purple-dead.6391436d0000000b.bnd	dd4cfe275492d9cd9cd86281176acfcf1d92f562e37655b7c4d3298e2fe10c5c	43	exact
asset	TSOClient/FSO.Content.TSO/Content/Avatar/Bindings/au-purple.b65ae12f0000000b.bnd	d5ab63dd68838bcfc01ae5411a0a24ec2532bc373789fdd090fc3429af41f72d	43	exact
asset	TSOClient/FSO.Content.TSO/Content/Avatar/Bindings/au-red-dead.2fd54d3e0000000b.bnd	5831d7921719f2a9a51e64aa0975bdda6128cdc0c8b6b333d8a5c3d29ab1a492	43	exact
asset	TSOClient/FSO.Content.TSO/Content/Avatar/Bindings/au-red.cca161510000000b.bnd	aee6c9d4cfd0ae40a4d65a9cb7279e48429eade1c3ff77877f02f965cd36f3b8	43	exact
asset	TSOClient/FSO.Content.TSO/Content/Avatar/Bindings/au-white-dead.72273c6d0000000b.bnd	0e8620ad913c102dc572140f0145668155104f3ca76fcb91cbec25efe03bf5bb	43	exact
asset	TSOClient/FSO.Content.TSO/Content/Avatar/Bindings/au-white.ac55a3d40000000b.bnd	7a9caf4c86394c23f7138b8ce965963d3db4eec29a06f77851cf44d20606a101	43	exact
asset	TSOClient/FSO.Content.TSO/Content/Avatar/Bindings/au-yellow-dead.e5158c170000000b.bnd	e3990997a28d1a24048b41a4c98cca4f9976098365aef3241fbf764458b9afac	43	exact
asset	TSOClient/FSO.Content.TSO/Content/Avatar/Bindings/au-yellow.114bc9820000000b.bnd	71de4a48b8ecee1932c419aed823eb5fdbc96a99cb9234ea8e45e371833b850a	43	exact
asset	TSOClient/FSO.Content.TSO/Content/Avatar/Bindings/fso-cuff-flora.5fb96afa0000000b.bnd	ca80c95b106dcb05693b733931373e7fb8832a2899912697d9a8630700ab1347	43	exact
asset	TSOClient/FSO.Content.TSO/Content/Avatar/Bindings/fso-cuff-leaf.2562d84d0000000b.bnd	c7770a6b4d6a267a83f551d489b5dcd72132322faa09ed7aba1f73a2ae7b4541	43	exact
asset	TSOClient/FSO.Content.TSO/Content/Avatar/Bindings/fso-hats-blue.634429fc0000000b.bnd	3e4e84990d12c6205515734cdaa853ab75734f5098114f10be95243490bb6640	41	exact
asset	TSOClient/FSO.Content.TSO/Content/Avatar/Bindings/fso-hats-green.52abec700000000b.bnd	d8ea236c251c8f65a5a433dbf66652b611fdd45c5949fe7cb61dd4427c245c2b	41	exact
asset	TSOClient/FSO.Content.TSO/Content/Avatar/Bindings/fso-hats-mushroom.10fc44ff0000000b.bnd	99129f5ad52ee0fb7f90db420d1b8d1439388201c306a9b69383f06d346cd76c	41	exact
asset	TSOClient/FSO.Content.TSO/Content/Avatar/Bindings/fso-hats-orange.07728b370000000b.bnd	fef9d0b9682f4871e6a92eb7700047910c5695b8d5734e812d8c9adce4da1e49	41	exact
asset	TSOClient/FSO.Content.TSO/Content/Avatar/Bindings/fso-hats-pink.d0a2d8f60000000b.bnd	797c5442a1d3d469ae6fde8faaf80aa26da1e9e2654f1e725294a4003680a7a6	41	exact
asset	TSOClient/FSO.Content.TSO/Content/Avatar/Bindings/fso-hats-purple.c4e48c510000000b.bnd	214242d096986e4dd109ba76eb41d958b5769c5acef8d7141d5a7038851cf928	41	exact
asset	TSOClient/FSO.Content.TSO/Content/Avatar/Bindings/fso-hats-red.3a2c2b100000000b.bnd	fd8084efde23d7251323d0d3f577da1dc3948fa14ad6dda9318df06f09972f14	41	exact
asset	TSOClient/FSO.Content.TSO/Content/Avatar/Bindings/fso-hats-white.30e79fa70000000b.bnd	e467b81809c4e8773dc0db1a8e05a3007a3873b7b00bf94a450aca597a925a19	41	exact
asset	TSOClient/FSO.Content.TSO/Content/Avatar/Bindings/fso-hats-yellow.3915ebac0000000b.bnd	2fb90d20da8611e907eb487757a7694be3fe1f4dd42218f4049cc684dd9b5531	41	exact
asset	TSOClient/FSO.Content.TSO/Content/Avatar/Bindings/fso-heart-mark.88ba657b0000000b.bnd	48c79d6c5eb4af67ef656c2cf6694905b3d9561d34b3494817a55e41e09e73ae	41	exact
asset	TSOClient/FSO.Content.TSO/Content/Avatar/Bindings/fso-pool-floaty-duck.5c6d971c0000000b.bnd	acf465db4ca9e1e7a949457442f156c5eaf8760b8f1d8ab032221f66af7ba899	43	exact
asset	TSOClient/FSO.Content.TSO/Content/Avatar/Bindings/fso-slippers-green-xl.a030153c0000000b.bnd	70b079e7e1dc409eeeb60eaaac557b438e037d79301058e8d05d42a60f5a6e25	43	exact
asset	TSOClient/FSO.Content.TSO/Content/Avatar/Bindings/fso-slippers-green.d42af8fd0000000b.bnd	6e983d801603e9150d78aab003112c46c1c9a7acd35390dcd94404362e4f1863	43	exact
asset	TSOClient/FSO.Content.TSO/Content/Avatar/Bindings/fso-slippers-mushroom-xl.f839144a0000000b.bnd	49dba28576de7a5ceb3540e7e04f6e3eadaf620f6eb6542cdd3eb79f84f2d3b7	43	exact
asset	TSOClient/FSO.Content.TSO/Content/Avatar/Bindings/fso-slippers-mushroom.842397650000000b.bnd	b94d187af4397b79fe3ea250f71af812a28492a7a9a8a9661bafba8f99fc5c7e	43	exact
asset	TSOClient/FSO.Content.TSO/Content/Avatar/Bindings/fso-slippers-purple-xl.3ea7f8130000000b.bnd	5427a90eeb827e497cc808c452e84e74c623c9af71108a875172dc28ad5fc8e8	43	exact
asset	TSOClient/FSO.Content.TSO/Content/Avatar/Bindings/fso-slippers-purple.b2f7d6690000000b.bnd	a1f9046cb184152c640902f3e40f1de4bc574a08b400d6c1565e082280836fd2	43	exact
asset	TSOClient/FSO.Content.TSO/Content/Avatar/Bindings/fso-suit-candy-bag.72e3776c0000000b.bnd	dc38872abbfdafe277d461e6125959409e5100bc4d3f0a2cd4a4bfd236ac5d69	43	exact
asset	TSOClient/FSO.Content.TSO/Content/Avatar/Bindings/fso-suit-witchhat.7b4d93c90000000b.bnd	b9dac464b4fafc753eae1a0601b8c5cb4555d8d4a23349f1cd82d0e529021249	41	exact
asset	TSOClient/FSO.Content.TSO/Content/Avatar/Bindings/fso-sunglasses1.eea388ba0000000b.bnd	22f1f667f55a43ff7b6d13fdf7bf2ab85f84829158b1572fa534625846ef535b	41	exact
asset	TSOClient/FSO.Content.TSO/Content/Avatar/Bindings/fso-sunglasses2.570310010000000b.bnd	94c49db48ec693599be24fc5fbbb65fbdbc0d443f30d0301a5c9ec6ae5310c5a	41	exact
asset	TSOClient/FSO.Content.TSO/Content/Avatar/Bindings/fso-sunglasses3.3849f5b20000000b.bnd	437f5559bda398e150ecf9716331b25f60ef7e10eadc05a1b8b8f5e18dc5ce84	41	exact
asset	TSOClient/FSO.Content.TSO/Content/Avatar/Bindings/fso-wings-blue.6845d7c80000000b.bnd	003e639e3e51fa37d2491c727fd503c22356292cbbe2df10acea2cd8c386a31f	43	exact
asset	TSOClient/FSO.Content.TSO/Content/Avatar/Bindings/fso-wings-blush.d99e67340000000b.bnd	fcd85f7323117822f1b700bb5008f0c2a778331079b7fe00ff0c67f510ffbc60	43	exact
asset	TSOClient/FSO.Content.TSO/Content/Avatar/Bindings/fso-wings-carriola.a3cfb7970000000b.bnd	f0d7edae0c49e6d0c1e036209c86c577e3c53369507a0a3294047ca94f537e34	43	exact
asset	TSOClient/FSO.Content.TSO/Content/Avatar/Bindings/fso-wings-green.4ae84c4a0000000b.bnd	0330b15d8d4d3b7afbe1879cdf178022496be048cc2a0de1712977637f544ee6	43	exact
asset	TSOClient/FSO.Content.TSO/Content/Avatar/Bindings/fso-wings-io.56e68fa60000000b.bnd	29fc4556d460520c0506258d910975b038f43b6f4880ce7fd329fecd431b1a82	43	exact
asset	TSOClient/FSO.Content.TSO/Content/Avatar/Bindings/fso-wings-milkweed.ef2273ba0000000b.bnd	5d549ae4e9d4c08b5d4cb920b1c1ceb781339ff288a5e6cadec3f4abb8503f6c	43	exact
asset	TSOClient/FSO.Content.TSO/Content/Avatar/Bindings/fso-wings-monarch.f04859ca0000000b.bnd	f1e9a2ca74d0463b4d6913c92ed2276af4ca181e17ef010c15d832a99dcfdd10	43	exact
asset	TSOClient/FSO.Content.TSO/Content/Avatar/Bindings/fso-wings-purple.3080e9ea0000000b.bnd	cacf554d1818c8f7dc75fa1804004bfe109c05b8efbfd51e399ca356901b4e0c	43	exact
asset	TSOClient/FSO.Content.TSO/Content/Avatar/Bindings/fso-winter-christmasGL.ed25c4980000000b.bnd	04224d8306762a745d2b4d2c68e102ac8a5e92f1e525aa2a5c61a88840bf34bb	41	exact
asset	TSOClient/FSO.Content.TSO/Content/Avatar/Bindings/fso-winter-christmasH.b94f60860000000b.bnd	da27f95d1cd9c8d7f38ad1db61b6071da2f5244d059426389fdb033342a797fb	41	exact
asset	TSOClient/FSO.Content.TSO/Content/Avatar/Bindings/fso-winter-elfH.3e17a0770000000b.bnd	06dbc96f61ee00dccd708b2b67c8b56fb2d004d981e8ed5a780db74f5b97423c	41	exact
asset	TSOClient/FSO.Content.TSO/Content/Avatar/Bindings/fso-winter-gbreadGL.cb322f3e0000000b.bnd	27c4e60c728983e7cc5a6b779e737d29849adcad8cf0275f026f9a8fb83e64fa	41	exact
asset	TSOClient/FSO.Content.TSO/Content/Avatar/Bindings/fso-winter-reindeerH.ecbfd6620000000b.bnd	16511758485b2810b0d3f0bbfffc09ad864aa3dcf63d68c3f34b9f65c9d1cb23	41	exact
asset	TSOClient/FSO.Content.TSO/Content/Avatar/Bindings/fso-winter-santaH.179608620000000b.bnd	3f3e01de0570565cbf160cba03ab4ee5355a9c04f6a8349d4dc8323e8e7c3580	41	exact
asset	TSOClient/FSO.Content.TSO/Content/Avatar/Bindings/fso-winter-snowmanGL.49db647c0000000b.bnd	728a494536a58216ff20fc5c1c843b8bc8c29afb4cc0e179aefd5eca644d5d4e	41	exact
asset	TSOClient/FSO.Content.TSO/Content/Avatar/Bindings/fso-winter-snowmanH.cb8321ef0000000b.bnd	1062aa06bf59ef63661f81f9bd9bffebd3e05d2ca34d01b178b8c9eb6caa2ff0	41	exact
asset	TSOClient/FSO.Content.TSO/Content/Avatar/Bindings/fso-winter-tophatH.ea50d1cd0000000b.bnd	23ca39d497862945cf080d26abca900efeefd1ad7a34e64803be2abf4963f6ec	41	exact
asset	TSOClient/FSO.Content.TSO/Content/Avatar/Bindings/fso_face_mask.66f3c89c0000000b.bnd	08551f31b6ed58d419d73a1cde04994dfd4b94385b5640c274b9c9defca4f664	41	exact
asset	TSOClient/FSO.Content.TSO/Content/Avatar/Bindings/fso_flipflops_1.37ee29590000000b.bnd	3aa9fe29a1caa60ca69d10d116113da64e2fc37006372955f5e2eee312279f88	43	exact
asset	TSOClient/FSO.Content.TSO/Content/Avatar/Bindings/fso_flipflops_1.92e8932d0000000b.bnd	d35ff797e4b89b0bece0e38ad0e5d627383dbb4f31bd58f39247d918ddd052ef	43	exact
asset	TSOClient/FSO.Content.TSO/Content/Avatar/Bindings/fso_flipflops_2.6dd8fc130000000b.bnd	6c14256211584ea8e01a2cd6b17a8d437ff4d2df69db25f4ede1e1f0eedda15a	43	exact
asset	TSOClient/FSO.Content.TSO/Content/Avatar/Bindings/fso_flipflops_2.95ac43650000000b.bnd	dacc2ff8a1f3b8644a2de708070f85c13e09f244db8f65dcf964d997f98b7dd7	43	exact
asset	TSOClient/FSO.Content.TSO/Content/Avatar/Bindings/fso_flipflops_3.742845680000000b.bnd	7ce1567d9ad4253b9337f0ee1b18c612d68a9155692bb481277a7f1e96d38771	43	exact
asset	TSOClient/FSO.Content.TSO/Content/Avatar/Bindings/fso_flipflops_3.884e3be00000000b.bnd	1e8f2e134ff8f1065f566447557ff1b5676cb17dcf1c49f72bcd0338c5a6613f	43	exact
asset	TSOClient/FSO.Content.TSO/Content/Avatar/Bindings/fso_flipflops_4.10617a0d0000000b.bnd	7c9703b66fbfa4a27a3f1a86070b0cfccedc0ac803a3290b2fc1fa56aec47194	43	exact
asset	TSOClient/FSO.Content.TSO/Content/Avatar/Bindings/fso_flipflops_4.dbd763870000000b.bnd	37ce25f785e230a25c30612d68ba231de62d6c3cd8db453eaae6d359f43d09a2	43	exact
asset	TSOClient/FSO.Content.TSO/Content/Avatar/Bindings/fso_flipflops_5.1739598c0000000b.bnd	079f16281506f4ce781dc5e6146e97efcdaa7951c63dfccc48dfe7b0e0199ed3	43	exact
asset	TSOClient/FSO.Content.TSO/Content/Avatar/Bindings/fso_flipflops_5.93ae99b00000000b.bnd	06200b2502b2a0f1499cc0184aa97ab44ebc4597070c68c8417880fd01d94a31	43	exact
asset	TSOClient/FSO.Content.TSO/Content/Avatar/Bindings/fso_snorkel.22be2ec20000000b.bnd	9a25cd335e71f24bddbd6fc81ed627641c2fd971b8a814f7c9d11c7b1f302eec	41	exact
asset	TSOClient/FSO.Content.TSO/Content/Avatar/Bindings/fso_snorkel_xl.54ba09cd0000000b.bnd	c4ba70763f5f00e684bdee782fa2a535ae50e15971fdacf6ce9cdbc4ba5e83a9	41	exact
asset	TSOClient/FSO.Content.TSO/Content/Avatar/Bindings/fso_umbrella_hat.7da08ce50000000b.bnd	353c9ed67e61aefcde5819a76d3b2b99bfd58c47f5b00c80c3132e6bf9fad1a0	41	exact
asset	TSOClient/FSO.Content.TSO/Content/Avatar/Bindings/suit-gumball.2178f4590000000b.bnd	bebb439dc4fdfb4dd4674640253f00b1c8fcd320a34543531bfdd699b0cc03c0	43	exact
asset	TSOClient/FSO.Content.TSO/Content/Avatar/Bindings/woodaxe.e5b852880000000b.bnd	8d5b10b4d842164fe4fd11c10b2c12c18cf384e6309136417bb6fbba115c84be	43	exact
asset	TSOClient/FSO.Content.TSO/Content/Avatar/Meshes/FSO-Accessory-CapeBlack.883209d300000009.mesh	8d4e64e79da18d44b6f23dcf3b2dfabdeb3746e9f3ae481d519c4b27015212ad	14338	exact
asset	TSOClient/FSO.Content.TSO/Content/Avatar/Meshes/FSO-Accessory-CapeWhite.3871abca00000009.mesh	8d4e64e79da18d44b6f23dcf3b2dfabdeb3746e9f3ae481d519c4b27015212ad	14338	exact
asset	TSOClient/FSO.Content.TSO/Content/Avatar/Meshes/FSO-Accessory-CulturalAppropriation.14b72c7a00000009.mesh	8b4d860a3e8e13699355e799ad00ead4f564e448c055858a89a84f2475c6582b	7285	exact
asset	TSOClient/FSO.Content.TSO/Content/Avatar/Meshes/FSO-Accessory-DominoMask.9fa7b08700000009.mesh	ba7844983654f8093e381d4604b25eb4fc5ade2abcd1817b78a051334276da14	11573	exact
asset	TSOClient/FSO.Content.TSO/Content/Avatar/Meshes/FSO-Accessory-FairyWings.4b91aebf00000009.mesh	6f90aa0cf3253e223ca9b5078ef3ee5c59d60be976d40007b47b162da1110463	11399	exact
asset	TSOClient/FSO.Content.TSO/Content/Avatar/Meshes/FSO-Accessory-MagicAmulet.cc40b64200000009.mesh	ba1ce2722b32de6d0d79cef650e0b468ba5264fa046aed47ac24f5887d362f92	25351	exact
asset	TSOClient/FSO.Content.TSO/Content/Avatar/Meshes/FSO-Accessory-MagicPurse.980fbd0900000009.mesh	f782a8bf02023acb6d8d3f801c450834df2a909535d0f2bb33549148152f1d86	24785	exact
asset	TSOClient/FSO.Content.TSO/Content/Avatar/Meshes/FSO-Accessory-PearlNecklace.6d52a4c700000009.mesh	fc1bce0d18141fb562b428d80bfbe7395828c6f082f4db07dc506eae0d491c58	93797	exact
asset	TSOClient/FSO.Content.TSO/Content/Avatar/Meshes/FSO-Accessory-PlushRaven.26a50d4c00000009.mesh	bb63d00bc80e5bd232cfd92f139a24c45f056ddb63f27a88bf31b9b005025420	41821	exact
asset	TSOClient/FSO.Content.TSO/Content/Avatar/Meshes/FSO-Accessory-PumpkinHands.5191019200000009.mesh	77d4e887d6135ff00930acf416b3bcb3a4322029ccc7fad288d721c061a98c6e	24978	exact
asset	TSOClient/FSO.Content.TSO/Content/Avatar/Meshes/FSO-Accessory-PumpkinHead.7e6e7ce300000009.mesh	3f2ea45f51fd0f75084e122cc4dd6fd53c5c7ed503c5057a2b7291c16cf5a4ca	12501	exact
asset	TSOClient/FSO.Content.TSO/Content/Avatar/Meshes/FSO-Accessory-StarWand.f34e09f500000009.mesh	ae22ddc604671a497ff7fbf2d64456d3ab1a93f5cfcf764999ae28ef8c6dfeba	24111	exact
asset	TSOClient/FSO.Content.TSO/Content/Avatar/Meshes/FSO-Accessory-SuperheroRed.7130bffd00000009.mesh	3155ddebdeceb93244988bf61451dc01a86f020446853e3be3481fc65b84f049	12357	exact
asset	TSOClient/FSO.Content.TSO/Content/Avatar/Meshes/FSO-Accessory-SuperheroWhite.4c01c19400000009.mesh	3155ddebdeceb93244988bf61451dc01a86f020446853e3be3481fc65b84f049	12357	exact
asset	TSOClient/FSO.Content.TSO/Content/Avatar/Meshes/FSO-Accessory-TentacleHands.aae2e08a00000009.mesh	aec9f76d11cec37c0448d0ecccd56333423a8dcbc0d5036cfd1324a67eaac695	5634	exact
asset	TSOClient/FSO.Content.TSO/Content/Avatar/Meshes/FSO-Accessory-WizardHat.1852ebee00000009.mesh	3e689c44b036d10f973680cef5f91a2a21a5f0e87139061c12c46fdf7a5df39a	5749	exact
asset	TSOClient/FSO.Content.TSO/Content/Avatar/Meshes/FSO-Broom-HandR.8b08e8f700000009.mesh	922b8001422d1c87b0c2232a6c5eccf912576cadfa1af7058d3f0b4c11412a4a	8711	exact
asset	TSOClient/FSO.Content.TSO/Content/Avatar/Meshes/FSONPC-Grim-Cape-Alpha.139bd84d00000009.mesh	2f1b5664c70a95fa243573131debafc7bc85cd2c1a124370dcb8d537e7ff410c	6085	exact
asset	TSOClient/FSO.Content.TSO/Content/Avatar/Meshes/FSONPC-Grim-Hood.f0e6d67300000009.mesh	69da043cb2c81ca0066564e152fcec3e74a93061a0d857b7e6c870ae5504569e	9565	exact
asset	TSOClient/FSO.Content.TSO/Content/Avatar/Meshes/FSONPC-Grim-Pauldrons-Alpha.91ab512e00000009.mesh	44e76fbdad91c860a6ad39da6fb42635abab22cbe9a5d3c77ac50ba5a8869c8c	13819	exact
asset	TSOClient/FSO.Content.TSO/Content/Avatar/Meshes/FSO_Xmas_RC_Blue.d4d903d800000009.mesh	1a7edbdc4247cf17a206c8c53ccc9a60249a36a8f00431d86f277b4d8cefaa20	73605	exact
asset	TSOClient/FSO.Content.TSO/Content/Avatar/Meshes/FSO_Xmas_RC_Brown.66bebcdc00000009.mesh	1a7edbdc4247cf17a206c8c53ccc9a60249a36a8f00431d86f277b4d8cefaa20	73605	exact
asset	TSOClient/FSO.Content.TSO/Content/Avatar/Meshes/FSO_Xmas_RC_Green.a40a4e9c00000009.mesh	1a7edbdc4247cf17a206c8c53ccc9a60249a36a8f00431d86f277b4d8cefaa20	73605	exact
asset	TSOClient/FSO.Content.TSO/Content/Avatar/Meshes/FSO_Xmas_RC_GreenRed.74c5f78400000009.mesh	1a7edbdc4247cf17a206c8c53ccc9a60249a36a8f00431d86f277b4d8cefaa20	73605	exact
asset	TSOClient/FSO.Content.TSO/Content/Avatar/Meshes/FSO_Xmas_RC_Orange.376956c600000009.mesh	1a7edbdc4247cf17a206c8c53ccc9a60249a36a8f00431d86f277b4d8cefaa20	73605	exact
asset	TSOClient/FSO.Content.TSO/Content/Avatar/Meshes/FSO_Xmas_RC_Purple.3d86687b00000009.mesh	1a7edbdc4247cf17a206c8c53ccc9a60249a36a8f00431d86f277b4d8cefaa20	73605	exact
asset	TSOClient/FSO.Content.TSO/Content/Avatar/Meshes/FSO_Xmas_RC_Red.1c77fa7800000009.mesh	1a7edbdc4247cf17a206c8c53ccc9a60249a36a8f00431d86f277b4d8cefaa20	73605	exact
asset	TSOClient/FSO.Content.TSO/Content/Avatar/Meshes/FSO_Xmas_RC_RedGreen.5ee88b1300000009.mesh	1a7edbdc4247cf17a206c8c53ccc9a60249a36a8f00431d86f277b4d8cefaa20	73605	exact
asset	TSOClient/FSO.Content.TSO/Content/Avatar/Meshes/FSO_Xmas_RC_Teal.2168987a00000009.mesh	1a7edbdc4247cf17a206c8c53ccc9a60249a36a8f00431d86f277b4d8cefaa20	73605	exact
asset	TSOClient/FSO.Content.TSO/Content/Avatar/Meshes/FSO_Xmas_RC_Yellow.df18ac5700000009.mesh	1a7edbdc4247cf17a206c8c53ccc9a60249a36a8f00431d86f277b4d8cefaa20	73605	exact
asset	TSOClient/FSO.Content.TSO/Content/Avatar/Meshes/FSO_elf_ears_dark.eff1684000000009.mesh	b7ce2de885f55d3897492e81d03e4f3c9ea5c4c9883a270fdfc71147819a0903	23965	exact
asset	TSOClient/FSO.Content.TSO/Content/Avatar/Meshes/FSO_elf_ears_light.c60ed7fa00000009.mesh	b7ce2de885f55d3897492e81d03e4f3c9ea5c4c9883a270fdfc71147819a0903	23965	exact
asset	TSOClient/FSO.Content.TSO/Content/Avatar/Meshes/FSO_elf_ears_middle.2c90093c00000009.mesh	b7ce2de885f55d3897492e81d03e4f3c9ea5c4c9883a270fdfc71147819a0903	23965	exact
asset	TSOClient/FSO.Content.TSO/Content/Avatar/Meshes/User/pride-bowtie.4385d93000000009.mesh	57f2c436b8dd020d2f5e12ba6fd6356dd805c8c2703ed94e8fa450d9e6ed1c04	5029	exact
asset	TSOClient/FSO.Content.TSO/Content/Avatar/Meshes/User/pride-cape.c02bdebf00000009.mesh	c5210ca499ced49b6bcb90630dba58ea68b1e605030ddc9575d67f9e00d8a572	18903	exact
asset	TSOClient/FSO.Content.TSO/Content/Avatar/Meshes/User/pride-float.641a392a00000009.mesh	2c5d8d779f6644634d826c688eaaed393cc2b5f6f82298c95d834f1f135e659f	8567	exact
asset	TSOClient/FSO.Content.TSO/Content/Avatar/Meshes/User/pride-hand-flag.f875671d00000009.mesh	5f6801e42e4ca79cca09dc5cb623a7def8a5b49cf3b4f8ed54830260d4c32e86	3986	exact
asset	TSOClient/FSO.Content.TSO/Content/Avatar/Meshes/User/pride-mask.9be9318f00000009.mesh	e34b20364ded466780b8ff66db2a143563dde19e26894caee28299fa553fe068	15573	exact
asset	TSOClient/FSO.Content.TSO/Content/Avatar/Meshes/User/pride-wristband.63166ae400000009.mesh	5004360afb24f9a56f95173aad9922899bd2e9d844a9a88829566012a59fd3e0	3826	exact
asset	TSOClient/FSO.Content.TSO/Content/Avatar/Meshes/au-blue-dead.e36c6dbe00000009.mesh	deaf1498ff1690d1853a0ccaf683270ed0da83f614b01e682dff71ee4af52428	30464	exact
asset	TSOClient/FSO.Content.TSO/Content/Avatar/Meshes/au-blue.d93f568500000009.mesh	ff6ec1da7a67bf26993a32c813518ee42de04ef58ad7f55d0083b945e2fcb335	38985	exact
asset	TSOClient/FSO.Content.TSO/Content/Avatar/Meshes/au-brown-dead.5fa1e6be00000009.mesh	deaf1498ff1690d1853a0ccaf683270ed0da83f614b01e682dff71ee4af52428	30464	exact
asset	TSOClient/FSO.Content.TSO/Content/Avatar/Meshes/au-brown.48999c2100000009.mesh	64daa7494496c2c09bfad71c9a997c9c1a65c4e49b6dc5322f5763e77ba3ce0b	38985	exact
asset	TSOClient/FSO.Content.TSO/Content/Avatar/Meshes/au-cyan-dead.59cf0bf000000009.mesh	deaf1498ff1690d1853a0ccaf683270ed0da83f614b01e682dff71ee4af52428	30464	exact
asset	TSOClient/FSO.Content.TSO/Content/Avatar/Meshes/au-cyan.b32bb07800000009.mesh	def7d1faf189e77a62b984901cc2be1127942771ccb75b0aeea1da02ff36aa86	38985	exact
asset	TSOClient/FSO.Content.TSO/Content/Avatar/Meshes/au-gray-dead.b324930300000009.mesh	deaf1498ff1690d1853a0ccaf683270ed0da83f614b01e682dff71ee4af52428	30464	exact
asset	TSOClient/FSO.Content.TSO/Content/Avatar/Meshes/au-gray.c4308cce00000009.mesh	7e11fc10e6179e34716f70d27c488f7eaa4c9396c8986a19509e4c90e0a83531	38985	exact
asset	TSOClient/FSO.Content.TSO/Content/Avatar/Meshes/au-green-dead.9f0ecb5500000009.mesh	deaf1498ff1690d1853a0ccaf683270ed0da83f614b01e682dff71ee4af52428	30464	exact
asset	TSOClient/FSO.Content.TSO/Content/Avatar/Meshes/au-green.4dd3505200000009.mesh	e61d14bc6d1b9f883c84095ea99ba96c9edca32be471393c622c02a1575b1984	38985	exact
asset	TSOClient/FSO.Content.TSO/Content/Avatar/Meshes/au-lime-dead.47cc267e00000009.mesh	deaf1498ff1690d1853a0ccaf683270ed0da83f614b01e682dff71ee4af52428	30464	exact
asset	TSOClient/FSO.Content.TSO/Content/Avatar/Meshes/au-lime.94d1d5c800000009.mesh	7a6e3286aa34b4cd903b170725b115de859d46747b3dd1a00deced72879af64a	38985	exact
asset	TSOClient/FSO.Content.TSO/Content/Avatar/Meshes/au-orange-dead.183e716c00000009.mesh	deaf1498ff1690d1853a0ccaf683270ed0da83f614b01e682dff71ee4af52428	30464	exact
asset	TSOClient/FSO.Content.TSO/Content/Avatar/Meshes/au-orange.0a47deee00000009.mesh	7e1f2cffdd4296247ee9f639b972a8dbf29467e87c10c64c51e10a956b11f2f3	38985	exact
asset	TSOClient/FSO.Content.TSO/Content/Avatar/Meshes/au-pink-dead.753b9a9100000009.mesh	deaf1498ff1690d1853a0ccaf683270ed0da83f614b01e682dff71ee4af52428	30464	exact
asset	TSOClient/FSO.Content.TSO/Content/Avatar/Meshes/au-pink.c6c2a58300000009.mesh	3b9154edb06e0ab259fbd45eb124186c39562323c96a6d4f7611505e86028baf	38985	exact
asset	TSOClient/FSO.Content.TSO/Content/Avatar/Meshes/au-purple-dead.160db07400000009.mesh	deaf1498ff1690d1853a0ccaf683270ed0da83f614b01e682dff71ee4af52428	30464	exact
asset	TSOClient/FSO.Content.TSO/Content/Avatar/Meshes/au-purple.e1147cf500000009.mesh	e0d3c96c635a2e6d2d246afba70d1a22512e7c1fbf59144e3c9c580db79a7345	38985	exact
asset	TSOClient/FSO.Content.TSO/Content/Avatar/Meshes/au-red-dead.4f0db14d00000009.mesh	deaf1498ff1690d1853a0ccaf683270ed0da83f614b01e682dff71ee4af52428	30464	exact
asset	TSOClient/FSO.Content.TSO/Content/Avatar/Meshes/au-red.3ff77c9a00000009.mesh	4bf2d1d1cb7e2d4bd03a0f53e6b4f80d852a21d5f09f2bf984cfe029b21afd01	38985	exact
asset	TSOClient/FSO.Content.TSO/Content/Avatar/Meshes/au-white-dead.115fa07d00000009.mesh	deaf1498ff1690d1853a0ccaf683270ed0da83f614b01e682dff71ee4af52428	30464	exact
asset	TSOClient/FSO.Content.TSO/Content/Avatar/Meshes/au-white.19ee14c600000009.mesh	9022a5296c5d8e9dd893bbb75a5015cbbefa33e6455eb43e7967d8a828760b96	38985	exact
asset	TSOClient/FSO.Content.TSO/Content/Avatar/Meshes/au-yellow-dead.844df02700000009.mesh	deaf1498ff1690d1853a0ccaf683270ed0da83f614b01e682dff71ee4af52428	30464	exact
asset	TSOClient/FSO.Content.TSO/Content/Avatar/Meshes/au-yellow.101d397900000009.mesh	2d4bdf288eea8144c84ee4db112f1a6de15a6f11f6de27a2ccb2266181833709	38985	exact
asset	TSOClient/FSO.Content.TSO/Content/Avatar/Meshes/fso-cuff-flora.2897435800000009.mesh	2e9927aced0f69655669fa77b64f61a930716f143a30eaef1c9fbb57843fe8db	25426	exact
asset	TSOClient/FSO.Content.TSO/Content/Avatar/Meshes/fso-cuff-leaf.5faddca500000009.mesh	8c78980e2df0ce79650065e1c4bc7a6225735b4e4bdbf6e0e967ca82f7adc25c	8530	exact
asset	TSOClient/FSO.Content.TSO/Content/Avatar/Meshes/fso-hats-blue.6b804d6200000009.mesh	83e5b5b73b0caf125c6048e2ce679321a21006a342ef0444fe5c43aaeecac411	13013	exact
asset	TSOClient/FSO.Content.TSO/Content/Avatar/Meshes/fso-hats-green.8722060a00000009.mesh	83e5b5b73b0caf125c6048e2ce679321a21006a342ef0444fe5c43aaeecac411	13013	exact
asset	TSOClient/FSO.Content.TSO/Content/Avatar/Meshes/fso-hats-mushroom.2f5fbfab00000009.mesh	9e1286e1cfbaabd2b814883af444f08a44b4b4eb288cc8051935b5bd06cd34e0	4797	exact
asset	TSOClient/FSO.Content.TSO/Content/Avatar/Meshes/fso-hats-orange.80d283ee00000009.mesh	83e5b5b73b0caf125c6048e2ce679321a21006a342ef0444fe5c43aaeecac411	13013	exact
asset	TSOClient/FSO.Content.TSO/Content/Avatar/Meshes/fso-hats-pink.8120021d00000009.mesh	83e5b5b73b0caf125c6048e2ce679321a21006a342ef0444fe5c43aaeecac411	13013	exact
asset	TSOClient/FSO.Content.TSO/Content/Avatar/Meshes/fso-hats-purple.bd0e647900000009.mesh	83e5b5b73b0caf125c6048e2ce679321a21006a342ef0444fe5c43aaeecac411	13013	exact
asset	TSOClient/FSO.Content.TSO/Content/Avatar/Meshes/fso-hats-red.1e5a344f00000009.mesh	83e5b5b73b0caf125c6048e2ce679321a21006a342ef0444fe5c43aaeecac411	13013	exact
asset	TSOClient/FSO.Content.TSO/Content/Avatar/Meshes/fso-hats-white.b4387a0a00000009.mesh	83e5b5b73b0caf125c6048e2ce679321a21006a342ef0444fe5c43aaeecac411	13013	exact
asset	TSOClient/FSO.Content.TSO/Content/Avatar/Meshes/fso-hats-yellow.6273d85a00000009.mesh	83e5b5b73b0caf125c6048e2ce679321a21006a342ef0444fe5c43aaeecac411	13013	exact
asset	TSOClient/FSO.Content.TSO/Content/Avatar/Meshes/fso-heart-mark.4ca65c6500000009.mesh	e7d9ee9fde76afb4d889defcb70160f595f3d66937670045bd67cb8acd4ca7ed	3365	exact
asset	TSOClient/FSO.Content.TSO/Content/Avatar/Meshes/fso-heart-mark.c72160c000000009.mesh	7f3bd5026e32a3235014ad03cd8fdeb390b187f45370a6fbc5e29d72ef0a5b38	2021	exact
asset	TSOClient/FSO.Content.TSO/Content/Avatar/Meshes/fso-pool-floaty-duck.739ea04500000009.mesh	9ef210684914c0a986dad7709d11ede93c8c29820ba94d1c61a6aa0939db69e0	15535	exact
asset	TSOClient/FSO.Content.TSO/Content/Avatar/Meshes/fso-slippers-green-xl.566ae8b900000009.mesh	f0cf1c3b977fdbe054af7d5b1fd9b2d2532325853fdae025bfeecf0520eef6dc	18130	exact
asset	TSOClient/FSO.Content.TSO/Content/Avatar/Meshes/fso-slippers-green.083d9f1800000009.mesh	ef89c82f7e1f0cb233fd091446d2c09518272f4729ff13975b45e5a3768f5e63	18130	exact
asset	TSOClient/FSO.Content.TSO/Content/Avatar/Meshes/fso-slippers-mushroom-xl.9b1e817200000009.mesh	df8bf0c5d16bfbc7f21ffc97cf816fb67e1d536d5832ec06347459e948f84d45	18130	exact
asset	TSOClient/FSO.Content.TSO/Content/Avatar/Meshes/fso-slippers-mushroom.e34f173800000009.mesh	139802cd81c0529da2d06dfdeb7f53053eef20590348beddd4d2fae2cd69c398	18130	exact
asset	TSOClient/FSO.Content.TSO/Content/Avatar/Meshes/fso-slippers-purple-xl.c73bc8e600000009.mesh	f0cf1c3b977fdbe054af7d5b1fd9b2d2532325853fdae025bfeecf0520eef6dc	18130	exact
asset	TSOClient/FSO.Content.TSO/Content/Avatar/Meshes/fso-slippers-purple.3fb3187f00000009.mesh	ef89c82f7e1f0cb233fd091446d2c09518272f4729ff13975b45e5a3768f5e63	18130	exact
asset	TSOClient/FSO.Content.TSO/Content/Avatar/Meshes/fso-suit-candy-bag.3cae86f800000009.mesh	36fc6c8fbb30fbfd4744416842d3a1d5e7f914b7d1a349c1b640f3c66cf0480b	10071	exact
asset	TSOClient/FSO.Content.TSO/Content/Avatar/Meshes/fso-suit-witchhat.7a1f03c000000009.mesh	1072f960eb2d74b6e5ee9f18547358ffc2b58ae30927627cee0c94873424ac8d	13589	exact
asset	TSOClient/FSO.Content.TSO/Content/Avatar/Meshes/fso-sunglasses1.4fd7792d00000009.mesh	7061039ff1a8acabf9c376d06a6fb1b0be9de3f09b618d78e80a76275504380c	16965	exact
asset	TSOClient/FSO.Content.TSO/Content/Avatar/Meshes/fso-sunglasses2.86c563f800000009.mesh	7061039ff1a8acabf9c376d06a6fb1b0be9de3f09b618d78e80a76275504380c	16965	exact
asset	TSOClient/FSO.Content.TSO/Content/Avatar/Meshes/fso-sunglasses3.6aa6a5f400000009.mesh	7061039ff1a8acabf9c376d06a6fb1b0be9de3f09b618d78e80a76275504380c	16965	exact
asset	TSOClient/FSO.Content.TSO/Content/Avatar/Meshes/fso-wings-blue.64c5a20300000009.mesh	df33150956c1416294f214ef7e07529a148697df3bdd9609d21f080eb18a57d0	22663	exact
asset	TSOClient/FSO.Content.TSO/Content/Avatar/Meshes/fso-wings-blush.17ec9ec400000009.mesh	e747e8ae5801bf08c6306d4c1d42a168c485691d3f7fa986230917035803e0eb	34519	exact
asset	TSOClient/FSO.Content.TSO/Content/Avatar/Meshes/fso-wings-carriola.0497538800000009.mesh	f903ae8583b5466c896d8fc991ae745479b74669ce54f1f8d243798c9130dac0	14039	exact
asset	TSOClient/FSO.Content.TSO/Content/Avatar/Meshes/fso-wings-green.6a20b05900000009.mesh	58f5f92a5acea14197e555e80335dbb98a9f475d7cd9d49719ce08f9c6d40cd1	21607	exact
asset	TSOClient/FSO.Content.TSO/Content/Avatar/Meshes/fso-wings-io.761ef3b500000009.mesh	8c483adbd301563290f6d443dbcf11a3caf352c08a47922894f4726f67cd59d1	11927	exact
asset	TSOClient/FSO.Content.TSO/Content/Avatar/Meshes/fso-wings-milkweed.128294c900000009.mesh	a275ad837913eb0b6a9e277b25d5b823393eba50568b3561867efe59ad9f1961	32599	exact
asset	TSOClient/FSO.Content.TSO/Content/Avatar/Meshes/fso-wings-monarch.8f80bdda00000009.mesh	537973bbd7e36a4c9fa9e54d85971f692697f4e6d1d6bc634a6086624d524e01	30407	exact
asset	TSOClient/FSO.Content.TSO/Content/Avatar/Meshes/fso-wings-purple.b3a8daca00000009.mesh	c9ebe93a7aa46be157ff36662d6b3a5316d8b262bbaf8762f675f6003e2bd214	19495	exact
asset	TSOClient/FSO.Content.TSO/Content/Avatar/Meshes/fso-winter-christmasGL.034b6e6200000009.mesh	8b896f04e6282a8377284a238c9ec55a1590bb848c04a8bf175420adb5add5db	26965	exact
asset	TSOClient/FSO.Content.TSO/Content/Avatar/Meshes/fso-winter-christmasH.4d5e860700000009.mesh	ba0f1c8243ad303f7fc0e5430e5f1526a7726aefce692aacc0b821dce24fb011	3893	exact
asset	TSOClient/FSO.Content.TSO/Content/Avatar/Meshes/fso-winter-elfH.877f3c8400000009.mesh	f4a9b2153b20df6e6084e2569638ae479ce1e584d42c3ab8fe8c294c5974d1ad	11973	exact
asset	TSOClient/FSO.Content.TSO/Content/Avatar/Meshes/fso-winter-gbreadGL.c85c08c200000009.mesh	8c36920482c877f09de5934ebca64e3e48631e20842781c3eba22344b6564781	24309	exact
asset	TSOClient/FSO.Content.TSO/Content/Avatar/Meshes/fso-winter-reindeerH.1b8f860d00000009.mesh	383ac95b5830e142ec6833afbd37dddd719ac23cebdcca77cc08912211f58146	10093	exact
asset	TSOClient/FSO.Content.TSO/Content/Avatar/Meshes/fso-winter-santaH.bcde2ce800000009.mesh	2244e671151bae5571768634a0ee72bed26316a07ec5bb6e555b40c87072c5ae	7573	exact
asset	TSOClient/FSO.Content.TSO/Content/Avatar/Meshes/fso-winter-snowmanGL.01b2541700000009.mesh	ed4c6dee24cf2a05c544f69bfde7343f3402f34d127b4fefc7314b79ef2bc214	30397	exact
asset	TSOClient/FSO.Content.TSO/Content/Avatar/Meshes/fso-winter-snowmanH.ac4abde000000009.mesh	44e26339ccbc1e03a073594b672304c30e7891202e0f821f74892b613034f1ad	9181	exact
asset	TSOClient/FSO.Content.TSO/Content/Avatar/Meshes/fso-winter-tophatH.c35b33cb00000009.mesh	d0cd04585e9dc5a373dfa42f971ce02e7f716ed76eca7d39164a90f33ce35da8	12365	exact
asset	TSOClient/FSO.Content.TSO/Content/Avatar/Meshes/fso_face_mask.be4efaff00000009.mesh	835db0a905bcb7e7d0e2628c18824602a411d96bd64e2e4dc806d7b1ddaac5f1	15573	exact
asset	TSOClient/FSO.Content.TSO/Content/Avatar/Meshes/fso_flipflops_1.a066ed6f00000009.mesh	baaf4f2f621147f4807ead511d8e2ca5cc24793c21d10e59d1ae5eacb0767e85	39480	exact
asset	TSOClient/FSO.Content.TSO/Content/Avatar/Meshes/fso_flipflops_1.bb9d53c600000009.mesh	7add113f6a887b8de13635b9d55e7ba8932dcd6329f78db89e845e999416a8cd	39480	exact
asset	TSOClient/FSO.Content.TSO/Content/Avatar/Meshes/fso_flipflops_2.61bae58800000009.mesh	7add113f6a887b8de13635b9d55e7ba8932dcd6329f78db89e845e999416a8cd	39480	exact
asset	TSOClient/FSO.Content.TSO/Content/Avatar/Meshes/fso_flipflops_2.a9dd268a00000009.mesh	baaf4f2f621147f4807ead511d8e2ca5cc24793c21d10e59d1ae5eacb0767e85	39480	exact
asset	TSOClient/FSO.Content.TSO/Content/Avatar/Meshes/fso_flipflops_3.d57fb8b900000009.mesh	7add113f6a887b8de13635b9d55e7ba8932dcd6329f78db89e845e999416a8cd	39480	exact
asset	TSOClient/FSO.Content.TSO/Content/Avatar/Meshes/fso_flipflops_3.e547f57600000009.mesh	baaf4f2f621147f4807ead511d8e2ca5cc24793c21d10e59d1ae5eacb0767e85	39480	exact
asset	TSOClient/FSO.Content.TSO/Content/Avatar/Meshes/fso_flipflops_4.2f1f56cc00000009.mesh	7add113f6a887b8de13635b9d55e7ba8932dcd6329f78db89e845e999416a8cd	39480	exact
asset	TSOClient/FSO.Content.TSO/Content/Avatar/Meshes/fso_flipflops_4.93ce04dc00000009.mesh	baaf4f2f621147f4807ead511d8e2ca5cc24793c21d10e59d1ae5eacb0767e85	39480	exact
asset	TSOClient/FSO.Content.TSO/Content/Avatar/Meshes/fso_flipflops_5.0e32c25800000009.mesh	7add113f6a887b8de13635b9d55e7ba8932dcd6329f78db89e845e999416a8cd	39480	exact
asset	TSOClient/FSO.Content.TSO/Content/Avatar/Meshes/fso_flipflops_5.41e491b400000009.mesh	baaf4f2f621147f4807ead511d8e2ca5cc24793c21d10e59d1ae5eacb0767e85	39480	exact
asset	TSOClient/FSO.Content.TSO/Content/Avatar/Meshes/fso_snorkel.60165e6900000009.mesh	c4a3ceb78b4210d7dfbb49f65b8e14da8d7cb277d6717bcbe2426d3b1c22ffe1	40297	exact
asset	TSOClient/FSO.Content.TSO/Content/Avatar/Meshes/fso_snorkel_xl.64ec335c00000009.mesh	3e056f3b6c841b55817d0630ed70ad9f5d4f68911c0bd1af3784c986b4e07723	37337	exact
asset	TSOClient/FSO.Content.TSO/Content/Avatar/Meshes/fso_umbrella_hat.62144eba00000009.mesh	8b7d9350e932f604852dba4a864124fa374dae17ddaa54049636917acb7ffd54	26469	exact
asset	TSOClient/FSO.Content.TSO/Content/Avatar/Meshes/suit-gumball.8390795000000009.mesh	1e0b7e83e9cd7f7f0878bcdd98674b3fbf51910145d5c9213c636b5fae122d3d	2967	exact
asset	TSOClient/FSO.Content.TSO/Content/Avatar/Meshes/woodaxe.f5c2c18400000009.mesh	a11844f69f80d5a5070b80f7ca4817216cb8498e40245545c32d09998d27dddc	6967	exact
asset	TSOClient/tso.content/Content/MeshReplace/bannerlamp_iff_100.fsom	006f3a51e3363d6b167d2e99d2581ce82f1c3b5daa4bc4ddf0fa3110d9fd4f08	110220	exact
asset	TSOClient/tso.content/Content/MeshReplace/bannerlamp_iff_101.fsom	003973cc1a40d2517a661a8fb3279d7138bbb88c7932528eae33f8971e0ac83e	110220	exact
asset	TSOClient/tso.content/Content/MeshReplace/christmastree_iff_100.fsom	1019bdaa0130be6972e9cf7fd6719052c5f2c7b4b4ccc5f8d9dc8c8d086bb3d2	104369	exact
asset	TSOClient/tso.content/Content/MeshReplace/christmastree_iff_101.fsom	8d55e13cbfa6b8fd908a15370a2b55c4033e11b86a3dc0a0b8b29bb8b63e899b	104369	exact
asset	TSOClient/tso.content/Content/MeshReplace/christmastree_iff_102.fsom	de11a5ec0cab869bf0b569d4d61330d1f79f84a3f2ad8fe1ba408171198c81a9	104369	exact
asset	TSOClient/tso.content/Content/MeshReplace/christmastree_iff_103.fsom	8005e25f7d70a6fe894e7771ac179cafe896b7565fd06bd9a2d994c4c6e9a769	104369	exact
asset	TSOClient/tso.content/Content/MeshReplace/christmastree_iff_104.fsom	76316a22ce8a528bb4b37a3caf36640bf486c22a9184b4896931feed3604e0f6	104369	exact
asset	TSOClient/tso.content/Content/MeshReplace/christmastree_iff_105.fsom	5537dea4add28d8180de06bdecb96dd0a0159ceda307542d0980097f77a3c053	104369	exact
asset	TSOClient/tso.content/Content/MeshReplace/christmastree_iff_106.fsom	ba17ba6f94da1515bb67cb01cf85c12a672365c40f9fda0f03850f52206a9db7	104369	exact
asset	TSOClient/tso.content/Content/MeshReplace/christmastree_iff_107.fsom	84bdbe7be971530790a00d438ca17ea3ead457afbfcee8ed1fffaa1bd62e2593	104369	exact
asset	TSOClient/tso.content/Content/MeshReplace/christmastree_iff_108.fsom	d445fa97cbc0642e352343d46e38c5729edf8ec868cd62f1e4e557924afa8c8b	104369	exact
asset	TSOClient/tso.content/Content/MeshReplace/christmastree_iff_109.fsom	22bbed0412a89d563470ae406a8fe1e0850e2091982b0efaa28936b70df46532	104369	exact
asset	TSOClient/tso.content/Content/MeshReplace/christmastree_iff_110.fsom	01f4b01205a0dfeb8949f1b1612228cbee74d3e3e68494fed77af3b090207de6	104369	exact
asset	TSOClient/tso.content/Content/MeshReplace/christmastree_iff_111.fsom	9fb0eb39ee471e93cb62a3aabf426b41736be1d9d1f8b1e4713762f2a9a581a0	104370	exact
asset	TSOClient/tso.content/Content/MeshReplace/christmastree_iff_112.fsom	05c89c05c6ff6e253d24459758b5990ac7954e69ec75c8a2625a926bc1fc2c29	104370	exact
asset	TSOClient/tso.content/Content/MeshReplace/christmastree_iff_113.fsom	4d6d8bd44246bcbdc9e92fb7f0b671c087c53b6526a1b412e9c907872adc0d07	104369	exact
asset	TSOClient/tso.content/Content/MeshReplace/christmastree_iff_114.fsom	2a35aa423a8052aec6aee486ecb4a1c00551d48767da2efe79365dc232ed9357	104370	exact
asset	TSOClient/tso.content/Content/MeshReplace/christmastree_iff_115.fsom	f3670dddf3585635d3b6bde886fbcc535b1b6f81b80d4e584911ae8cd825f5c3	104369	exact
asset	TSOClient/tso.content/Content/MeshReplace/christmastree_iff_200.fsom	b5d5c8e304b8a21011d85627471335bffd22237fe1d1506ef512a6146953f409	52	exact
asset	TSOClient/tso.content/Content/MeshReplace/christmastree_iff_201.fsom	1582511a7489f0486ff8a2b37adfd61811c0c0174bd41fae877067b32f13312b	52	exact
asset	TSOClient/tso.content/Content/MeshReplace/christmastree_iff_202.fsom	336c33d970b34890a7795bcf95a1e0fbc9428431954355abd84879182c4bdecd	52	exact
asset	TSOClient/tso.content/Content/MeshReplace/christmastree_iff_203.fsom	aa80f053981074585950e6c6a886c7ea99ebf2199222a4701e5963dd4f24f4ee	52	exact
asset	TSOClient/tso.content/Content/MeshReplace/christmastree_iff_204.fsom	24500445635078d42c47f455a5c0cdd323122b9f8103f7421fd532b8ddd51e7a	52	exact
asset	TSOClient/tso.content/Content/MeshReplace/christmastree_iff_205.fsom	4bc39b7bf985cdbab71ea6ca5d5c52a52b227bf0923c90ddb014d7992f643211	52	exact
asset	TSOClient/tso.content/Content/MeshReplace/christmastree_iff_206.fsom	0fc5cfbdede4f4ed77d2e2c0a2d9ba325c09935509bf9de9232bfb02252d20ad	52	exact
asset	TSOClient/tso.content/Content/MeshReplace/christmastree_iff_207.fsom	784d432564d81a427e4d4b6db4d27006136ed8da3b8faf10b81bb65d81fbe236	52	exact
asset	TSOClient/tso.content/Content/MeshReplace/christmastree_iff_208.fsom	be4a1fccbecae1690431f824210cf5cc61d1c3e2506917d54ccff79e98cd6226	52	exact
asset	TSOClient/tso.content/Content/MeshReplace/christmastree_iff_209.fsom	481067e5514f75344484ccf82ab1258b29932a82a2fc71e792b3c1c4718f5c75	52	exact
asset	TSOClient/tso.content/Content/MeshReplace/christmastree_iff_210.fsom	a1a9254cd7bef1913aca4646d379b545bf464cd048fee101d66f97e5fcf3f4dc	52	exact
asset	TSOClient/tso.content/Content/MeshReplace/christmastree_iff_211.fsom	3891f0d07ffe6b5bb46e8efe5c3657d927dec89c087960507c8cfae2bc22597f	52	exact
asset	TSOClient/tso.content/Content/MeshReplace/christmastree_iff_212.fsom	08da7dd49b1a5208a1d54c743a8bb591961a8b2c68f0000b669be1d6d107a18a	52	exact
asset	TSOClient/tso.content/Content/MeshReplace/christmastree_iff_213.fsom	f57d175f6f6a7a4c3ef3ee1292bf02454f7fd7d9d63ce5b3c84eac950d0d96c9	52	exact
asset	TSOClient/tso.content/Content/MeshReplace/christmastree_iff_214.fsom	da7e28a448236cf736c8fd085c482b4f79d26a78343f0aa0330f05507551a2df	52	exact
asset	TSOClient/tso.content/Content/MeshReplace/christmastree_iff_215.fsom	3395d6577da76d75700a98fde881fa1a65772592a6b935397804bad51ad1b728	52	exact
asset	TSOClient/tso.content/Content/MeshReplace/christmastree_iff_315.fsom	6d422fa82d4e7dd7338e5116ea8dd15d006debc82c8ec3a43007372447045f2c	52	exact
asset	TSOClient/tso.content/Content/MeshReplace/christmastree_iff_415.fsom	4d00c1a792f6bdff9d153a6e51043972cc6e60554b13ce44f976c34189b79d26	52	exact
asset	TSOClient/tso.content/Content/MeshReplace/christmastree_iff_500.fsom	b30faccca6c6e43a80c3fb818cb2784dd53e5601f167f5f1fb9a51dbcdeb9450	104369	exact
asset	TSOClient/tso.content/Content/MeshReplace/christmastree_iff_501.fsom	bfaa1ccad2b52a163cac6402ae2778f7aa9930e14fe650cf0ce7d0ee77b05301	104369	exact
asset	TSOClient/tso.content/Content/MeshReplace/christmastree_iff_504.fsom	559c7790d6d7197b962addff98c050762ca7c7a78a1f9bd7ae96bdb224be97a3	104369	exact
asset	TSOClient/tso.content/Content/MeshReplace/cursors_iff_300.fsom	8454556f7ace7acf859185966ace695a9935388a778435716f401cfbbf30bb3f	11429	exact
asset	TSOClient/tso.content/Content/MeshReplace/cursors_iff_301.fsom	7fc7e49c96f64d167eed4039409c9983360679201f0330d3bdc854fdae0b7043	12082	exact
asset	TSOClient/tso.content/Content/MeshReplace/cursors_iff_302.fsom	a15b9188522b457046df92a1855b4f892253c7dca7c34cbdf71196013afcb036	11339	exact
asset	TSOClient/tso.content/Content/MeshReplace/cursors_iff_303.fsom	5f6412c9d7b86742ea22873d5eafbd1c4ada476aad1d9e2948e259c0568e425b	11427	exact
asset	TSOClient/tso.content/Content/MeshReplace/splitrailfence_iff_100.fsom	d6f4ee527516c598ae635e2c989d91e059ab7def570f9ad87524c80deffd9027	19924	exact
original_source	4c6b3e8f5835b228723caea3c9f683c62f244f73	{"anim": 50, "apr": 120, "bnd": 120, "fsom": 44, "mesh": 121}
test checked_in_original_avatar_and_reconstruction_payloads_roundtrip_exactly ... ok

test result: ok. 1 passed; 0 failed; 0 ignored; 0 measured; 0 filtered out; finished in 1.73s

