PASS	/tmp/wonderland-b-verify-root/wonderland-iff-oracle-4ff23utv/edits/Casino_End_Display_CC.iff.edit-0.iff
PASS	/tmp/wonderland-b-verify-root/wonderland-iff-oracle-4ff23utv/edits/Casino_End_Display_CC.iff.edit-1.iff
PASS	/tmp/wonderland-b-verify-root/wonderland-iff-oracle-4ff23utv/edits/Casino_End_Display_CC.iff.edit-2.iff
PASS	/tmp/wonderland-b-verify-root/wonderland-iff-oracle-4ff23utv/edits/Casino_End_Display_CC.iff.edit-3.iff
PASS	/tmp/wonderland-b-verify-root/wonderland-iff-oracle-4ff23utv/edits/Casino_End_Display_CC.iff.edit-4.iff
PASS	/tmp/wonderland-b-verify-root/wonderland-iff-oracle-4ff23utv/edits/fso-mars_spiral-wood-decor.iff.edit-0.iff
PASS	/tmp/wonderland-b-verify-root/wonderland-iff-oracle-4ff23utv/edits/fso-mars_spiral-wood-decor.iff.edit-1.iff
PASS	/tmp/wonderland-b-verify-root/wonderland-iff-oracle-4ff23utv/edits/fso-mars_spiral-wood-decor.iff.edit-2.iff
PASS	/tmp/wonderland-b-verify-root/wonderland-iff-oracle-4ff23utv/edits/fso-mars_spiral-wood-decor.iff.edit-3.iff
PASS	/tmp/wonderland-b-verify-root/wonderland-iff-oracle-4ff23utv/edits/fso-mars_spiral-wood-decor.iff.edit-4.iff
PASS	/tmp/wonderland-b-verify-root/wonderland-iff-oracle-4ff23utv/edits/fso_game_door.iff.edit-0.iff
PASS	/tmp/wonderland-b-verify-root/wonderland-iff-oracle-4ff23utv/edits/fso_game_door.iff.edit-1.iff
PASS	/tmp/wonderland-b-verify-root/wonderland-iff-oracle-4ff23utv/edits/fso_game_door.iff.edit-2.iff
PASS	/tmp/wonderland-b-verify-root/wonderland-iff-oracle-4ff23utv/edits/fso_game_door.iff.edit-3.iff
PASS	/tmp/wonderland-b-verify-root/wonderland-iff-oracle-4ff23utv/edits/fso_game_door.iff.edit-4.iff
PASS	/tmp/wonderland-b-verify-root/wonderland-iff-oracle-4ff23utv/edits/k8capchairts.iff.edit-0.iff
PASS	/tmp/wonderland-b-verify-root/wonderland-iff-oracle-4ff23utv/edits/k8capchairts.iff.edit-1.iff
PASS	/tmp/wonderland-b-verify-root/wonderland-iff-oracle-4ff23utv/edits/k8capchairts.iff.edit-2.iff
PASS	/tmp/wonderland-b-verify-root/wonderland-iff-oracle-4ff23utv/edits/k8capchairts.iff.edit-3.iff
PASS	/tmp/wonderland-b-verify-root/wonderland-iff-oracle-4ff23utv/edits/k8capchairts.iff.edit-4.iff
PASS	/tmp/wonderland-b-verify-root/wonderland-iff-oracle-4ff23utv/edits/k8capcoffeetablehd.iff.edit-0.iff
PASS	/tmp/wonderland-b-verify-root/wonderland-iff-oracle-4ff23utv/edits/k8capcoffeetablehd.iff.edit-1.iff
PASS	/tmp/wonderland-b-verify-root/wonderland-iff-oracle-4ff23utv/edits/k8capcoffeetablehd.iff.edit-2.iff
PASS	/tmp/wonderland-b-verify-root/wonderland-iff-oracle-4ff23utv/edits/k8capcoffeetablehd.iff.edit-3.iff
PASS	/tmp/wonderland-b-verify-root/wonderland-iff-oracle-4ff23utv/edits/k8capcoffeetablehd.iff.edit-4.iff
PASS	/tmp/wonderland-b-verify-root/wonderland-iff-oracle-4ff23utv/edits/k8capdresserhd.iff.edit-0.iff
PASS	/tmp/wonderland-b-verify-root/wonderland-iff-oracle-4ff23utv/edits/k8capdresserhd.iff.edit-1.iff
PASS	/tmp/wonderland-b-verify-root/wonderland-iff-oracle-4ff23utv/edits/k8capdresserhd.iff.edit-2.iff
PASS	/tmp/wonderland-b-verify-root/wonderland-iff-oracle-4ff23utv/edits/k8capdresserhd.iff.edit-3.iff
PASS	/tmp/wonderland-b-verify-root/wonderland-iff-oracle-4ff23utv/edits/k8capdresserhd.iff.edit-4.iff
PASS	/tmp/wonderland-b-verify-root/wonderland-iff-oracle-4ff23utv/edits/k8capendtablets.iff.edit-0.iff
PASS	/tmp/wonderland-b-verify-root/wonderland-iff-oracle-4ff23utv/edits/k8capendtablets.iff.edit-1.iff
PASS	/tmp/wonderland-b-verify-root/wonderland-iff-oracle-4ff23utv/edits/k8capendtablets.iff.edit-2.iff
PASS	/tmp/wonderland-b-verify-root/wonderland-iff-oracle-4ff23utv/edits/k8capendtablets.iff.edit-3.iff
PASS	/tmp/wonderland-b-verify-root/wonderland-iff-oracle-4ff23utv/edits/k8capendtablets.iff.edit-4.iff
PASS	/tmp/wonderland-b-verify-root/wonderland-iff-oracle-4ff23utv/edits/k8capfloorlamphd.iff.edit-0.iff
PASS	/tmp/wonderland-b-verify-root/wonderland-iff-oracle-4ff23utv/edits/k8capfloorlamphd.iff.edit-1.iff
PASS	/tmp/wonderland-b-verify-root/wonderland-iff-oracle-4ff23utv/edits/k8capfloorlamphd.iff.edit-2.iff
PASS	/tmp/wonderland-b-verify-root/wonderland-iff-oracle-4ff23utv/edits/k8capfloorlamphd.iff.edit-3.iff
PASS	/tmp/wonderland-b-verify-root/wonderland-iff-oracle-4ff23utv/edits/k8capfloorlamphd.iff.edit-4.iff
PASS	/tmp/wonderland-b-verify-root/wonderland-iff-oracle-4ff23utv/edits/k8capplantts.iff.edit-0.iff
PASS	/tmp/wonderland-b-verify-root/wonderland-iff-oracle-4ff23utv/edits/k8capplantts.iff.edit-1.iff
PASS	/tmp/wonderland-b-verify-root/wonderland-iff-oracle-4ff23utv/edits/k8capplantts.iff.edit-2.iff
PASS	/tmp/wonderland-b-verify-root/wonderland-iff-oracle-4ff23utv/edits/k8capplantts.iff.edit-3.iff
PASS	/tmp/wonderland-b-verify-root/wonderland-iff-oracle-4ff23utv/edits/k8capplantts.iff.edit-4.iff
PASS	/tmp/wonderland-b-verify-root/wonderland-iff-oracle-4ff23utv/edits/k8captablelamphd.iff.edit-0.iff
PASS	/tmp/wonderland-b-verify-root/wonderland-iff-oracle-4ff23utv/edits/k8captablelamphd.iff.edit-1.iff
PASS	/tmp/wonderland-b-verify-root/wonderland-iff-oracle-4ff23utv/edits/k8captablelamphd.iff.edit-2.iff
PASS	/tmp/wonderland-b-verify-root/wonderland-iff-oracle-4ff23utv/edits/k8captablelamphd.iff.edit-3.iff
PASS	/tmp/wonderland-b-verify-root/wonderland-iff-oracle-4ff23utv/edits/k8captablelamphd.iff.edit-4.iff
PASS	/tmp/wonderland-b-verify-root/wonderland-iff-oracle-4ff23utv/edits/k8elgceilinglamp.iff.edit-0.iff
PASS	/tmp/wonderland-b-verify-root/wonderland-iff-oracle-4ff23utv/edits/k8elgceilinglamp.iff.edit-1.iff
PASS	/tmp/wonderland-b-verify-root/wonderland-iff-oracle-4ff23utv/edits/k8elgceilinglamp.iff.edit-2.iff
PASS	/tmp/wonderland-b-verify-root/wonderland-iff-oracle-4ff23utv/edits/k8elgceilinglamp.iff.edit-3.iff
PASS	/tmp/wonderland-b-verify-root/wonderland-iff-oracle-4ff23utv/edits/k8elgceilinglamp.iff.edit-4.iff
PASS	/tmp/wonderland-b-verify-root/wonderland-iff-oracle-4ff23utv/edits/k8elgchair.iff.edit-0.iff
PASS	/tmp/wonderland-b-verify-root/wonderland-iff-oracle-4ff23utv/edits/k8elgchair.iff.edit-1.iff
PASS	/tmp/wonderland-b-verify-root/wonderland-iff-oracle-4ff23utv/edits/k8elgchair.iff.edit-2.iff
PASS	/tmp/wonderland-b-verify-root/wonderland-iff-oracle-4ff23utv/edits/k8elgchair.iff.edit-3.iff
PASS	/tmp/wonderland-b-verify-root/wonderland-iff-oracle-4ff23utv/edits/k8elgchair.iff.edit-4.iff
PASS	/tmp/wonderland-b-verify-root/wonderland-iff-oracle-4ff23utv/edits/k8elgcurtain.iff.edit-0.iff
PASS	/tmp/wonderland-b-verify-root/wonderland-iff-oracle-4ff23utv/edits/k8elgcurtain.iff.edit-1.iff
PASS	/tmp/wonderland-b-verify-root/wonderland-iff-oracle-4ff23utv/edits/k8elgcurtain.iff.edit-2.iff
PASS	/tmp/wonderland-b-verify-root/wonderland-iff-oracle-4ff23utv/edits/k8elgcurtain.iff.edit-3.iff
validated=64 rejected=0
