PASS	/tmp/wonderland-b-verify-root/wonderland-iff-oracle-4ff23utv/edits/k8essbedroomsuitcase2ts.iff.edit-3.iff
PASS	/tmp/wonderland-b-verify-root/wonderland-iff-oracle-4ff23utv/edits/k8essbedroomsuitcase2ts.iff.edit-4.iff
PASS	/tmp/wonderland-b-verify-root/wonderland-iff-oracle-4ff23utv/edits/k8essbedroomsuitcasets.iff.edit-0.iff
PASS	/tmp/wonderland-b-verify-root/wonderland-iff-oracle-4ff23utv/edits/k8essbedroomsuitcasets.iff.edit-1.iff
PASS	/tmp/wonderland-b-verify-root/wonderland-iff-oracle-4ff23utv/edits/k8essbedroomsuitcasets.iff.edit-2.iff
PASS	/tmp/wonderland-b-verify-root/wonderland-iff-oracle-4ff23utv/edits/k8essbedroomsuitcasets.iff.edit-3.iff
PASS	/tmp/wonderland-b-verify-root/wonderland-iff-oracle-4ff23utv/edits/k8essbedroomsuitcasets.iff.edit-4.iff
PASS	/tmp/wonderland-b-verify-root/wonderland-iff-oracle-4ff23utv/edits/k8essdiningnapkinssv.iff.edit-0.iff
PASS	/tmp/wonderland-b-verify-root/wonderland-iff-oracle-4ff23utv/edits/k8essdiningnapkinssv.iff.edit-1.iff
PASS	/tmp/wonderland-b-verify-root/wonderland-iff-oracle-4ff23utv/edits/k8essdiningnapkinssv.iff.edit-2.iff
PASS	/tmp/wonderland-b-verify-root/wonderland-iff-oracle-4ff23utv/edits/k8essdiningnapkinssv.iff.edit-3.iff
PASS	/tmp/wonderland-b-verify-root/wonderland-iff-oracle-4ff23utv/edits/k8essdiningnapkinssv.iff.edit-4.iff
PASS	/tmp/wonderland-b-verify-root/wonderland-iff-oracle-4ff23utv/edits/k8essdiningteacupsv.iff.edit-0.iff
PASS	/tmp/wonderland-b-verify-root/wonderland-iff-oracle-4ff23utv/edits/k8essdiningteacupsv.iff.edit-1.iff
PASS	/tmp/wonderland-b-verify-root/wonderland-iff-oracle-4ff23utv/edits/k8essdiningteacupsv.iff.edit-2.iff
PASS	/tmp/wonderland-b-verify-root/wonderland-iff-oracle-4ff23utv/edits/k8essdiningteacupsv.iff.edit-3.iff
PASS	/tmp/wonderland-b-verify-root/wonderland-iff-oracle-4ff23utv/edits/k8essdiningteacupsv.iff.edit-4.iff
PASS	/tmp/wonderland-b-verify-root/wonderland-iff-oracle-4ff23utv/edits/k8essdiningwinebottlesv.iff.edit-0.iff
PASS	/tmp/wonderland-b-verify-root/wonderland-iff-oracle-4ff23utv/edits/k8essdiningwinebottlesv.iff.edit-1.iff
PASS	/tmp/wonderland-b-verify-root/wonderland-iff-oracle-4ff23utv/edits/k8essdiningwinebottlesv.iff.edit-2.iff
PASS	/tmp/wonderland-b-verify-root/wonderland-iff-oracle-4ff23utv/edits/k8essdiningwinebottlesv.iff.edit-3.iff
PASS	/tmp/wonderland-b-verify-root/wonderland-iff-oracle-4ff23utv/edits/k8essdiningwinebottlesv.iff.edit-4.iff
PASS	/tmp/wonderland-b-verify-root/wonderland-iff-oracle-4ff23utv/edits/k8essgardenbeachballts.iff.edit-0.iff
PASS	/tmp/wonderland-b-verify-root/wonderland-iff-oracle-4ff23utv/edits/k8essgardenbeachballts.iff.edit-1.iff
PASS	/tmp/wonderland-b-verify-root/wonderland-iff-oracle-4ff23utv/edits/k8essgardenbeachballts.iff.edit-2.iff
PASS	/tmp/wonderland-b-verify-root/wonderland-iff-oracle-4ff23utv/edits/k8essgardenbeachballts.iff.edit-3.iff
PASS	/tmp/wonderland-b-verify-root/wonderland-iff-oracle-4ff23utv/edits/k8essgardenbeachballts.iff.edit-4.iff
PASS	/tmp/wonderland-b-verify-root/wonderland-iff-oracle-4ff23utv/edits/k8essgardenbootsts.iff.edit-0.iff
PASS	/tmp/wonderland-b-verify-root/wonderland-iff-oracle-4ff23utv/edits/k8essgardenbootsts.iff.edit-1.iff
PASS	/tmp/wonderland-b-verify-root/wonderland-iff-oracle-4ff23utv/edits/k8essgardenbootsts.iff.edit-2.iff
PASS	/tmp/wonderland-b-verify-root/wonderland-iff-oracle-4ff23utv/edits/k8essgardenbootsts.iff.edit-3.iff
PASS	/tmp/wonderland-b-verify-root/wonderland-iff-oracle-4ff23utv/edits/k8essgardenbootsts.iff.edit-4.iff
PASS	/tmp/wonderland-b-verify-root/wonderland-iff-oracle-4ff23utv/edits/k8essgardenchoppinglogts.iff.edit-0.iff
PASS	/tmp/wonderland-b-verify-root/wonderland-iff-oracle-4ff23utv/edits/k8essgardenchoppinglogts.iff.edit-1.iff
PASS	/tmp/wonderland-b-verify-root/wonderland-iff-oracle-4ff23utv/edits/k8essgardenchoppinglogts.iff.edit-2.iff
PASS	/tmp/wonderland-b-verify-root/wonderland-iff-oracle-4ff23utv/edits/k8essgardenchoppinglogts.iff.edit-3.iff
PASS	/tmp/wonderland-b-verify-root/wonderland-iff-oracle-4ff23utv/edits/k8essgardenchoppinglogts.iff.edit-4.iff
PASS	/tmp/wonderland-b-verify-root/wonderland-iff-oracle-4ff23utv/edits/k8essgardenfootballts.iff.edit-0.iff
PASS	/tmp/wonderland-b-verify-root/wonderland-iff-oracle-4ff23utv/edits/k8essgardenfootballts.iff.edit-1.iff
PASS	/tmp/wonderland-b-verify-root/wonderland-iff-oracle-4ff23utv/edits/k8essgardenfootballts.iff.edit-2.iff
PASS	/tmp/wonderland-b-verify-root/wonderland-iff-oracle-4ff23utv/edits/k8essgardenfootballts.iff.edit-3.iff
PASS	/tmp/wonderland-b-verify-root/wonderland-iff-oracle-4ff23utv/edits/k8essgardenfootballts.iff.edit-4.iff
PASS	/tmp/wonderland-b-verify-root/wonderland-iff-oracle-4ff23utv/edits/k8essgardengasbottlets.iff.edit-0.iff
PASS	/tmp/wonderland-b-verify-root/wonderland-iff-oracle-4ff23utv/edits/k8essgardengasbottlets.iff.edit-1.iff
PASS	/tmp/wonderland-b-verify-root/wonderland-iff-oracle-4ff23utv/edits/k8essgardengasbottlets.iff.edit-2.iff
PASS	/tmp/wonderland-b-verify-root/wonderland-iff-oracle-4ff23utv/edits/k8essgardengasbottlets.iff.edit-3.iff
PASS	/tmp/wonderland-b-verify-root/wonderland-iff-oracle-4ff23utv/edits/k8essgardengasbottlets.iff.edit-4.iff
PASS	/tmp/wonderland-b-verify-root/wonderland-iff-oracle-4ff23utv/edits/k8essgardenhosets.iff.edit-0.iff
PASS	/tmp/wonderland-b-verify-root/wonderland-iff-oracle-4ff23utv/edits/k8essgardenhosets.iff.edit-1.iff
PASS	/tmp/wonderland-b-verify-root/wonderland-iff-oracle-4ff23utv/edits/k8essgardenhosets.iff.edit-2.iff
PASS	/tmp/wonderland-b-verify-root/wonderland-iff-oracle-4ff23utv/edits/k8essgardenhosets.iff.edit-3.iff
PASS	/tmp/wonderland-b-verify-root/wonderland-iff-oracle-4ff23utv/edits/k8essgardenhosets.iff.edit-4.iff
PASS	/tmp/wonderland-b-verify-root/wonderland-iff-oracle-4ff23utv/edits/k8essgardenlogsts.iff.edit-0.iff
PASS	/tmp/wonderland-b-verify-root/wonderland-iff-oracle-4ff23utv/edits/k8essgardenlogsts.iff.edit-1.iff
PASS	/tmp/wonderland-b-verify-root/wonderland-iff-oracle-4ff23utv/edits/k8essgardenlogsts.iff.edit-2.iff
PASS	/tmp/wonderland-b-verify-root/wonderland-iff-oracle-4ff23utv/edits/k8essgardenlogsts.iff.edit-3.iff
PASS	/tmp/wonderland-b-verify-root/wonderland-iff-oracle-4ff23utv/edits/k8essgardenlogsts.iff.edit-4.iff
PASS	/tmp/wonderland-b-verify-root/wonderland-iff-oracle-4ff23utv/edits/k8essgardenstepladderts.iff.edit-0.iff
PASS	/tmp/wonderland-b-verify-root/wonderland-iff-oracle-4ff23utv/edits/k8essgardenstepladderts.iff.edit-1.iff
PASS	/tmp/wonderland-b-verify-root/wonderland-iff-oracle-4ff23utv/edits/k8essgardenstepladderts.iff.edit-2.iff
PASS	/tmp/wonderland-b-verify-root/wonderland-iff-oracle-4ff23utv/edits/k8essgardenstepladderts.iff.edit-3.iff
PASS	/tmp/wonderland-b-verify-root/wonderland-iff-oracle-4ff23utv/edits/k8essgardenstepladderts.iff.edit-4.iff
PASS	/tmp/wonderland-b-verify-root/wonderland-iff-oracle-4ff23utv/edits/k8essgardentirests.iff.edit-0.iff
PASS	/tmp/wonderland-b-verify-root/wonderland-iff-oracle-4ff23utv/edits/k8essgardentirests.iff.edit-1.iff
validated=64 rejected=0
