PASS	/tmp/wonderland-b-verify-root/wonderland-iff-oracle-4ff23utv/edits/k8esshalltennisracketsss.iff.edit-1.iff
PASS	/tmp/wonderland-b-verify-root/wonderland-iff-oracle-4ff23utv/edits/k8esshalltennisracketsss.iff.edit-2.iff
PASS	/tmp/wonderland-b-verify-root/wonderland-iff-oracle-4ff23utv/edits/k8esshalltennisracketsss.iff.edit-3.iff
PASS	/tmp/wonderland-b-verify-root/wonderland-iff-oracle-4ff23utv/edits/k8esshalltennisracketsss.iff.edit-4.iff
PASS	/tmp/wonderland-b-verify-root/wonderland-iff-oracle-4ff23utv/edits/k8esshallumbrellafloorts.iff.edit-0.iff
PASS	/tmp/wonderland-b-verify-root/wonderland-iff-oracle-4ff23utv/edits/k8esshallumbrellafloorts.iff.edit-1.iff
PASS	/tmp/wonderland-b-verify-root/wonderland-iff-oracle-4ff23utv/edits/k8esshallumbrellafloorts.iff.edit-2.iff
PASS	/tmp/wonderland-b-verify-root/wonderland-iff-oracle-4ff23utv/edits/k8esshallumbrellafloorts.iff.edit-3.iff
PASS	/tmp/wonderland-b-verify-root/wonderland-iff-oracle-4ff23utv/edits/k8esshallumbrellafloorts.iff.edit-4.iff
PASS	/tmp/wonderland-b-verify-root/wonderland-iff-oracle-4ff23utv/edits/k8esskitchenblendersv.iff.edit-0.iff
PASS	/tmp/wonderland-b-verify-root/wonderland-iff-oracle-4ff23utv/edits/k8esskitchenblendersv.iff.edit-1.iff
PASS	/tmp/wonderland-b-verify-root/wonderland-iff-oracle-4ff23utv/edits/k8esskitchenblendersv.iff.edit-2.iff
PASS	/tmp/wonderland-b-verify-root/wonderland-iff-oracle-4ff23utv/edits/k8esskitchenblendersv.iff.edit-3.iff
PASS	/tmp/wonderland-b-verify-root/wonderland-iff-oracle-4ff23utv/edits/k8esskitchenblendersv.iff.edit-4.iff
PASS	/tmp/wonderland-b-verify-root/wonderland-iff-oracle-4ff23utv/edits/k8esskitchenbucketts.iff.edit-0.iff
PASS	/tmp/wonderland-b-verify-root/wonderland-iff-oracle-4ff23utv/edits/k8esskitchenbucketts.iff.edit-1.iff
PASS	/tmp/wonderland-b-verify-root/wonderland-iff-oracle-4ff23utv/edits/k8esskitchenbucketts.iff.edit-2.iff
PASS	/tmp/wonderland-b-verify-root/wonderland-iff-oracle-4ff23utv/edits/k8esskitchenbucketts.iff.edit-3.iff
PASS	/tmp/wonderland-b-verify-root/wonderland-iff-oracle-4ff23utv/edits/k8esskitchenbucketts.iff.edit-4.iff
PASS	/tmp/wonderland-b-verify-root/wonderland-iff-oracle-4ff23utv/edits/k8esskitchenchoppingboardsv.iff.edit-0.iff
PASS	/tmp/wonderland-b-verify-root/wonderland-iff-oracle-4ff23utv/edits/k8esskitchenchoppingboardsv.iff.edit-1.iff
PASS	/tmp/wonderland-b-verify-root/wonderland-iff-oracle-4ff23utv/edits/k8esskitchenchoppingboardsv.iff.edit-2.iff
PASS	/tmp/wonderland-b-verify-root/wonderland-iff-oracle-4ff23utv/edits/k8esskitchenchoppingboardsv.iff.edit-3.iff
PASS	/tmp/wonderland-b-verify-root/wonderland-iff-oracle-4ff23utv/edits/k8esskitchenchoppingboardsv.iff.edit-4.iff
PASS	/tmp/wonderland-b-verify-root/wonderland-iff-oracle-4ff23utv/edits/k8esskitchenclothesairerts.iff.edit-0.iff
PASS	/tmp/wonderland-b-verify-root/wonderland-iff-oracle-4ff23utv/edits/k8esskitchenclothesairerts.iff.edit-1.iff
PASS	/tmp/wonderland-b-verify-root/wonderland-iff-oracle-4ff23utv/edits/k8esskitchenclothesairerts.iff.edit-2.iff
PASS	/tmp/wonderland-b-verify-root/wonderland-iff-oracle-4ff23utv/edits/k8esskitchenclothesairerts.iff.edit-3.iff
PASS	/tmp/wonderland-b-verify-root/wonderland-iff-oracle-4ff23utv/edits/k8esskitchenclothesairerts.iff.edit-4.iff
PASS	/tmp/wonderland-b-verify-root/wonderland-iff-oracle-4ff23utv/edits/k8esskitchendishracksv.iff.edit-0.iff
PASS	/tmp/wonderland-b-verify-root/wonderland-iff-oracle-4ff23utv/edits/k8esskitchendishracksv.iff.edit-1.iff
PASS	/tmp/wonderland-b-verify-root/wonderland-iff-oracle-4ff23utv/edits/k8esskitchendishracksv.iff.edit-2.iff
PASS	/tmp/wonderland-b-verify-root/wonderland-iff-oracle-4ff23utv/edits/k8esskitchendishracksv.iff.edit-3.iff
PASS	/tmp/wonderland-b-verify-root/wonderland-iff-oracle-4ff23utv/edits/k8esskitchendishracksv.iff.edit-4.iff
PASS	/tmp/wonderland-b-verify-root/wonderland-iff-oracle-4ff23utv/edits/k8esskitchendressingsv.iff.edit-0.iff
PASS	/tmp/wonderland-b-verify-root/wonderland-iff-oracle-4ff23utv/edits/k8esskitchendressingsv.iff.edit-1.iff
PASS	/tmp/wonderland-b-verify-root/wonderland-iff-oracle-4ff23utv/edits/k8esskitchendressingsv.iff.edit-2.iff
PASS	/tmp/wonderland-b-verify-root/wonderland-iff-oracle-4ff23utv/edits/k8esskitchendressingsv.iff.edit-3.iff
PASS	/tmp/wonderland-b-verify-root/wonderland-iff-oracle-4ff23utv/edits/k8esskitchendressingsv.iff.edit-4.iff
PASS	/tmp/wonderland-b-verify-root/wonderland-iff-oracle-4ff23utv/edits/k8esskitchenfirstaidkithd.iff.edit-0.iff
PASS	/tmp/wonderland-b-verify-root/wonderland-iff-oracle-4ff23utv/edits/k8esskitchenfirstaidkithd.iff.edit-1.iff
PASS	/tmp/wonderland-b-verify-root/wonderland-iff-oracle-4ff23utv/edits/k8esskitchenfirstaidkithd.iff.edit-2.iff
PASS	/tmp/wonderland-b-verify-root/wonderland-iff-oracle-4ff23utv/edits/k8esskitchenfirstaidkithd.iff.edit-3.iff
PASS	/tmp/wonderland-b-verify-root/wonderland-iff-oracle-4ff23utv/edits/k8esskitchenfirstaidkithd.iff.edit-4.iff
PASS	/tmp/wonderland-b-verify-root/wonderland-iff-oracle-4ff23utv/edits/k8esskitchengrocerybagts.iff.edit-0.iff
PASS	/tmp/wonderland-b-verify-root/wonderland-iff-oracle-4ff23utv/edits/k8esskitchengrocerybagts.iff.edit-1.iff
PASS	/tmp/wonderland-b-verify-root/wonderland-iff-oracle-4ff23utv/edits/k8esskitchengrocerybagts.iff.edit-2.iff
PASS	/tmp/wonderland-b-verify-root/wonderland-iff-oracle-4ff23utv/edits/k8esskitchengrocerybagts.iff.edit-3.iff
PASS	/tmp/wonderland-b-verify-root/wonderland-iff-oracle-4ff23utv/edits/k8esskitchengrocerybagts.iff.edit-4.iff
PASS	/tmp/wonderland-b-verify-root/wonderland-iff-oracle-4ff23utv/edits/k8esskitchenironingboard2ts.iff.edit-0.iff
PASS	/tmp/wonderland-b-verify-root/wonderland-iff-oracle-4ff23utv/edits/k8esskitchenironingboard2ts.iff.edit-1.iff
PASS	/tmp/wonderland-b-verify-root/wonderland-iff-oracle-4ff23utv/edits/k8esskitchenironingboard2ts.iff.edit-2.iff
PASS	/tmp/wonderland-b-verify-root/wonderland-iff-oracle-4ff23utv/edits/k8esskitchenironingboard2ts.iff.edit-3.iff
PASS	/tmp/wonderland-b-verify-root/wonderland-iff-oracle-4ff23utv/edits/k8esskitchenironingboard2ts.iff.edit-4.iff
PASS	/tmp/wonderland-b-verify-root/wonderland-iff-oracle-4ff23utv/edits/k8esskitchenironingboardts.iff.edit-0.iff
PASS	/tmp/wonderland-b-verify-root/wonderland-iff-oracle-4ff23utv/edits/k8esskitchenironingboardts.iff.edit-1.iff
PASS	/tmp/wonderland-b-verify-root/wonderland-iff-oracle-4ff23utv/edits/k8esskitchenironingboardts.iff.edit-2.iff
PASS	/tmp/wonderland-b-verify-root/wonderland-iff-oracle-4ff23utv/edits/k8esskitchenironingboardts.iff.edit-3.iff
PASS	/tmp/wonderland-b-verify-root/wonderland-iff-oracle-4ff23utv/edits/k8esskitchenironingboardts.iff.edit-4.iff
PASS	/tmp/wonderland-b-verify-root/wonderland-iff-oracle-4ff23utv/edits/k8esskitchentoastersv.iff.edit-0.iff
PASS	/tmp/wonderland-b-verify-root/wonderland-iff-oracle-4ff23utv/edits/k8esskitchentoastersv.iff.edit-1.iff
PASS	/tmp/wonderland-b-verify-root/wonderland-iff-oracle-4ff23utv/edits/k8esskitchentoastersv.iff.edit-2.iff
PASS	/tmp/wonderland-b-verify-root/wonderland-iff-oracle-4ff23utv/edits/k8esskitchentoastersv.iff.edit-3.iff
PASS	/tmp/wonderland-b-verify-root/wonderland-iff-oracle-4ff23utv/edits/k8esskitchentoastersv.iff.edit-4.iff
validated=64 rejected=0
