PASS	/tmp/wonderland-b-verify-root/wonderland-iff-oracle-4ff23utv/edits/k8lisdaybedhd.iff.edit-3.iff
PASS	/tmp/wonderland-b-verify-root/wonderland-iff-oracle-4ff23utv/edits/k8lisdaybedhd.iff.edit-4.iff
PASS	/tmp/wonderland-b-verify-root/wonderland-iff-oracle-4ff23utv/edits/k8lisdeskchairts.iff.edit-0.iff
PASS	/tmp/wonderland-b-verify-root/wonderland-iff-oracle-4ff23utv/edits/k8lisdeskchairts.iff.edit-1.iff
PASS	/tmp/wonderland-b-verify-root/wonderland-iff-oracle-4ff23utv/edits/k8lisdeskchairts.iff.edit-2.iff
PASS	/tmp/wonderland-b-verify-root/wonderland-iff-oracle-4ff23utv/edits/k8lisdeskchairts.iff.edit-3.iff
PASS	/tmp/wonderland-b-verify-root/wonderland-iff-oracle-4ff23utv/edits/k8lisdeskchairts.iff.edit-4.iff
PASS	/tmp/wonderland-b-verify-root/wonderland-iff-oracle-4ff23utv/edits/k8lisdeskts.iff.edit-0.iff
PASS	/tmp/wonderland-b-verify-root/wonderland-iff-oracle-4ff23utv/edits/k8lisdeskts.iff.edit-1.iff
PASS	/tmp/wonderland-b-verify-root/wonderland-iff-oracle-4ff23utv/edits/k8lisdeskts.iff.edit-2.iff
PASS	/tmp/wonderland-b-verify-root/wonderland-iff-oracle-4ff23utv/edits/k8lisdeskts.iff.edit-3.iff
PASS	/tmp/wonderland-b-verify-root/wonderland-iff-oracle-4ff23utv/edits/k8lisdeskts.iff.edit-4.iff
PASS	/tmp/wonderland-b-verify-root/wonderland-iff-oracle-4ff23utv/edits/k8lisendtablets.iff.edit-0.iff
PASS	/tmp/wonderland-b-verify-root/wonderland-iff-oracle-4ff23utv/edits/k8lisendtablets.iff.edit-1.iff
PASS	/tmp/wonderland-b-verify-root/wonderland-iff-oracle-4ff23utv/edits/k8lisendtablets.iff.edit-2.iff
PASS	/tmp/wonderland-b-verify-root/wonderland-iff-oracle-4ff23utv/edits/k8lisendtablets.iff.edit-3.iff
PASS	/tmp/wonderland-b-verify-root/wonderland-iff-oracle-4ff23utv/edits/k8lisendtablets.iff.edit-4.iff
PASS	/tmp/wonderland-b-verify-root/wonderland-iff-oracle-4ff23utv/edits/k8lisfloorlamphd.iff.edit-0.iff
PASS	/tmp/wonderland-b-verify-root/wonderland-iff-oracle-4ff23utv/edits/k8lisfloorlamphd.iff.edit-1.iff
PASS	/tmp/wonderland-b-verify-root/wonderland-iff-oracle-4ff23utv/edits/k8lisfloorlamphd.iff.edit-2.iff
PASS	/tmp/wonderland-b-verify-root/wonderland-iff-oracle-4ff23utv/edits/k8lisfloorlamphd.iff.edit-3.iff
PASS	/tmp/wonderland-b-verify-root/wonderland-iff-oracle-4ff23utv/edits/k8lisfloorlamphd.iff.edit-4.iff
PASS	/tmp/wonderland-b-verify-root/wonderland-iff-oracle-4ff23utv/edits/k8lisfootstoolts.iff.edit-0.iff
PASS	/tmp/wonderland-b-verify-root/wonderland-iff-oracle-4ff23utv/edits/k8lisfootstoolts.iff.edit-1.iff
PASS	/tmp/wonderland-b-verify-root/wonderland-iff-oracle-4ff23utv/edits/k8lisfootstoolts.iff.edit-2.iff
PASS	/tmp/wonderland-b-verify-root/wonderland-iff-oracle-4ff23utv/edits/k8lisfootstoolts.iff.edit-3.iff
PASS	/tmp/wonderland-b-verify-root/wonderland-iff-oracle-4ff23utv/edits/k8lisfootstoolts.iff.edit-4.iff
PASS	/tmp/wonderland-b-verify-root/wonderland-iff-oracle-4ff23utv/edits/k8lisloveseathd.iff.edit-0.iff
PASS	/tmp/wonderland-b-verify-root/wonderland-iff-oracle-4ff23utv/edits/k8lisloveseathd.iff.edit-1.iff
PASS	/tmp/wonderland-b-verify-root/wonderland-iff-oracle-4ff23utv/edits/k8lisloveseathd.iff.edit-2.iff
PASS	/tmp/wonderland-b-verify-root/wonderland-iff-oracle-4ff23utv/edits/k8lisloveseathd.iff.edit-3.iff
PASS	/tmp/wonderland-b-verify-root/wonderland-iff-oracle-4ff23utv/edits/k8lisloveseathd.iff.edit-4.iff
PASS	/tmp/wonderland-b-verify-root/wonderland-iff-oracle-4ff23utv/edits/k8lissofahd.iff.edit-0.iff
PASS	/tmp/wonderland-b-verify-root/wonderland-iff-oracle-4ff23utv/edits/k8lissofahd.iff.edit-1.iff
PASS	/tmp/wonderland-b-verify-root/wonderland-iff-oracle-4ff23utv/edits/k8lissofahd.iff.edit-2.iff
PASS	/tmp/wonderland-b-verify-root/wonderland-iff-oracle-4ff23utv/edits/k8lissofahd.iff.edit-3.iff
PASS	/tmp/wonderland-b-verify-root/wonderland-iff-oracle-4ff23utv/edits/k8lissofahd.iff.edit-4.iff
PASS	/tmp/wonderland-b-verify-root/wonderland-iff-oracle-4ff23utv/edits/k8listablelamphd.iff.edit-0.iff
PASS	/tmp/wonderland-b-verify-root/wonderland-iff-oracle-4ff23utv/edits/k8listablelamphd.iff.edit-1.iff
PASS	/tmp/wonderland-b-verify-root/wonderland-iff-oracle-4ff23utv/edits/k8listablelamphd.iff.edit-2.iff
PASS	/tmp/wonderland-b-verify-root/wonderland-iff-oracle-4ff23utv/edits/k8listablelamphd.iff.edit-3.iff
PASS	/tmp/wonderland-b-verify-root/wonderland-iff-oracle-4ff23utv/edits/k8listablelamphd.iff.edit-4.iff
PASS	/tmp/wonderland-b-verify-root/wonderland-iff-oracle-4ff23utv/edits/k8liswalllamphd.iff.edit-0.iff
PASS	/tmp/wonderland-b-verify-root/wonderland-iff-oracle-4ff23utv/edits/k8liswalllamphd.iff.edit-1.iff
PASS	/tmp/wonderland-b-verify-root/wonderland-iff-oracle-4ff23utv/edits/k8liswalllamphd.iff.edit-2.iff
PASS	/tmp/wonderland-b-verify-root/wonderland-iff-oracle-4ff23utv/edits/k8liswalllamphd.iff.edit-3.iff
PASS	/tmp/wonderland-b-verify-root/wonderland-iff-oracle-4ff23utv/edits/k8liswalllamphd.iff.edit-4.iff
PASS	/tmp/wonderland-b-verify-root/wonderland-iff-oracle-4ff23utv/edits/k8lmypartworkts.iff.edit-0.iff
PASS	/tmp/wonderland-b-verify-root/wonderland-iff-oracle-4ff23utv/edits/k8lmypartworkts.iff.edit-1.iff
PASS	/tmp/wonderland-b-verify-root/wonderland-iff-oracle-4ff23utv/edits/k8lmypartworkts.iff.edit-2.iff
PASS	/tmp/wonderland-b-verify-root/wonderland-iff-oracle-4ff23utv/edits/k8lmypartworkts.iff.edit-3.iff
PASS	/tmp/wonderland-b-verify-root/wonderland-iff-oracle-4ff23utv/edits/k8lmypartworkts.iff.edit-4.iff
PASS	/tmp/wonderland-b-verify-root/wonderland-iff-oracle-4ff23utv/edits/k8lmypbarstoolhp.iff.edit-0.iff
PASS	/tmp/wonderland-b-verify-root/wonderland-iff-oracle-4ff23utv/edits/k8lmypbarstoolhp.iff.edit-1.iff
PASS	/tmp/wonderland-b-verify-root/wonderland-iff-oracle-4ff23utv/edits/k8lmypbarstoolhp.iff.edit-2.iff
PASS	/tmp/wonderland-b-verify-root/wonderland-iff-oracle-4ff23utv/edits/k8lmypbarstoolhp.iff.edit-3.iff
PASS	/tmp/wonderland-b-verify-root/wonderland-iff-oracle-4ff23utv/edits/k8lmypbarstoolhp.iff.edit-4.iff
PASS	/tmp/wonderland-b-verify-root/wonderland-iff-oracle-4ff23utv/edits/k8lmypbarts.iff.edit-0.iff
PASS	/tmp/wonderland-b-verify-root/wonderland-iff-oracle-4ff23utv/edits/k8lmypbarts.iff.edit-1.iff
PASS	/tmp/wonderland-b-verify-root/wonderland-iff-oracle-4ff23utv/edits/k8lmypbarts.iff.edit-2.iff
PASS	/tmp/wonderland-b-verify-root/wonderland-iff-oracle-4ff23utv/edits/k8lmypbarts.iff.edit-3.iff
PASS	/tmp/wonderland-b-verify-root/wonderland-iff-oracle-4ff23utv/edits/k8lmypbarts.iff.edit-4.iff
PASS	/tmp/wonderland-b-verify-root/wonderland-iff-oracle-4ff23utv/edits/k8lmypbuffettablesv.iff.edit-0.iff
PASS	/tmp/wonderland-b-verify-root/wonderland-iff-oracle-4ff23utv/edits/k8lmypbuffettablesv.iff.edit-1.iff
validated=64 rejected=0
