PASS	/tmp/wonderland-b-verify-root/wonderland-iff-oracle-4ff23utv/edits/k8vteposterhd.iff.edit-1.iff
PASS	/tmp/wonderland-b-verify-root/wonderland-iff-oracle-4ff23utv/edits/k8vteposterhd.iff.edit-2.iff
PASS	/tmp/wonderland-b-verify-root/wonderland-iff-oracle-4ff23utv/edits/k8vteposterhd.iff.edit-3.iff
PASS	/tmp/wonderland-b-verify-root/wonderland-iff-oracle-4ff23utv/edits/k8vteposterhd.iff.edit-4.iff
PASS	/tmp/wonderland-b-verify-root/wonderland-iff-oracle-4ff23utv/edits/k8vtetablelamphd.iff.edit-0.iff
PASS	/tmp/wonderland-b-verify-root/wonderland-iff-oracle-4ff23utv/edits/k8vtetablelamphd.iff.edit-1.iff
PASS	/tmp/wonderland-b-verify-root/wonderland-iff-oracle-4ff23utv/edits/k8vtetablelamphd.iff.edit-2.iff
PASS	/tmp/wonderland-b-verify-root/wonderland-iff-oracle-4ff23utv/edits/k8vtetablelamphd.iff.edit-3.iff
PASS	/tmp/wonderland-b-verify-root/wonderland-iff-oracle-4ff23utv/edits/k8vtetablelamphd.iff.edit-4.iff
PASS	/tmp/wonderland-b-verify-root/wonderland-iff-oracle-4ff23utv/edits/roulette-croupiers-fso.iff.edit-0.iff
PASS	/tmp/wonderland-b-verify-root/wonderland-iff-oracle-4ff23utv/edits/roulette-croupiers-fso.iff.edit-1.iff
PASS	/tmp/wonderland-b-verify-root/wonderland-iff-oracle-4ff23utv/edits/roulette-croupiers-fso.iff.edit-2.iff
PASS	/tmp/wonderland-b-verify-root/wonderland-iff-oracle-4ff23utv/edits/roulette-croupiers-fso.iff.edit-3.iff
PASS	/tmp/wonderland-b-verify-root/wonderland-iff-oracle-4ff23utv/edits/roulette-croupiers-fso.iff.edit-4.iff
PASS	/tmp/wonderland-b-verify-root/wonderland-iff-oracle-4ff23utv/edits/source-derived-v1.edit-0.iff
PASS	/tmp/wonderland-b-verify-root/wonderland-iff-oracle-4ff23utv/edits/source-derived-v1.edit-1.iff
PASS	/tmp/wonderland-b-verify-root/wonderland-iff-oracle-4ff23utv/edits/source-derived-v1.edit-2.iff
PASS	/tmp/wonderland-b-verify-root/wonderland-iff-oracle-4ff23utv/edits/source-derived-v1.edit-3.iff
PASS	/tmp/wonderland-b-verify-root/wonderland-iff-oracle-4ff23utv/edits/source-derived-v1.edit-4.iff
PASS	/tmp/wonderland-b-verify-root/wonderland-iff-oracle-4ff23utv/edits/stp_rubikart1p.iff.edit-0.iff
PASS	/tmp/wonderland-b-verify-root/wonderland-iff-oracle-4ff23utv/edits/stp_rubikart1p.iff.edit-1.iff
PASS	/tmp/wonderland-b-verify-root/wonderland-iff-oracle-4ff23utv/edits/stp_rubikart1p.iff.edit-2.iff
PASS	/tmp/wonderland-b-verify-root/wonderland-iff-oracle-4ff23utv/edits/stp_rubikart1p.iff.edit-3.iff
PASS	/tmp/wonderland-b-verify-root/wonderland-iff-oracle-4ff23utv/edits/stp_rubikart1p.iff.edit-4.iff
PASS	/tmp/wonderland-b-verify-root/wonderland-iff-oracle-4ff23utv/edits/stp_rubikart2p.iff.edit-0.iff
PASS	/tmp/wonderland-b-verify-root/wonderland-iff-oracle-4ff23utv/edits/stp_rubikart2p.iff.edit-1.iff
PASS	/tmp/wonderland-b-verify-root/wonderland-iff-oracle-4ff23utv/edits/stp_rubikart2p.iff.edit-2.iff
PASS	/tmp/wonderland-b-verify-root/wonderland-iff-oracle-4ff23utv/edits/stp_rubikart2p.iff.edit-3.iff
PASS	/tmp/wonderland-b-verify-root/wonderland-iff-oracle-4ff23utv/edits/stp_rubikart2p.iff.edit-4.iff
PASS	/tmp/wonderland-b-verify-root/wonderland-iff-oracle-4ff23utv/edits/stp_rubikart3p.iff.edit-0.iff
PASS	/tmp/wonderland-b-verify-root/wonderland-iff-oracle-4ff23utv/edits/stp_rubikart3p.iff.edit-1.iff
PASS	/tmp/wonderland-b-verify-root/wonderland-iff-oracle-4ff23utv/edits/stp_rubikart3p.iff.edit-2.iff
PASS	/tmp/wonderland-b-verify-root/wonderland-iff-oracle-4ff23utv/edits/stp_rubikart3p.iff.edit-3.iff
PASS	/tmp/wonderland-b-verify-root/wonderland-iff-oracle-4ff23utv/edits/stp_rubikart3p.iff.edit-4.iff
PASS	/tmp/wonderland-b-verify-root/wonderland-iff-oracle-4ff23utv/edits/stp_rubikbooksp.iff.edit-0.iff
PASS	/tmp/wonderland-b-verify-root/wonderland-iff-oracle-4ff23utv/edits/stp_rubikbooksp.iff.edit-1.iff
PASS	/tmp/wonderland-b-verify-root/wonderland-iff-oracle-4ff23utv/edits/stp_rubikbooksp.iff.edit-2.iff
PASS	/tmp/wonderland-b-verify-root/wonderland-iff-oracle-4ff23utv/edits/stp_rubikbooksp.iff.edit-3.iff
PASS	/tmp/wonderland-b-verify-root/wonderland-iff-oracle-4ff23utv/edits/stp_rubikbooksp.iff.edit-4.iff
PASS	/tmp/wonderland-b-verify-root/wonderland-iff-oracle-4ff23utv/edits/stp_rubikchairp.iff.edit-0.iff
PASS	/tmp/wonderland-b-verify-root/wonderland-iff-oracle-4ff23utv/edits/stp_rubikchairp.iff.edit-1.iff
PASS	/tmp/wonderland-b-verify-root/wonderland-iff-oracle-4ff23utv/edits/stp_rubikchairp.iff.edit-2.iff
PASS	/tmp/wonderland-b-verify-root/wonderland-iff-oracle-4ff23utv/edits/stp_rubikchairp.iff.edit-3.iff
PASS	/tmp/wonderland-b-verify-root/wonderland-iff-oracle-4ff23utv/edits/stp_rubikchairp.iff.edit-4.iff
PASS	/tmp/wonderland-b-verify-root/wonderland-iff-oracle-4ff23utv/edits/stp_rubikendtablep.iff.edit-0.iff
PASS	/tmp/wonderland-b-verify-root/wonderland-iff-oracle-4ff23utv/edits/stp_rubikendtablep.iff.edit-1.iff
PASS	/tmp/wonderland-b-verify-root/wonderland-iff-oracle-4ff23utv/edits/stp_rubikendtablep.iff.edit-2.iff
PASS	/tmp/wonderland-b-verify-root/wonderland-iff-oracle-4ff23utv/edits/stp_rubikendtablep.iff.edit-3.iff
PASS	/tmp/wonderland-b-verify-root/wonderland-iff-oracle-4ff23utv/edits/stp_rubikendtablep.iff.edit-4.iff
PASS	/tmp/wonderland-b-verify-root/wonderland-iff-oracle-4ff23utv/edits/stp_rubiklampp.iff.edit-0.iff
PASS	/tmp/wonderland-b-verify-root/wonderland-iff-oracle-4ff23utv/edits/stp_rubiklampp.iff.edit-1.iff
PASS	/tmp/wonderland-b-verify-root/wonderland-iff-oracle-4ff23utv/edits/stp_rubiklampp.iff.edit-2.iff
PASS	/tmp/wonderland-b-verify-root/wonderland-iff-oracle-4ff23utv/edits/stp_rubiklampp.iff.edit-3.iff
PASS	/tmp/wonderland-b-verify-root/wonderland-iff-oracle-4ff23utv/edits/stp_rubiklampp.iff.edit-4.iff
PASS	/tmp/wonderland-b-verify-root/wonderland-iff-oracle-4ff23utv/edits/stp_rubiksofap.iff.edit-0.iff
PASS	/tmp/wonderland-b-verify-root/wonderland-iff-oracle-4ff23utv/edits/stp_rubiksofap.iff.edit-1.iff
PASS	/tmp/wonderland-b-verify-root/wonderland-iff-oracle-4ff23utv/edits/stp_rubiksofap.iff.edit-2.iff
PASS	/tmp/wonderland-b-verify-root/wonderland-iff-oracle-4ff23utv/edits/stp_rubiksofap.iff.edit-3.iff
PASS	/tmp/wonderland-b-verify-root/wonderland-iff-oracle-4ff23utv/edits/stp_rubiksofap.iff.edit-4.iff
PASS	/tmp/wonderland-b-verify-root/wonderland-iff-oracle-4ff23utv/edits/stp_wflamp.iff.edit-0.iff
PASS	/tmp/wonderland-b-verify-root/wonderland-iff-oracle-4ff23utv/edits/stp_wflamp.iff.edit-1.iff
PASS	/tmp/wonderland-b-verify-root/wonderland-iff-oracle-4ff23utv/edits/stp_wflamp.iff.edit-2.iff
PASS	/tmp/wonderland-b-verify-root/wonderland-iff-oracle-4ff23utv/edits/stp_wflamp.iff.edit-3.iff
PASS	/tmp/wonderland-b-verify-root/wonderland-iff-oracle-4ff23utv/edits/stp_wflamp.iff.edit-4.iff
validated=64 rejected=0
