PASS	/tmp/wonderland-iff-oracle-8hydrmp0/edits/k8lmypwallshelves2ts.iff.edit-1.iff
PASS	/tmp/wonderland-iff-oracle-8hydrmp0/edits/k8lmypwallshelves2ts.iff.edit-2.iff
PASS	/tmp/wonderland-iff-oracle-8hydrmp0/edits/k8lmypwallshelves2ts.iff.edit-3.iff
PASS	/tmp/wonderland-iff-oracle-8hydrmp0/edits/k8lmypwallshelves2ts.iff.edit-4.iff
PASS	/tmp/wonderland-iff-oracle-8hydrmp0/edits/k8lmypwallshelvests.iff.edit-0.iff
PASS	/tmp/wonderland-iff-oracle-8hydrmp0/edits/k8lmypwallshelvests.iff.edit-1.iff
PASS	/tmp/wonderland-iff-oracle-8hydrmp0/edits/k8lmypwallshelvests.iff.edit-2.iff
PASS	/tmp/wonderland-iff-oracle-8hydrmp0/edits/k8lmypwallshelvests.iff.edit-3.iff
PASS	/tmp/wonderland-iff-oracle-8hydrmp0/edits/k8lmypwallshelvests.iff.edit-4.iff
PASS	/tmp/wonderland-iff-oracle-8hydrmp0/edits/k8mmbceilinglamp.iff.edit-0.iff
PASS	/tmp/wonderland-iff-oracle-8hydrmp0/edits/k8mmbceilinglamp.iff.edit-1.iff
PASS	/tmp/wonderland-iff-oracle-8hydrmp0/edits/k8mmbceilinglamp.iff.edit-2.iff
PASS	/tmp/wonderland-iff-oracle-8hydrmp0/edits/k8mmbceilinglamp.iff.edit-3.iff
PASS	/tmp/wonderland-iff-oracle-8hydrmp0/edits/k8mmbceilinglamp.iff.edit-4.iff
PASS	/tmp/wonderland-iff-oracle-8hydrmp0/edits/k8mmbchair.iff.edit-0.iff
PASS	/tmp/wonderland-iff-oracle-8hydrmp0/edits/k8mmbchair.iff.edit-1.iff
PASS	/tmp/wonderland-iff-oracle-8hydrmp0/edits/k8mmbchair.iff.edit-2.iff
PASS	/tmp/wonderland-iff-oracle-8hydrmp0/edits/k8mmbchair.iff.edit-3.iff
PASS	/tmp/wonderland-iff-oracle-8hydrmp0/edits/k8mmbchair.iff.edit-4.iff
PASS	/tmp/wonderland-iff-oracle-8hydrmp0/edits/k8mmbcurtains.iff.edit-0.iff
PASS	/tmp/wonderland-iff-oracle-8hydrmp0/edits/k8mmbcurtains.iff.edit-1.iff
PASS	/tmp/wonderland-iff-oracle-8hydrmp0/edits/k8mmbcurtains.iff.edit-2.iff
PASS	/tmp/wonderland-iff-oracle-8hydrmp0/edits/k8mmbcurtains.iff.edit-3.iff
PASS	/tmp/wonderland-iff-oracle-8hydrmp0/edits/k8mmbcurtains.iff.edit-4.iff
PASS	/tmp/wonderland-iff-oracle-8hydrmp0/edits/k8mmbdresser.iff.edit-0.iff
PASS	/tmp/wonderland-iff-oracle-8hydrmp0/edits/k8mmbdresser.iff.edit-1.iff
PASS	/tmp/wonderland-iff-oracle-8hydrmp0/edits/k8mmbdresser.iff.edit-2.iff
PASS	/tmp/wonderland-iff-oracle-8hydrmp0/edits/k8mmbdresser.iff.edit-3.iff
PASS	/tmp/wonderland-iff-oracle-8hydrmp0/edits/k8mmbdresser.iff.edit-4.iff
PASS	/tmp/wonderland-iff-oracle-8hydrmp0/edits/k8mmbendtable.iff.edit-0.iff
PASS	/tmp/wonderland-iff-oracle-8hydrmp0/edits/k8mmbendtable.iff.edit-1.iff
PASS	/tmp/wonderland-iff-oracle-8hydrmp0/edits/k8mmbendtable.iff.edit-2.iff
PASS	/tmp/wonderland-iff-oracle-8hydrmp0/edits/k8mmbendtable.iff.edit-3.iff
PASS	/tmp/wonderland-iff-oracle-8hydrmp0/edits/k8mmbendtable.iff.edit-4.iff
PASS	/tmp/wonderland-iff-oracle-8hydrmp0/edits/k8mmbfloorlamp.iff.edit-0.iff
PASS	/tmp/wonderland-iff-oracle-8hydrmp0/edits/k8mmbfloorlamp.iff.edit-1.iff
PASS	/tmp/wonderland-iff-oracle-8hydrmp0/edits/k8mmbfloorlamp.iff.edit-2.iff
PASS	/tmp/wonderland-iff-oracle-8hydrmp0/edits/k8mmbfloorlamp.iff.edit-3.iff
PASS	/tmp/wonderland-iff-oracle-8hydrmp0/edits/k8mmbfloorlamp.iff.edit-4.iff
PASS	/tmp/wonderland-iff-oracle-8hydrmp0/edits/k8mmbfloormirror.iff.edit-0.iff
PASS	/tmp/wonderland-iff-oracle-8hydrmp0/edits/k8mmbfloormirror.iff.edit-1.iff
PASS	/tmp/wonderland-iff-oracle-8hydrmp0/edits/k8mmbfloormirror.iff.edit-2.iff
PASS	/tmp/wonderland-iff-oracle-8hydrmp0/edits/k8mmbfloormirror.iff.edit-3.iff
PASS	/tmp/wonderland-iff-oracle-8hydrmp0/edits/k8mmbfloormirror.iff.edit-4.iff
PASS	/tmp/wonderland-iff-oracle-8hydrmp0/edits/k8mmbflowers.iff.edit-0.iff
PASS	/tmp/wonderland-iff-oracle-8hydrmp0/edits/k8mmbflowers.iff.edit-1.iff
PASS	/tmp/wonderland-iff-oracle-8hydrmp0/edits/k8mmbflowers.iff.edit-2.iff
PASS	/tmp/wonderland-iff-oracle-8hydrmp0/edits/k8mmbflowers.iff.edit-3.iff
PASS	/tmp/wonderland-iff-oracle-8hydrmp0/edits/k8mmbflowers.iff.edit-4.iff
PASS	/tmp/wonderland-iff-oracle-8hydrmp0/edits/k8mmblovebedll.iff.edit-0.iff
PASS	/tmp/wonderland-iff-oracle-8hydrmp0/edits/k8mmblovebedll.iff.edit-1.iff
PASS	/tmp/wonderland-iff-oracle-8hydrmp0/edits/k8mmblovebedll.iff.edit-2.iff
PASS	/tmp/wonderland-iff-oracle-8hydrmp0/edits/k8mmblovebedll.iff.edit-3.iff
PASS	/tmp/wonderland-iff-oracle-8hydrmp0/edits/k8mmblovebedll.iff.edit-4.iff
PASS	/tmp/wonderland-iff-oracle-8hydrmp0/edits/k8mmbloveseat.iff.edit-0.iff
PASS	/tmp/wonderland-iff-oracle-8hydrmp0/edits/k8mmbloveseat.iff.edit-1.iff
PASS	/tmp/wonderland-iff-oracle-8hydrmp0/edits/k8mmbloveseat.iff.edit-2.iff
PASS	/tmp/wonderland-iff-oracle-8hydrmp0/edits/k8mmbloveseat.iff.edit-3.iff
PASS	/tmp/wonderland-iff-oracle-8hydrmp0/edits/k8mmbloveseat.iff.edit-4.iff
PASS	/tmp/wonderland-iff-oracle-8hydrmp0/edits/k8mmbposter.iff.edit-0.iff
PASS	/tmp/wonderland-iff-oracle-8hydrmp0/edits/k8mmbposter.iff.edit-1.iff
PASS	/tmp/wonderland-iff-oracle-8hydrmp0/edits/k8mmbposter.iff.edit-2.iff
PASS	/tmp/wonderland-iff-oracle-8hydrmp0/edits/k8mmbposter.iff.edit-3.iff
PASS	/tmp/wonderland-iff-oracle-8hydrmp0/edits/k8mmbposter.iff.edit-4.iff
validated=64 rejected=0
