PASS	/tmp/wonderland-iff-oracle-8hydrmp0/edits/k8lmypbuffettablesv.iff.edit-2.iff
PASS	/tmp/wonderland-iff-oracle-8hydrmp0/edits/k8lmypbuffettablesv.iff.edit-3.iff
PASS	/tmp/wonderland-iff-oracle-8hydrmp0/edits/k8lmypbuffettablesv.iff.edit-4.iff
PASS	/tmp/wonderland-iff-oracle-8hydrmp0/edits/k8lmypceilinglamphd.iff.edit-0.iff
PASS	/tmp/wonderland-iff-oracle-8hydrmp0/edits/k8lmypceilinglamphd.iff.edit-1.iff
PASS	/tmp/wonderland-iff-oracle-8hydrmp0/edits/k8lmypceilinglamphd.iff.edit-2.iff
PASS	/tmp/wonderland-iff-oracle-8hydrmp0/edits/k8lmypceilinglamphd.iff.edit-3.iff
PASS	/tmp/wonderland-iff-oracle-8hydrmp0/edits/k8lmypceilinglamphd.iff.edit-4.iff
PASS	/tmp/wonderland-iff-oracle-8hydrmp0/edits/k8lmypcolumnts.iff.edit-0.iff
PASS	/tmp/wonderland-iff-oracle-8hydrmp0/edits/k8lmypcolumnts.iff.edit-1.iff
PASS	/tmp/wonderland-iff-oracle-8hydrmp0/edits/k8lmypcolumnts.iff.edit-2.iff
PASS	/tmp/wonderland-iff-oracle-8hydrmp0/edits/k8lmypcolumnts.iff.edit-3.iff
PASS	/tmp/wonderland-iff-oracle-8hydrmp0/edits/k8lmypcolumnts.iff.edit-4.iff
PASS	/tmp/wonderland-iff-oracle-8hydrmp0/edits/k8lmypdesksideboardts.iff.edit-0.iff
PASS	/tmp/wonderland-iff-oracle-8hydrmp0/edits/k8lmypdesksideboardts.iff.edit-1.iff
PASS	/tmp/wonderland-iff-oracle-8hydrmp0/edits/k8lmypdesksideboardts.iff.edit-2.iff
PASS	/tmp/wonderland-iff-oracle-8hydrmp0/edits/k8lmypdesksideboardts.iff.edit-3.iff
PASS	/tmp/wonderland-iff-oracle-8hydrmp0/edits/k8lmypdesksideboardts.iff.edit-4.iff
PASS	/tmp/wonderland-iff-oracle-8hydrmp0/edits/k8lmypdiningchairts.iff.edit-0.iff
PASS	/tmp/wonderland-iff-oracle-8hydrmp0/edits/k8lmypdiningchairts.iff.edit-1.iff
PASS	/tmp/wonderland-iff-oracle-8hydrmp0/edits/k8lmypdiningchairts.iff.edit-2.iff
PASS	/tmp/wonderland-iff-oracle-8hydrmp0/edits/k8lmypdiningchairts.iff.edit-3.iff
PASS	/tmp/wonderland-iff-oracle-8hydrmp0/edits/k8lmypdiningchairts.iff.edit-4.iff
PASS	/tmp/wonderland-iff-oracle-8hydrmp0/edits/k8lmypdiningtablets.iff.edit-0.iff
PASS	/tmp/wonderland-iff-oracle-8hydrmp0/edits/k8lmypdiningtablets.iff.edit-1.iff
PASS	/tmp/wonderland-iff-oracle-8hydrmp0/edits/k8lmypdiningtablets.iff.edit-2.iff
PASS	/tmp/wonderland-iff-oracle-8hydrmp0/edits/k8lmypdiningtablets.iff.edit-3.iff
PASS	/tmp/wonderland-iff-oracle-8hydrmp0/edits/k8lmypdiningtablets.iff.edit-4.iff
PASS	/tmp/wonderland-iff-oracle-8hydrmp0/edits/k8lmypfloorlampts.iff.edit-0.iff
PASS	/tmp/wonderland-iff-oracle-8hydrmp0/edits/k8lmypfloorlampts.iff.edit-1.iff
PASS	/tmp/wonderland-iff-oracle-8hydrmp0/edits/k8lmypfloorlampts.iff.edit-2.iff
PASS	/tmp/wonderland-iff-oracle-8hydrmp0/edits/k8lmypfloorlampts.iff.edit-3.iff
PASS	/tmp/wonderland-iff-oracle-8hydrmp0/edits/k8lmypfloorlampts.iff.edit-4.iff
PASS	/tmp/wonderland-iff-oracle-8hydrmp0/edits/k8lmyplantts.iff.edit-0.iff
PASS	/tmp/wonderland-iff-oracle-8hydrmp0/edits/k8lmyplantts.iff.edit-1.iff
PASS	/tmp/wonderland-iff-oracle-8hydrmp0/edits/k8lmyplantts.iff.edit-2.iff
PASS	/tmp/wonderland-iff-oracle-8hydrmp0/edits/k8lmyplantts.iff.edit-3.iff
PASS	/tmp/wonderland-iff-oracle-8hydrmp0/edits/k8lmyplantts.iff.edit-4.iff
PASS	/tmp/wonderland-iff-oracle-8hydrmp0/edits/k8lmypplantts.iff.edit-0.iff
PASS	/tmp/wonderland-iff-oracle-8hydrmp0/edits/k8lmypplantts.iff.edit-1.iff
PASS	/tmp/wonderland-iff-oracle-8hydrmp0/edits/k8lmypplantts.iff.edit-2.iff
PASS	/tmp/wonderland-iff-oracle-8hydrmp0/edits/k8lmypplantts.iff.edit-3.iff
PASS	/tmp/wonderland-iff-oracle-8hydrmp0/edits/k8lmypplantts.iff.edit-4.iff
PASS	/tmp/wonderland-iff-oracle-8hydrmp0/edits/k8lmyptablehd.iff.edit-0.iff
PASS	/tmp/wonderland-iff-oracle-8hydrmp0/edits/k8lmyptablehd.iff.edit-1.iff
PASS	/tmp/wonderland-iff-oracle-8hydrmp0/edits/k8lmyptablehd.iff.edit-2.iff
PASS	/tmp/wonderland-iff-oracle-8hydrmp0/edits/k8lmyptablehd.iff.edit-3.iff
PASS	/tmp/wonderland-iff-oracle-8hydrmp0/edits/k8lmyptablehd.iff.edit-4.iff
PASS	/tmp/wonderland-iff-oracle-8hydrmp0/edits/k8lmyptablelamp2ts.iff.edit-0.iff
PASS	/tmp/wonderland-iff-oracle-8hydrmp0/edits/k8lmyptablelamp2ts.iff.edit-1.iff
PASS	/tmp/wonderland-iff-oracle-8hydrmp0/edits/k8lmyptablelamp2ts.iff.edit-2.iff
PASS	/tmp/wonderland-iff-oracle-8hydrmp0/edits/k8lmyptablelamp2ts.iff.edit-3.iff
PASS	/tmp/wonderland-iff-oracle-8hydrmp0/edits/k8lmyptablelamp2ts.iff.edit-4.iff
PASS	/tmp/wonderland-iff-oracle-8hydrmp0/edits/k8lmyptablelampts.iff.edit-0.iff
PASS	/tmp/wonderland-iff-oracle-8hydrmp0/edits/k8lmyptablelampts.iff.edit-1.iff
PASS	/tmp/wonderland-iff-oracle-8hydrmp0/edits/k8lmyptablelampts.iff.edit-2.iff
PASS	/tmp/wonderland-iff-oracle-8hydrmp0/edits/k8lmyptablelampts.iff.edit-3.iff
PASS	/tmp/wonderland-iff-oracle-8hydrmp0/edits/k8lmyptablelampts.iff.edit-4.iff
PASS	/tmp/wonderland-iff-oracle-8hydrmp0/edits/k8lmypwalllightts.iff.edit-0.iff
PASS	/tmp/wonderland-iff-oracle-8hydrmp0/edits/k8lmypwalllightts.iff.edit-1.iff
PASS	/tmp/wonderland-iff-oracle-8hydrmp0/edits/k8lmypwalllightts.iff.edit-2.iff
PASS	/tmp/wonderland-iff-oracle-8hydrmp0/edits/k8lmypwalllightts.iff.edit-3.iff
PASS	/tmp/wonderland-iff-oracle-8hydrmp0/edits/k8lmypwalllightts.iff.edit-4.iff
PASS	/tmp/wonderland-iff-oracle-8hydrmp0/edits/k8lmypwallshelves2ts.iff.edit-0.iff
validated=64 rejected=0
