PASS	/tmp/wonderland-iff-oracle-8hydrmp0/edits/k8tojchairts.iff.edit-3.iff
PASS	/tmp/wonderland-iff-oracle-8hydrmp0/edits/k8tojchairts.iff.edit-4.iff
PASS	/tmp/wonderland-iff-oracle-8hydrmp0/edits/k8tojcurtainshd.iff.edit-0.iff
PASS	/tmp/wonderland-iff-oracle-8hydrmp0/edits/k8tojcurtainshd.iff.edit-1.iff
PASS	/tmp/wonderland-iff-oracle-8hydrmp0/edits/k8tojcurtainshd.iff.edit-2.iff
PASS	/tmp/wonderland-iff-oracle-8hydrmp0/edits/k8tojcurtainshd.iff.edit-3.iff
PASS	/tmp/wonderland-iff-oracle-8hydrmp0/edits/k8tojcurtainshd.iff.edit-4.iff
PASS	/tmp/wonderland-iff-oracle-8hydrmp0/edits/k8tojdeskts.iff.edit-0.iff
PASS	/tmp/wonderland-iff-oracle-8hydrmp0/edits/k8tojdeskts.iff.edit-1.iff
PASS	/tmp/wonderland-iff-oracle-8hydrmp0/edits/k8tojdeskts.iff.edit-2.iff
PASS	/tmp/wonderland-iff-oracle-8hydrmp0/edits/k8tojdeskts.iff.edit-3.iff
PASS	/tmp/wonderland-iff-oracle-8hydrmp0/edits/k8tojdeskts.iff.edit-4.iff
PASS	/tmp/wonderland-iff-oracle-8hydrmp0/edits/k8tojdresserhd.iff.edit-0.iff
PASS	/tmp/wonderland-iff-oracle-8hydrmp0/edits/k8tojdresserhd.iff.edit-1.iff
PASS	/tmp/wonderland-iff-oracle-8hydrmp0/edits/k8tojdresserhd.iff.edit-2.iff
PASS	/tmp/wonderland-iff-oracle-8hydrmp0/edits/k8tojdresserhd.iff.edit-3.iff
PASS	/tmp/wonderland-iff-oracle-8hydrmp0/edits/k8tojdresserhd.iff.edit-4.iff
PASS	/tmp/wonderland-iff-oracle-8hydrmp0/edits/k8tojendtablets.iff.edit-0.iff
PASS	/tmp/wonderland-iff-oracle-8hydrmp0/edits/k8tojendtablets.iff.edit-1.iff
PASS	/tmp/wonderland-iff-oracle-8hydrmp0/edits/k8tojendtablets.iff.edit-2.iff
PASS	/tmp/wonderland-iff-oracle-8hydrmp0/edits/k8tojendtablets.iff.edit-3.iff
PASS	/tmp/wonderland-iff-oracle-8hydrmp0/edits/k8tojendtablets.iff.edit-4.iff
PASS	/tmp/wonderland-iff-oracle-8hydrmp0/edits/k8tojfloorlampllhd.iff.edit-0.iff
PASS	/tmp/wonderland-iff-oracle-8hydrmp0/edits/k8tojfloorlampllhd.iff.edit-1.iff
PASS	/tmp/wonderland-iff-oracle-8hydrmp0/edits/k8tojfloorlampllhd.iff.edit-2.iff
PASS	/tmp/wonderland-iff-oracle-8hydrmp0/edits/k8tojfloorlampllhd.iff.edit-3.iff
PASS	/tmp/wonderland-iff-oracle-8hydrmp0/edits/k8tojfloorlampllhd.iff.edit-4.iff
PASS	/tmp/wonderland-iff-oracle-8hydrmp0/edits/k8tojfloormirrorts.iff.edit-0.iff
PASS	/tmp/wonderland-iff-oracle-8hydrmp0/edits/k8tojfloormirrorts.iff.edit-1.iff
PASS	/tmp/wonderland-iff-oracle-8hydrmp0/edits/k8tojfloormirrorts.iff.edit-2.iff
PASS	/tmp/wonderland-iff-oracle-8hydrmp0/edits/k8tojfloormirrorts.iff.edit-3.iff
PASS	/tmp/wonderland-iff-oracle-8hydrmp0/edits/k8tojfloormirrorts.iff.edit-4.iff
PASS	/tmp/wonderland-iff-oracle-8hydrmp0/edits/k8tojlovebedll.iff.edit-0.iff
PASS	/tmp/wonderland-iff-oracle-8hydrmp0/edits/k8tojlovebedll.iff.edit-1.iff
PASS	/tmp/wonderland-iff-oracle-8hydrmp0/edits/k8tojlovebedll.iff.edit-2.iff
PASS	/tmp/wonderland-iff-oracle-8hydrmp0/edits/k8tojlovebedll.iff.edit-3.iff
PASS	/tmp/wonderland-iff-oracle-8hydrmp0/edits/k8tojlovebedll.iff.edit-4.iff
PASS	/tmp/wonderland-iff-oracle-8hydrmp0/edits/k8tojtablelamphd.iff.edit-0.iff
PASS	/tmp/wonderland-iff-oracle-8hydrmp0/edits/k8tojtablelamphd.iff.edit-1.iff
PASS	/tmp/wonderland-iff-oracle-8hydrmp0/edits/k8tojtablelamphd.iff.edit-2.iff
PASS	/tmp/wonderland-iff-oracle-8hydrmp0/edits/k8tojtablelamphd.iff.edit-3.iff
PASS	/tmp/wonderland-iff-oracle-8hydrmp0/edits/k8tojtablelamphd.iff.edit-4.iff
PASS	/tmp/wonderland-iff-oracle-8hydrmp0/edits/k8tojwalllamphd.iff.edit-0.iff
PASS	/tmp/wonderland-iff-oracle-8hydrmp0/edits/k8tojwalllamphd.iff.edit-1.iff
PASS	/tmp/wonderland-iff-oracle-8hydrmp0/edits/k8tojwalllamphd.iff.edit-2.iff
PASS	/tmp/wonderland-iff-oracle-8hydrmp0/edits/k8tojwalllamphd.iff.edit-3.iff
PASS	/tmp/wonderland-iff-oracle-8hydrmp0/edits/k8tojwalllamphd.iff.edit-4.iff
PASS	/tmp/wonderland-iff-oracle-8hydrmp0/edits/k8tqdeskclerksv.iff.edit-0.iff
PASS	/tmp/wonderland-iff-oracle-8hydrmp0/edits/k8tqdeskclerksv.iff.edit-1.iff
PASS	/tmp/wonderland-iff-oracle-8hydrmp0/edits/k8tqdeskclerksv.iff.edit-2.iff
PASS	/tmp/wonderland-iff-oracle-8hydrmp0/edits/k8tqdeskclerksv.iff.edit-3.iff
PASS	/tmp/wonderland-iff-oracle-8hydrmp0/edits/k8tqdeskclerksv.iff.edit-4.iff
PASS	/tmp/wonderland-iff-oracle-8hydrmp0/edits/k8tqdiningchairts.iff.edit-0.iff
PASS	/tmp/wonderland-iff-oracle-8hydrmp0/edits/k8tqdiningchairts.iff.edit-1.iff
PASS	/tmp/wonderland-iff-oracle-8hydrmp0/edits/k8tqdiningchairts.iff.edit-2.iff
PASS	/tmp/wonderland-iff-oracle-8hydrmp0/edits/k8tqdiningchairts.iff.edit-3.iff
PASS	/tmp/wonderland-iff-oracle-8hydrmp0/edits/k8tqdiningchairts.iff.edit-4.iff
PASS	/tmp/wonderland-iff-oracle-8hydrmp0/edits/k8tqfrontdesksv.iff.edit-0.iff
PASS	/tmp/wonderland-iff-oracle-8hydrmp0/edits/k8tqfrontdesksv.iff.edit-1.iff
PASS	/tmp/wonderland-iff-oracle-8hydrmp0/edits/k8tqfrontdesksv.iff.edit-2.iff
PASS	/tmp/wonderland-iff-oracle-8hydrmp0/edits/k8tqfrontdesksv.iff.edit-3.iff
PASS	/tmp/wonderland-iff-oracle-8hydrmp0/edits/k8tqfrontdesksv.iff.edit-4.iff
PASS	/tmp/wonderland-iff-oracle-8hydrmp0/edits/k8tqjacuzziss.iff.edit-0.iff
PASS	/tmp/wonderland-iff-oracle-8hydrmp0/edits/k8tqjacuzziss.iff.edit-1.iff
validated=64 rejected=0
