PASS	/tmp/wonderland-iff-oracle-8hydrmp0/edits/k8esskitchenwinerackts.iff.edit-0.iff
PASS	/tmp/wonderland-iff-oracle-8hydrmp0/edits/k8esskitchenwinerackts.iff.edit-1.iff
PASS	/tmp/wonderland-iff-oracle-8hydrmp0/edits/k8esskitchenwinerackts.iff.edit-2.iff
PASS	/tmp/wonderland-iff-oracle-8hydrmp0/edits/k8esskitchenwinerackts.iff.edit-3.iff
PASS	/tmp/wonderland-iff-oracle-8hydrmp0/edits/k8esskitchenwinerackts.iff.edit-4.iff
PASS	/tmp/wonderland-iff-oracle-8hydrmp0/edits/k8esslivingcoalskuttlets.iff.edit-0.iff
PASS	/tmp/wonderland-iff-oracle-8hydrmp0/edits/k8esslivingcoalskuttlets.iff.edit-1.iff
PASS	/tmp/wonderland-iff-oracle-8hydrmp0/edits/k8esslivingcoalskuttlets.iff.edit-2.iff
PASS	/tmp/wonderland-iff-oracle-8hydrmp0/edits/k8esslivingcoalskuttlets.iff.edit-3.iff
PASS	/tmp/wonderland-iff-oracle-8hydrmp0/edits/k8esslivingcoalskuttlets.iff.edit-4.iff
PASS	/tmp/wonderland-iff-oracle-8hydrmp0/edits/k8esslivingfireplaceclutterts.iff.edit-0.iff
PASS	/tmp/wonderland-iff-oracle-8hydrmp0/edits/k8esslivingfireplaceclutterts.iff.edit-1.iff
PASS	/tmp/wonderland-iff-oracle-8hydrmp0/edits/k8esslivingfireplaceclutterts.iff.edit-2.iff
PASS	/tmp/wonderland-iff-oracle-8hydrmp0/edits/k8esslivingfireplaceclutterts.iff.edit-3.iff
PASS	/tmp/wonderland-iff-oracle-8hydrmp0/edits/k8esslivingfireplaceclutterts.iff.edit-4.iff
PASS	/tmp/wonderland-iff-oracle-8hydrmp0/edits/k8esslivingpoolqueshd.iff.edit-0.iff
PASS	/tmp/wonderland-iff-oracle-8hydrmp0/edits/k8esslivingpoolqueshd.iff.edit-1.iff
PASS	/tmp/wonderland-iff-oracle-8hydrmp0/edits/k8esslivingpoolqueshd.iff.edit-2.iff
PASS	/tmp/wonderland-iff-oracle-8hydrmp0/edits/k8esslivingpoolqueshd.iff.edit-3.iff
PASS	/tmp/wonderland-iff-oracle-8hydrmp0/edits/k8esslivingpoolqueshd.iff.edit-4.iff
PASS	/tmp/wonderland-iff-oracle-8hydrmp0/edits/k8esslivingwoolsv.iff.edit-0.iff
PASS	/tmp/wonderland-iff-oracle-8hydrmp0/edits/k8esslivingwoolsv.iff.edit-1.iff
PASS	/tmp/wonderland-iff-oracle-8hydrmp0/edits/k8esslivingwoolsv.iff.edit-2.iff
PASS	/tmp/wonderland-iff-oracle-8hydrmp0/edits/k8esslivingwoolsv.iff.edit-3.iff
PASS	/tmp/wonderland-iff-oracle-8hydrmp0/edits/k8esslivingwoolsv.iff.edit-4.iff
PASS	/tmp/wonderland-iff-oracle-8hydrmp0/edits/k8essstudybriefcasets.iff.edit-0.iff
PASS	/tmp/wonderland-iff-oracle-8hydrmp0/edits/k8essstudybriefcasets.iff.edit-1.iff
PASS	/tmp/wonderland-iff-oracle-8hydrmp0/edits/k8essstudybriefcasets.iff.edit-2.iff
PASS	/tmp/wonderland-iff-oracle-8hydrmp0/edits/k8essstudybriefcasets.iff.edit-3.iff
PASS	/tmp/wonderland-iff-oracle-8hydrmp0/edits/k8essstudybriefcasets.iff.edit-4.iff
PASS	/tmp/wonderland-iff-oracle-8hydrmp0/edits/k8essstudysewingmachinets.iff.edit-0.iff
PASS	/tmp/wonderland-iff-oracle-8hydrmp0/edits/k8essstudysewingmachinets.iff.edit-1.iff
PASS	/tmp/wonderland-iff-oracle-8hydrmp0/edits/k8essstudysewingmachinets.iff.edit-2.iff
PASS	/tmp/wonderland-iff-oracle-8hydrmp0/edits/k8essstudysewingmachinets.iff.edit-3.iff
PASS	/tmp/wonderland-iff-oracle-8hydrmp0/edits/k8essstudysewingmachinets.iff.edit-4.iff
PASS	/tmp/wonderland-iff-oracle-8hydrmp0/edits/k8essstudywhiteboardhd.iff.edit-0.iff
PASS	/tmp/wonderland-iff-oracle-8hydrmp0/edits/k8essstudywhiteboardhd.iff.edit-1.iff
PASS	/tmp/wonderland-iff-oracle-8hydrmp0/edits/k8essstudywhiteboardhd.iff.edit-2.iff
PASS	/tmp/wonderland-iff-oracle-8hydrmp0/edits/k8essstudywhiteboardhd.iff.edit-3.iff
PASS	/tmp/wonderland-iff-oracle-8hydrmp0/edits/k8essstudywhiteboardhd.iff.edit-4.iff
PASS	/tmp/wonderland-iff-oracle-8hydrmp0/edits/k8lidarmchair.iff.edit-0.iff
PASS	/tmp/wonderland-iff-oracle-8hydrmp0/edits/k8lidarmchair.iff.edit-1.iff
PASS	/tmp/wonderland-iff-oracle-8hydrmp0/edits/k8lidarmchair.iff.edit-2.iff
PASS	/tmp/wonderland-iff-oracle-8hydrmp0/edits/k8lidarmchair.iff.edit-3.iff
PASS	/tmp/wonderland-iff-oracle-8hydrmp0/edits/k8lidarmchair.iff.edit-4.iff
PASS	/tmp/wonderland-iff-oracle-8hydrmp0/edits/k8lidbookcase.iff.edit-0.iff
PASS	/tmp/wonderland-iff-oracle-8hydrmp0/edits/k8lidbookcase.iff.edit-1.iff
PASS	/tmp/wonderland-iff-oracle-8hydrmp0/edits/k8lidbookcase.iff.edit-2.iff
PASS	/tmp/wonderland-iff-oracle-8hydrmp0/edits/k8lidbookcase.iff.edit-3.iff
PASS	/tmp/wonderland-iff-oracle-8hydrmp0/edits/k8lidbookcase.iff.edit-4.iff
PASS	/tmp/wonderland-iff-oracle-8hydrmp0/edits/k8lidcoffeetable.iff.edit-0.iff
PASS	/tmp/wonderland-iff-oracle-8hydrmp0/edits/k8lidcoffeetable.iff.edit-1.iff
PASS	/tmp/wonderland-iff-oracle-8hydrmp0/edits/k8lidcoffeetable.iff.edit-2.iff
PASS	/tmp/wonderland-iff-oracle-8hydrmp0/edits/k8lidcoffeetable.iff.edit-3.iff
PASS	/tmp/wonderland-iff-oracle-8hydrmp0/edits/k8lidcoffeetable.iff.edit-4.iff
PASS	/tmp/wonderland-iff-oracle-8hydrmp0/edits/k8liddaybed.iff.edit-0.iff
PASS	/tmp/wonderland-iff-oracle-8hydrmp0/edits/k8liddaybed.iff.edit-1.iff
PASS	/tmp/wonderland-iff-oracle-8hydrmp0/edits/k8liddaybed.iff.edit-2.iff
PASS	/tmp/wonderland-iff-oracle-8hydrmp0/edits/k8liddaybed.iff.edit-3.iff
PASS	/tmp/wonderland-iff-oracle-8hydrmp0/edits/k8liddaybed.iff.edit-4.iff
PASS	/tmp/wonderland-iff-oracle-8hydrmp0/edits/k8liddesk.iff.edit-0.iff
PASS	/tmp/wonderland-iff-oracle-8hydrmp0/edits/k8liddesk.iff.edit-1.iff
PASS	/tmp/wonderland-iff-oracle-8hydrmp0/edits/k8liddesk.iff.edit-2.iff
PASS	/tmp/wonderland-iff-oracle-8hydrmp0/edits/k8liddesk.iff.edit-3.iff
validated=64 rejected=0
