PASS	/tmp/wonderland-iff-oracle-8hydrmp0/edits/k8mmbtablelamp.iff.edit-0.iff
PASS	/tmp/wonderland-iff-oracle-8hydrmp0/edits/k8mmbtablelamp.iff.edit-1.iff
PASS	/tmp/wonderland-iff-oracle-8hydrmp0/edits/k8mmbtablelamp.iff.edit-2.iff
PASS	/tmp/wonderland-iff-oracle-8hydrmp0/edits/k8mmbtablelamp.iff.edit-3.iff
PASS	/tmp/wonderland-iff-oracle-8hydrmp0/edits/k8mmbtablelamp.iff.edit-4.iff
PASS	/tmp/wonderland-iff-oracle-8hydrmp0/edits/k8mmbtablemirror.iff.edit-0.iff
PASS	/tmp/wonderland-iff-oracle-8hydrmp0/edits/k8mmbtablemirror.iff.edit-1.iff
PASS	/tmp/wonderland-iff-oracle-8hydrmp0/edits/k8mmbtablemirror.iff.edit-2.iff
PASS	/tmp/wonderland-iff-oracle-8hydrmp0/edits/k8mmbtablemirror.iff.edit-3.iff
PASS	/tmp/wonderland-iff-oracle-8hydrmp0/edits/k8mmbtablemirror.iff.edit-4.iff
PASS	/tmp/wonderland-iff-oracle-8hydrmp0/edits/k8oblcounter2hd.iff.edit-0.iff
PASS	/tmp/wonderland-iff-oracle-8hydrmp0/edits/k8oblcounter2hd.iff.edit-1.iff
PASS	/tmp/wonderland-iff-oracle-8hydrmp0/edits/k8oblcounter2hd.iff.edit-2.iff
PASS	/tmp/wonderland-iff-oracle-8hydrmp0/edits/k8oblcounter2hd.iff.edit-3.iff
PASS	/tmp/wonderland-iff-oracle-8hydrmp0/edits/k8oblcounter2hd.iff.edit-4.iff
PASS	/tmp/wonderland-iff-oracle-8hydrmp0/edits/k8oblcounterhd.iff.edit-0.iff
PASS	/tmp/wonderland-iff-oracle-8hydrmp0/edits/k8oblcounterhd.iff.edit-1.iff
PASS	/tmp/wonderland-iff-oracle-8hydrmp0/edits/k8oblcounterhd.iff.edit-2.iff
PASS	/tmp/wonderland-iff-oracle-8hydrmp0/edits/k8oblcounterhd.iff.edit-3.iff
PASS	/tmp/wonderland-iff-oracle-8hydrmp0/edits/k8oblcounterhd.iff.edit-4.iff
PASS	/tmp/wonderland-iff-oracle-8hydrmp0/edits/k8obldiningchairts.iff.edit-0.iff
PASS	/tmp/wonderland-iff-oracle-8hydrmp0/edits/k8obldiningchairts.iff.edit-1.iff
PASS	/tmp/wonderland-iff-oracle-8hydrmp0/edits/k8obldiningchairts.iff.edit-2.iff
PASS	/tmp/wonderland-iff-oracle-8hydrmp0/edits/k8obldiningchairts.iff.edit-3.iff
PASS	/tmp/wonderland-iff-oracle-8hydrmp0/edits/k8obldiningchairts.iff.edit-4.iff
PASS	/tmp/wonderland-iff-oracle-8hydrmp0/edits/k8obldiningtablets.iff.edit-0.iff
PASS	/tmp/wonderland-iff-oracle-8hydrmp0/edits/k8obldiningtablets.iff.edit-1.iff
PASS	/tmp/wonderland-iff-oracle-8hydrmp0/edits/k8obldiningtablets.iff.edit-2.iff
PASS	/tmp/wonderland-iff-oracle-8hydrmp0/edits/k8obldiningtablets.iff.edit-3.iff
PASS	/tmp/wonderland-iff-oracle-8hydrmp0/edits/k8obldiningtablets.iff.edit-4.iff
PASS	/tmp/wonderland-iff-oracle-8hydrmp0/edits/k8obldishwasherll.iff.edit-0.iff
PASS	/tmp/wonderland-iff-oracle-8hydrmp0/edits/k8obldishwasherll.iff.edit-1.iff
PASS	/tmp/wonderland-iff-oracle-8hydrmp0/edits/k8obldishwasherll.iff.edit-2.iff
PASS	/tmp/wonderland-iff-oracle-8hydrmp0/edits/k8obldishwasherll.iff.edit-3.iff
PASS	/tmp/wonderland-iff-oracle-8hydrmp0/edits/k8obldishwasherll.iff.edit-4.iff
PASS	/tmp/wonderland-iff-oracle-8hydrmp0/edits/k8oblfridgehd.iff.edit-0.iff
PASS	/tmp/wonderland-iff-oracle-8hydrmp0/edits/k8oblfridgehd.iff.edit-1.iff
PASS	/tmp/wonderland-iff-oracle-8hydrmp0/edits/k8oblfridgehd.iff.edit-2.iff
PASS	/tmp/wonderland-iff-oracle-8hydrmp0/edits/k8oblfridgehd.iff.edit-3.iff
PASS	/tmp/wonderland-iff-oracle-8hydrmp0/edits/k8oblfridgehd.iff.edit-4.iff
PASS	/tmp/wonderland-iff-oracle-8hydrmp0/edits/k8oblmicrowavets.iff.edit-0.iff
PASS	/tmp/wonderland-iff-oracle-8hydrmp0/edits/k8oblmicrowavets.iff.edit-1.iff
PASS	/tmp/wonderland-iff-oracle-8hydrmp0/edits/k8oblmicrowavets.iff.edit-2.iff
PASS	/tmp/wonderland-iff-oracle-8hydrmp0/edits/k8oblmicrowavets.iff.edit-3.iff
PASS	/tmp/wonderland-iff-oracle-8hydrmp0/edits/k8oblmicrowavets.iff.edit-4.iff
PASS	/tmp/wonderland-iff-oracle-8hydrmp0/edits/k8oblnectarbarmm.iff.edit-0.iff
PASS	/tmp/wonderland-iff-oracle-8hydrmp0/edits/k8oblnectarbarmm.iff.edit-1.iff
PASS	/tmp/wonderland-iff-oracle-8hydrmp0/edits/k8oblnectarbarmm.iff.edit-2.iff
PASS	/tmp/wonderland-iff-oracle-8hydrmp0/edits/k8oblnectarbarmm.iff.edit-3.iff
PASS	/tmp/wonderland-iff-oracle-8hydrmp0/edits/k8oblnectarbarmm.iff.edit-4.iff
PASS	/tmp/wonderland-iff-oracle-8hydrmp0/edits/k8oblpantryul.iff.edit-0.iff
PASS	/tmp/wonderland-iff-oracle-8hydrmp0/edits/k8oblpantryul.iff.edit-1.iff
PASS	/tmp/wonderland-iff-oracle-8hydrmp0/edits/k8oblpantryul.iff.edit-2.iff
PASS	/tmp/wonderland-iff-oracle-8hydrmp0/edits/k8oblpantryul.iff.edit-3.iff
PASS	/tmp/wonderland-iff-oracle-8hydrmp0/edits/k8oblpantryul.iff.edit-4.iff
PASS	/tmp/wonderland-iff-oracle-8hydrmp0/edits/k8oblreceipeibookmm.iff.edit-0.iff
PASS	/tmp/wonderland-iff-oracle-8hydrmp0/edits/k8oblreceipeibookmm.iff.edit-1.iff
PASS	/tmp/wonderland-iff-oracle-8hydrmp0/edits/k8oblreceipeibookmm.iff.edit-2.iff
PASS	/tmp/wonderland-iff-oracle-8hydrmp0/edits/k8oblreceipeibookmm.iff.edit-3.iff
PASS	/tmp/wonderland-iff-oracle-8hydrmp0/edits/k8oblreceipeibookmm.iff.edit-4.iff
PASS	/tmp/wonderland-iff-oracle-8hydrmp0/edits/k8oblstovehd.iff.edit-0.iff
PASS	/tmp/wonderland-iff-oracle-8hydrmp0/edits/k8oblstovehd.iff.edit-1.iff
PASS	/tmp/wonderland-iff-oracle-8hydrmp0/edits/k8oblstovehd.iff.edit-2.iff
PASS	/tmp/wonderland-iff-oracle-8hydrmp0/edits/k8oblstovehd.iff.edit-3.iff
validated=64 rejected=0
