    Checking simd-adler32 v0.3.10
    Checking typenum v1.20.1
    Checking cfg-if v1.0.5
    Checking adler2 v2.0.1
    Checking crc32fast v1.5.2
    Checking miniz_oxide v0.9.1
    Checking generic-array v0.14.7
    Checking flate2 v1.1.10
    Checking serde_core v1.0.229
    Checking block-buffer v0.10.4
    Checking crypto-common v0.1.7
    Checking digest v0.10.7
    Checking miniz_oxide v0.8.9
    Checking fdeflate v0.3.7
    Checking memchr v2.8.3
    Checking cpufeatures v0.2.17
    Checking bitflags v2.13.2
    Checking png v0.18.1
    Checking serde v1.0.229
    Checking sha2 v0.10.9
    Checking quick-xml v0.38.4
    Checking wonderland-legacy-formats v0.1.0 (/workspace/scratch/378e4c36af7b/wonderland/crates/legacy-formats)
    Finished `dev` profile [unoptimized] target(s) in 10.38s
