    Checking simd-adler32 v0.3.10
    Checking typenum v1.20.1
    Checking adler2 v2.0.1
    Checking cfg-if v1.0.5
    Checking crc32fast v1.5.2
    Checking serde_core v1.0.229
    Checking generic-array v0.14.7
    Checking crypto-common v0.1.7
    Checking block-buffer v0.10.4
    Checking miniz_oxide v0.9.1
    Checking memchr v2.8.3
    Checking flate2 v1.1.10
    Checking digest v0.10.7
    Checking miniz_oxide v0.8.9
    Checking fdeflate v0.3.7
    Checking cpufeatures v0.2.17
    Checking bitflags v2.13.2
    Checking sha2 v0.10.9
    Checking serde v1.0.229
    Checking png v0.18.1
    Checking quick-xml v0.38.4
    Checking zmij v1.0.23
    Checking itoa v1.0.18
    Checking wonderland-legacy-formats v0.1.0 (/workspace/scratch/378e4c36af7b/wonderland/crates/legacy-formats)
    Checking serde_json v1.0.151
    Checking wonderland-content-ir v0.1.0 (/workspace/scratch/378e4c36af7b/wonderland/crates/content-ir)
    Finished `dev` profile [unoptimized] target(s) in 8.50s
