   Compiling proc-macro2 v1.0.107
   Compiling quote v1.0.47
   Compiling unicode-ident v1.0.26
   Compiling version_check v0.9.5
   Compiling memchr v2.8.3
   Compiling serde_core v1.0.229
   Compiling syn v3.0.6
   Compiling cfg-if v1.0.5
   Compiling pin-project-lite v0.2.17
   Compiling wasm-bindgen-shared v0.2.129
   Compiling semver v1.0.28
   Compiling rustc_version v0.4.1
   Compiling thiserror v2.0.21
   Compiling serde v1.0.229
   Compiling futures-core v0.3.34
   Compiling rustversion v1.0.23
   Compiling synstructure v0.14.0
   Compiling generic-array v0.14.7
   Compiling futures-sink v0.3.34
   Compiling futures-channel v0.3.34
   Compiling serde_derive v1.0.229
   Compiling thiserror-impl v2.0.21
   Compiling futures-macro v0.3.34
   Compiling bumpalo v3.20.3
   Compiling futures-task v0.3.34
   Compiling slab v0.4.12
   Compiling futures-io v0.3.34
   Compiling wasm-bindgen-macro-support v0.2.129
   Compiling futures-util v0.3.34
   Compiling wasm-bindgen v0.2.129
   Compiling zerofrom-derive v0.1.8
   Compiling syn v2.0.119
   Compiling wasm-bindgen-macro v0.2.129
   Compiling zerofrom v0.1.8
   Compiling yoke-derive v0.8.4
   Compiling once_cell v1.21.4
   Compiling stable_deref_trait v1.2.1
   Compiling yoke v0.8.3
   Compiling zerovec-derive v0.11.6
   Compiling js-sys v0.3.106
   Compiling zerovec v0.11.8
   Compiling displaydoc v0.2.7
   Compiling zmij v1.0.23
   Compiling unicode-segmentation v1.13.3
   Compiling convert_case v0.11.0
   Compiling serde_json v1.0.151
   Compiling itoa v1.0.18
   Compiling tinystr v0.8.4
   Compiling futures-executor v0.3.34
   Compiling proc-macro2-diagnostics v0.11.0
   Compiling litemap v0.8.3
   Compiling writeable v0.6.4
   Compiling icu_locale_core v2.3.0
   Compiling futures v0.3.34
   Compiling zerotrie v0.2.5
   Compiling potential_utf v0.1.6
   Compiling paste v1.0.15
   Compiling typenum v1.20.1
   Compiling web-sys v0.3.106
   Compiling wasm-bindgen-futures v0.4.79
   Compiling or_poisoned v0.1.0
   Compiling icu_properties_data v2.3.0
   Compiling smallvec v1.16.2
   Compiling icu_normalizer_data v2.3.0
   Compiling unicode-xid v0.2.6
   Compiling simd-adler32 v0.3.10
   Compiling utf8_iter v1.0.4
   Compiling icu_collections v2.3.0
   Compiling const_format_proc_macros v0.2.34
   Compiling proc-macro-utils v0.10.0
   Compiling icu_provider v2.3.1
   Compiling event-listener v5.4.2
   Compiling throw_error v0.3.1
   Compiling slotmap v1.1.1
   Compiling konst_macro_rules v0.2.19
   Compiling equivalent v1.0.2
   Compiling crc32fast v1.5.2
   Compiling anyhow v1.0.104
   Compiling adler2 v2.0.1
   Compiling rstml v0.13.1
   Compiling camino v1.2.6
   Compiling hashbrown v0.17.1
   Compiling indexmap v2.14.2
   Compiling konst v0.2.20
   Compiling event-listener-strategy v0.5.4
   Compiling send_wrapper v0.6.0
   Compiling server_fn_macro v0.8.12
   Compiling reactive_graph v0.2.15
   Compiling icu_normalizer v2.3.0
   Compiling icu_properties v2.3.0
   Compiling async-lock v3.4.2
   Compiling const_format v0.2.36
   Compiling miniz_oxide v0.9.1
   Compiling hydration_context v0.3.2
   Compiling block-buffer v0.10.4
   Compiling crypto-common v0.1.7
   Compiling any_spawner v0.3.0
   Compiling derive-where v1.7.0
   Compiling guardian v1.3.0
   Compiling either v1.18.0
   Compiling thiserror v1.0.69
   Compiling libc v0.2.190
   Compiling xxhash-rust v0.8.19
   Compiling rustc-hash v2.1.3
   Compiling percent-encoding v2.3.2
   Compiling itertools v0.14.0
   Compiling digest v0.10.7
   Compiling flate2 v1.1.10
   Compiling idna_adapter v1.2.2
   Compiling miniz_oxide v0.8.9
   Compiling manyhow-macros v0.14.0
   Compiling quote-use-macros v0.9.0
   Compiling fdeflate v0.3.7
   Compiling reactive_stores_macro v0.4.4
   Compiling pin-project-internal v1.1.13
   Compiling thiserror-impl v1.0.69
   Compiling tachys v0.2.19
   Compiling getrandom v0.4.3
   Compiling prettyplease v0.3.0
   Compiling bitflags v2.13.2
   Compiling winnow v1.0.4
   Compiling bytes v1.12.1
   Compiling toml_parser v1.1.3+spec-1.1.0
   Compiling http v1.5.0
   Compiling png v0.18.1
   Compiling pin-project v1.1.13
   Compiling reactive_stores v0.4.4
   Compiling quote-use v0.9.0
   Compiling manyhow v0.14.0
   Compiling idna v1.1.0
   Compiling sha2 v0.10.9
   Compiling form_urlencoded v1.2.2
   Compiling gloo-utils v0.2.0
   Compiling either_of v0.1.9
   Compiling oco_ref v0.2.1
   Compiling async-trait v0.1.92
   Compiling server_fn v0.8.13
   Compiling aho-corasick v1.1.5
   Compiling quick-xml v0.38.4
   Compiling next_tuple v0.1.0
   Compiling serde_spanned v1.1.1
   Compiling interpolator v0.5.0
   Compiling const_str_slice_concat v0.1.0
   Compiling same-file v1.0.6
   Compiling collection_literals v1.0.3
   Compiling toml_datetime v1.1.1+spec-1.1.0
   Compiling html-escape v0.2.15
   Compiling cpufeatures v0.2.17
   Compiling erased v0.1.2
   Compiling drain_filter_polyfill v0.1.3
   Compiling regex-syntax v0.8.11
   Compiling regex-automata v0.4.18
   Compiling convert_case v0.6.0
   Compiling toml v1.1.6+spec-1.1.0
   Compiling attribute-derive-macro v0.11.0
   Compiling walkdir v2.5.0
   Compiling wonderland-legacy-formats v0.1.0 (/workspace/scratch/378e4c36af7b/wonderland/crates/legacy-formats)
   Compiling gloo-net v0.6.0
   Compiling url v2.5.8
   Compiling server_fn_macro_default v0.8.6
   Compiling wasm-streams v0.5.0
   Compiling serde_qs v0.15.0
   Compiling typed-builder-macro v0.23.2
   Compiling leptos_macro v0.8.19
   Compiling const-str v1.1.0
   Compiling base64 v0.22.1
   Compiling base16 v0.2.1
   Compiling pathdiff v0.2.3
   Compiling wasm_split_macros v0.2.2
   Compiling config v0.15.27
   Compiling leptos_hot_reload v0.8.7
   Compiling typed-builder v0.23.2
   Compiling uuid v1.27.0
   Compiling wonderland-content-ir v0.1.0 (/workspace/scratch/378e4c36af7b/wonderland/crates/content-ir)
   Compiling attribute-derive v0.11.0
   Compiling regex v1.13.1
   Compiling codee v0.3.5
   Compiling convert_case_extras v0.2.0
   Compiling leptos v0.8.21
   Compiling async-once-cell v0.5.4
   Compiling wasm_split_helpers v0.2.3
   Compiling leptos_server v0.8.8
   Compiling leptos_config v0.8.10
   Compiling wonderland-asset-cooker v0.1.0 (/workspace/scratch/378e4c36af7b/wonderland/tools/asset-cooker)
   Compiling leptos_dom v0.8.8
   Compiling wonderland-creator v0.1.0 (/workspace/scratch/378e4c36af7b/wonderland/tools/creator)
   Compiling console_error_panic_hook v0.1.7
   Compiling wonderland-creator-web v0.1.0 (/workspace/scratch/378e4c36af7b/wonderland/tools/creator-web)
    Finished `release` profile [optimized] target(s) in 2m 40s
Creator web built in /workspace/scratch/378e4c36af7b/creator-web-verified-dist
