    Checking memchr v2.8.3
    Checking cfg-if v1.0.5
    Checking unicode-ident v1.0.26
    Checking pin-project-lite v0.2.17
    Checking serde_core v1.0.229
    Checking futures-core v0.3.34
    Checking futures-sink v0.3.34
    Checking futures-channel v0.3.34
    Checking futures-io v0.3.34
    Checking futures-task v0.3.34
    Checking slab v0.4.12
    Checking futures-util v0.3.34
    Checking serde v1.0.229
    Checking zerofrom v0.1.8
    Checking wasm-bindgen-shared v0.2.129
    Checking once_cell v1.21.4
    Checking stable_deref_trait v1.2.1
    Checking yoke v0.8.3
    Checking wasm-bindgen v0.2.129
    Checking thiserror v2.0.21
    Checking zerovec v0.11.8
    Checking itoa v1.0.18
    Checking zmij v1.0.23
    Checking tinystr v0.8.4
    Checking js-sys v0.3.106
    Checking futures-executor v0.3.34
    Checking writeable v0.6.4
    Checking litemap v0.8.3
    Checking icu_locale_core v2.3.0
    Checking futures v0.3.34
    Checking serde_json v1.0.151
    Checking zerotrie v0.2.5
    Checking potential_utf v0.1.6
    Checking simd-adler32 v0.3.10
    Checking utf8_iter v1.0.4
    Checking typenum v1.20.1
    Checking or_poisoned v0.1.0
    Checking generic-array v0.14.7
    Checking icu_collections v2.3.0
    Checking icu_provider v2.3.1
    Checking event-listener v5.4.2
    Checking throw_error v0.3.1
    Checking hashbrown v0.17.1
    Checking equivalent v1.0.2
    Checking adler2 v2.0.1
    Checking indexmap v2.14.2
    Checking event-listener-strategy v0.5.4
    Checking icu_properties_data v2.3.0
    Checking icu_normalizer_data v2.3.0
    Checking send_wrapper v0.6.0
    Checking smallvec v1.16.2
    Checking icu_normalizer v2.3.0
    Checking proc-macro2 v1.0.107
    Checking icu_properties v2.3.0
    Checking async-lock v3.4.2
    Checking wasm-bindgen-futures v0.4.79
    Checking web-sys v0.3.106
    Checking any_spawner v0.3.0
    Checking slotmap v1.1.1
    Checking crc32fast v1.5.2
    Checking miniz_oxide v0.9.1
    Checking hydration_context v0.3.2
    Checking block-buffer v0.10.4
    Checking crypto-common v0.1.7
    Checking guardian v1.3.0
    Checking percent-encoding v2.3.2
    Checking either v1.18.0
    Checking rustc-hash v2.1.3
    Checking itertools v0.14.0
    Checking quote v1.0.47
    Checking digest v0.10.7
    Checking flate2 v1.1.10
    Checking idna_adapter v1.2.2
    Checking miniz_oxide v0.8.9
    Checking fdeflate v0.3.7
    Checking bytes v1.12.1
    Checking winnow v1.0.4
    Checking bitflags v2.13.2
    Checking konst_macro_rules v0.2.19
    Checking konst v0.2.20
    Checking png v0.18.1
    Checking toml_parser v1.1.3+spec-1.1.0
    Checking http v1.5.0
    Checking pin-project v1.1.13
    Checking thiserror v1.0.69
    Checking idna v1.1.0
    Checking sha2 v0.10.9
    Checking syn v3.0.6
    Checking form_urlencoded v1.2.2
    Checking either_of v0.1.9
    Checking oco_ref v0.2.1
    Checking quick-xml v0.38.4
    Checking aho-corasick v1.1.5
    Checking regex-syntax v0.8.11
    Checking toml_datetime v1.1.1+spec-1.1.0
    Checking const_str_slice_concat v0.1.0
    Checking drain_filter_polyfill v0.1.3
    Checking next_tuple v0.1.0
    Checking erased v0.1.2
    Checking unicode-segmentation v1.13.3
    Checking serde_spanned v1.1.1
    Checking html-escape v0.2.15
    Checking toml v1.1.6+spec-1.1.0
    Checking convert_case v0.6.0
    Checking regex-automata v0.4.18
    Checking reactive_graph v0.2.15
    Checking gloo-utils v0.2.0
    Checking gloo-net v0.6.0
    Checking wasm-streams v0.5.0
    Checking wonderland-legacy-formats v0.1.0 (/workspace/scratch/378e4c36af7b/wonderland/crates/legacy-formats)
    Checking reactive_stores v0.4.4
    Checking tachys v0.2.19
    Checking proc-macro2-diagnostics v0.11.0
    Checking url v2.5.8
    Checking const_format v0.2.36
    Checking serde_qs v0.15.0
    Checking pathdiff v0.2.3
    Checking const-str v1.1.0
    Checking xxhash-rust v0.8.19
    Checking same-file v1.0.6
    Checking base64 v0.22.1
    Checking server_fn v0.8.13
    Checking walkdir v2.5.0
    Checking config v0.15.27
    Checking typed-builder v0.23.2
    Checking rstml v0.13.1
    Checking camino v1.2.6
    Checking anyhow v1.0.104
    Checking wonderland-content-ir v0.1.0 (/workspace/scratch/378e4c36af7b/wonderland/crates/content-ir)
    Checking regex v1.13.1
    Checking codee v0.3.5
    Checking async-once-cell v0.5.4
    Checking wasm_split_helpers v0.2.3
    Checking leptos_config v0.8.10
    Checking wonderland-asset-cooker v0.1.0 (/workspace/scratch/378e4c36af7b/wonderland/tools/asset-cooker)
    Checking leptos_hot_reload v0.8.7
    Checking wonderland-creator v0.1.0 (/workspace/scratch/378e4c36af7b/wonderland/tools/creator)
    Checking console_error_panic_hook v0.1.7
    Checking leptos_server v0.8.8
    Checking leptos_dom v0.8.8
    Checking leptos v0.8.21
    Checking wonderland-creator-web v0.1.0 (/workspace/scratch/378e4c36af7b/wonderland/tools/creator-web)
    Finished `release` profile [optimized] target(s) in 53.81s
