A revision 8a0e251d19e222a0a6833d7408ca629f674e1729; manifest /tmp/wonderland-b-verify-root/wonderland-b-runtime-wpnq4jwb/assembly/crates/content-runtime-bridge/Cargo.toml
    Checking typenum v1.20.1
    Checking cfg-if v1.0.5
    Checking simd-adler32 v0.3.10
    Checking adler2 v2.0.1
    Checking serde v1.0.195
    Checking generic-array v0.14.7
    Checking block-buffer v0.10.4
    Checking crypto-common v0.1.7
    Checking digest v0.10.7
    Checking crc32fast v1.5.2
    Checking miniz_oxide v0.9.1
    Checking cpufeatures v0.2.17
    Checking sha2 v0.10.8
    Checking flate2 v1.1.10
    Checking miniz_oxide v0.8.9
    Checking fdeflate v0.3.7
    Checking memchr v2.8.3
    Checking bitflags v2.13.2
    Checking png v0.18.1
    Checking quick-xml v0.38.4
    Checking itoa v1.0.18
    Checking ryu v1.0.23
    Checking wonderland-legacy-formats v0.1.0 (/tmp/wonderland-b-verify-root/wonderland-b-runtime-wpnq4jwb/assembly/crates/legacy-formats)
    Checking serde_json v1.0.111
    Checking bincode v1.3.3
    Checking sim-core v0.1.0 (/tmp/wonderland-b-verify-root/wonderland-b-runtime-wpnq4jwb/assembly/crates/sim-core)
    Checking wonderland-content-ir v0.1.0 (/tmp/wonderland-b-verify-root/wonderland-b-runtime-wpnq4jwb/assembly/crates/content-ir)
    Checking wonderland-asset-cooker v0.1.0 (/tmp/wonderland-b-verify-root/wonderland-b-runtime-wpnq4jwb/assembly/tools/asset-cooker)
    Checking wonderland-creator v0.1.0 (/tmp/wonderland-b-verify-root/wonderland-b-runtime-wpnq4jwb/assembly/tools/creator)
    Checking wonderland-interactions-check v0.0.0 (/tmp/wonderland-b-verify-root/wonderland-b-runtime-wpnq4jwb/assembly/tools/swarm-b-check/interactions)
    Checking wonderland-content-runtime-bridge v0.1.0 (/tmp/wonderland-b-verify-root/wonderland-b-runtime-wpnq4jwb/assembly/crates/content-runtime-bridge)
    Finished `dev` profile [unoptimized] target(s) in 19.60s
