toolchain: PASS
formats-tests: PASS
formats-fmt: PASS
formats-clippy: PASS
formats-wasm32: PASS
original-indexed-iff-reader: PASS
original-sprite-writer: PASS
original-sprite-reader: PASS
original-avatar-text-compile: PASS
original-avatar-text-reader: PASS
content-tests: PASS
content-fmt: PASS
content-clippy: PASS
content-wasm32: PASS
pinned-content-census: PASS
manifest-tests: PASS
manifest-fmt: PASS
manifest-clippy: PASS
interactions-tests: PASS
interactions-fmt: PASS
interactions-clippy: PASS
interactions-wasm32: PASS
eod-tests: PASS
eod-fmt: PASS
eod-clippy: PASS
eod-native-boundary: PASS
eod-oracle-comparator-tests: PASS
original-eod-handlers: PASS
original-eod-casino: PASS
original-eod-social: PASS
original-eod-service: PASS
creator-tests: PASS
creator-fmt: PASS
creator-clippy: PASS
cooker-tests: PASS
cooker-fmt: PASS
cooker-clippy: PASS
cooker-demo: PASS
cooker-rebuild: PASS
cooker-verify: PASS
creator-web-tests: PASS
creator-web-fmt: PASS
creator-web-clippy: PASS
creator-browser-build: PASS
creator-browser-clippy: PASS
creator-browser-workflows: PASS
eod-census: PASS
object-census: PASS
catalog-tests: PASS
native-wasm-execution: PASS
original-far3-reader: PASS
runtime-assembly-path-tests: PASS
runtime-bridge-tests: PASS
runtime-bridge-fmt: PASS
runtime-bridge-clippy: PASS
runtime-bridge-wasm32: PASS
runtime-source-native-wasi: PASS
runtime-cooked-native-wasi: PASS
runtime-families-native-wasi: PASS
Verification PASS; logs: /workspace/scratch/378e4c36af7b/swarm-b-remaining-verified
