toolchain: PASS
formats-tests: PASS
formats-fmt: PASS
formats-clippy: PASS
formats-wasm32: PASS
original-indexed-iff-reader: PASS
original-sprite-writer: PASS
original-sprite-reader: PASS
original-avatar-text-compile: PASS
original-avatar-text-reader: PASS
content-tests: PASS
content-fmt: PASS
content-clippy: PASS
content-wasm32: PASS
pinned-content-census: PASS
manifest-tests: PASS
manifest-fmt: PASS
manifest-clippy: PASS
interactions-tests: PASS
interactions-fmt: PASS
interactions-clippy: PASS
interactions-wasm32: PASS
eod-tests: PASS
eod-fmt: PASS
eod-clippy: PASS
eod-native-boundary: PASS
eod-oracle-comparator-tests: PASS
original-eod-handlers: PASS
original-eod-casino: PASS
original-eod-social: PASS
original-eod-service: PASS
creator-tests: PASS
creator-fmt: PASS
creator-clippy: PASS
cooker-tests: PASS
cooker-fmt: PASS
cooker-clippy: PASS
cooker-demo: PASS
cooker-rebuild: PASS
cooker-verify: PASS
creator-web-tests: PASS
creator-web-fmt: PASS
creator-web-clippy: PASS
creator-browser-build: PASS
creator-browser-clippy: PASS
creator-browser-workflows: PASS
[Errno 39] Directory not empty: '/workspace/scratch/378e4c36af7b/build-temp/wonderland-b-creator-web-404wie4g/wasm32-unknown-unknown/release'
Verification FAIL; logs: /workspace/scratch/378e4c36af7b/swarm-b-remaining-verification-final
